05-18 23:44:21.934  7384  7405 I TestRunner: started: accessAppWithPasswordTest(it.feio.android.omninotes.ui.accessOmniNotePasswordTest)
05-18 23:44:21.974  1431  1708 I A       : NGA disabled due to not being eligible.
05-18 23:44:22.030  7384  7405 I GrantPermissionCallable: Permission: android.permission.ACCESS_FINE_LOCATION is already granted!
05-18 23:44:22.032  7384  7405 I GrantPermissionCallable: Permission: android.permission.READ_EXTERNAL_STORAGE is already granted!
05-18 23:44:22.032  7384  7405 I GrantPermissionCallable: Permission: android.permission.RECORD_AUDIO is already granted!
05-18 23:44:22.033  7384  7405 I GrantPermissionCallable: Permission: android.permission.ACCESS_COARSE_LOCATION is already granted!
05-18 23:44:22.034  7384  7405 I GrantPermissionCallable: Permission: android.permission.WRITE_EXTERNAL_STORAGE is already granted!
05-18 23:44:22.042  7384  7408 V UiAutomation: Init UiAutomation@d1d981[id=9, flags=0]
05-18 23:44:22.063  7384  7384 D CompatibilityChangeReporter: Compat change id reported: 119147584; UID 10150; state: DISABLED
05-18 23:44:22.063  7384  7405 W ActivityTestRule: getActivityIntent() returned null using default: Intent(Intent.ACTION_MAIN)
05-18 23:44:22.102   692   900 D SplashScreenView: Build android.window.SplashScreenView{9467713 V.E...... ......ID 0,0-0,0}
05-18 23:44:22.102   692   900 D SplashScreenView: Icon: view: null drawable: null size: 0
05-18 23:44:22.102   692   900 D SplashScreenView: Branding: view: android.view.View{6faad50 G.ED..... ......I. 0,0-0,0 #10204a9 android:id/splashscreen_branding_view} drawable: null size w: 0 h: 0
05-18 23:44:22.122   515  3325 W InputReader: Device virtio_input_multi_touch_10 is associated with display ADISPLAY_ID_NONE.
05-18 23:44:22.122   515  3325 W InputReader: Device virtio_input_multi_touch_6 is associated with display ADISPLAY_ID_NONE.
05-18 23:44:22.122   515  3325 W InputReader: Device virtio_input_multi_touch_7 is associated with display ADISPLAY_ID_NONE.
05-18 23:44:22.122   515  3325 W InputReader: Device virtio_input_multi_touch_3 is associated with display ADISPLAY_ID_NONE.
05-18 23:44:22.123   515  3325 W InputReader: Device virtio_input_multi_touch_11 is associated with display ADISPLAY_ID_NONE.
05-18 23:44:22.123   515  3325 W InputReader: Device virtio_input_multi_touch_4 is associated with display ADISPLAY_ID_NONE.
05-18 23:44:22.123   515  3325 W InputReader: Device virtio_input_multi_touch_9 is associated with display ADISPLAY_ID_NONE.
05-18 23:44:22.123   515  3325 W InputReader: Device virtio_input_multi_touch_5 is associated with display ADISPLAY_ID_NONE.
05-18 23:44:22.123   515  3325 W InputReader: Device virtio_input_multi_touch_8 is associated with display ADISPLAY_ID_NONE.
05-18 23:44:22.123   515  3325 W InputReader: Device virtio_input_multi_touch_2 is associated with display ADISPLAY_ID_NONE.
05-18 23:44:22.124   515  3325 W InputReader: Device virtio_input_multi_touch_10 is associated with display ADISPLAY_ID_NONE.
05-18 23:44:22.124   515  3325 W InputReader: Device virtio_input_multi_touch_6 is associated with display ADISPLAY_ID_NONE.
05-18 23:44:22.124   515  3325 W InputReader: Device virtio_input_multi_touch_7 is associated with display ADISPLAY_ID_NONE.
05-18 23:44:22.124   515  3325 W InputReader: Device virtio_input_multi_touch_3 is associated with display ADISPLAY_ID_NONE.
05-18 23:44:22.124   515  3325 W InputReader: Device virtio_input_multi_touch_11 is associated with display ADISPLAY_ID_NONE.
05-18 23:44:22.124   515  3325 W InputReader: Device virtio_input_multi_touch_4 is associated with display ADISPLAY_ID_NONE.
05-18 23:44:22.124   515  3325 W InputReader: Device virtio_input_multi_touch_9 is associated with display ADISPLAY_ID_NONE.
05-18 23:44:22.124   515  3325 W InputReader: Device virtio_input_multi_touch_5 is associated with display ADISPLAY_ID_NONE.
05-18 23:44:22.124   515  3325 W InputReader: Device virtio_input_multi_touch_8 is associated with display ADISPLAY_ID_NONE.
05-18 23:44:22.124   515  3325 W InputReader: Device virtio_input_multi_touch_2 is associated with display ADISPLAY_ID_NONE.
05-18 23:44:22.141   321   477 D goldfish-address-space: claimShared: Ask to claim region [0x1f0000000 0x1f0928000]
05-18 23:44:22.166   321   477 D goldfish-address-space: claimShared: Ask to claim region [0x1f0928000 0x1f1250000]
05-18 23:44:22.177  1040  1404 D EGL_emulation: app_time_stats: avg=614.32ms min=19.60ms max=1209.03ms count=2
05-18 23:44:22.196  7384  7384 D LifecycleMonitor: Lifecycle status change: it.feio.android.omninotes.MainActivity@7ff37b9 in: PRE_ON_CREATE
05-18 23:44:22.197  7384  7384 W omninotes.alph: Accessing hidden field Landroid/view/ViewConfiguration;->sHasPermanentMenuKey:Z (max-target-p, reflection, denied)
05-18 23:44:22.198  7384  7384 W CheckListView: Just a little issue in physical menu button management
05-18 23:44:22.198  7384  7384 W CheckListView: java.lang.NoSuchFieldException: No field sHasPermanentMenuKey in class Landroid/view/ViewConfiguration; (declaration of 'android.view.ViewConfiguration' appears in /system/framework/framework.jar!classes3.dex)
05-18 23:44:22.198  7384  7384 W CheckListView: 	at java.lang.Class.getDeclaredField(Native Method)
05-18 23:44:22.198  7384  7384 W CheckListView: 	at it.feio.android.omninotes.BaseActivity.onCreate(BaseActivity.java:79)
05-18 23:44:22.198  7384  7384 W CheckListView: 	at it.feio.android.omninotes.MainActivity.onCreate(MainActivity.java:95)
05-18 23:44:22.198  7384  7384 W CheckListView: 	at android.app.Activity.performCreate(Activity.java:8054)
05-18 23:44:22.198  7384  7384 W CheckListView: 	at android.app.Activity.performCreate(Activity.java:8034)
05-18 23:44:22.198  7384  7384 W CheckListView: 	at android.app.Instrumentation.callActivityOnCreate(Instrumentation.java:1341)
05-18 23:44:22.198  7384  7384 W CheckListView: 	at androidx.test.runner.MonitoringInstrumentation.callActivityOnCreate(MonitoringInstrumentation.java:779)
05-18 23:44:22.198  7384  7384 W CheckListView: 	at android.app.ActivityThread.performLaunchActivity(ActivityThread.java:3666)
05-18 23:44:22.198  7384  7384 W CheckListView: 	at android.app.ActivityThread.handleLaunchActivity(ActivityThread.java:3842)
05-18 23:44:22.198  7384  7384 W CheckListView: 	at android.app.servertransaction.LaunchActivityItem.execute(LaunchActivityItem.java:103)
05-18 23:44:22.198  7384  7384 W CheckListView: 	at android.app.servertransaction.TransactionExecutor.executeCallbacks(TransactionExecutor.java:135)
05-18 23:44:22.198  7384  7384 W CheckListView: 	at android.app.servertransaction.TransactionExecutor.execute(TransactionExecutor.java:95)
05-18 23:44:22.198  7384  7384 W CheckListView: 	at android.app.ActivityThread$H.handleMessage(ActivityThread.java:2252)
05-18 23:44:22.198  7384  7384 W CheckListView: 	at android.os.Handler.dispatchMessage(Handler.java:106)
05-18 23:44:22.198  7384  7384 W CheckListView: 	at android.os.Looper.loopOnce(Looper.java:201)
05-18 23:44:22.198  7384  7384 W CheckListView: 	at android.os.Looper.loop(Looper.java:288)
05-18 23:44:22.198  7384  7384 W CheckListView: 	at android.app.ActivityThread.main(ActivityThread.java:7842)
05-18 23:44:22.198  7384  7384 W CheckListView: 	at java.lang.reflect.Method.invoke(Native Method)
05-18 23:44:22.198  7384  7384 W CheckListView: 	at com.android.internal.os.RuntimeInit$MethodAndArgsCaller.run(RuntimeInit.java:548)
05-18 23:44:22.198  7384  7384 W CheckListView: 	at com.android.internal.os.ZygoteInit.main(ZygoteInit.java:1003)
05-18 23:44:22.223   321   477 D goldfish-address-space: claimShared: Ask to claim region [0x1f1250000 0x1f1b78000]
05-18 23:44:22.226  1319  1319 I GsaVoiceInteractionSrv: Handling ACTION_STOP_HOTWORD
05-18 23:44:22.232  1319  1319 E HwDetectorWithState: a: 3
05-18 23:44:22.246  7384  7384 I AppCompatViewInflater: app:theme is now deprecated. Please move to using android:theme instead.
05-18 23:44:22.253  7384  7384 D CompatibilityChangeReporter: Compat change id reported: 171228096; UID 10150; state: ENABLED
05-18 23:44:22.269  7384  7384 W omninotes.alph: Accessing hidden method Landroid/view/View;->computeFitSystemWindows(Landroid/graphics/Rect;Landroid/graphics/Rect;)Z (unsupported, reflection, allowed)
05-18 23:44:22.270  7384  7384 W omninotes.alph: Accessing hidden method Landroid/view/ViewGroup;->makeOptionalFitsSystemWindows()V (unsupported, reflection, allowed)
05-18 23:44:22.276  7384  7384 D LifecycleMonitor: Lifecycle status change: it.feio.android.omninotes.MainActivity@7ff37b9 in: CREATED
05-18 23:44:22.278  7384  7384 V CheckListView: Started navigation drawer initialization
05-18 23:44:22.279  7384  7384 V CheckListView: Finished navigation drawer initialization
05-18 23:44:22.279  7384  7384 D LifecycleMonitor: Lifecycle status change: it.feio.android.omninotes.MainActivity@7ff37b9 in: STARTED
05-18 23:44:22.282  7384  7384 D CheckListView: {}
05-18 23:44:22.288  7384  7384 D LifecycleMonitor: Lifecycle status change: it.feio.android.omninotes.MainActivity@7ff37b9 in: RESUMED
05-18 23:44:22.304  7384  7415 D libEGL  : loaded /vendor/lib64/egl/libEGL_emulation.so
05-18 23:44:22.309  7384  7415 D libEGL  : loaded /vendor/lib64/egl/libGLESv1_CM_emulation.so
05-18 23:44:22.313  7384  7415 D libEGL  : loaded /vendor/lib64/egl/libGLESv2_emulation.so
05-18 23:44:22.323  7384  7384 D CheckListView: initNotesList intent: android.intent.action.MAIN
05-18 23:44:22.325  7384  7384 I MockAnalyticsHelper: MockAnalyticsHelper instance methods are empty. No analytic data will be collected.
05-18 23:44:22.353  7384  7384 W RecyclerView: No adapter attached; skipping layout
05-18 23:44:22.354  7384  7416 V CheckListView: Query: SELECT creation,last_modification,title,content,archived,trashed,alarm,reminder_fired,recurrence_rule,latitude,longitude,address,locked,checklist,category_id,name,description,color FROM notes LEFT JOIN categories USING( category_id)  WHERE archived IS NOT 1 AND trashed IS NOT 1  ORDER BY title||content COLLATE NOCASE  ASC
05-18 23:44:22.357  7384  7413 D HostConnection: createUnique: call
05-18 23:44:22.360  7384  7413 D HostConnection: HostConnection::get() New Host Connection established 0x767c6b4290, tid 7413
05-18 23:44:22.363  7384  7413 D HostConnection: HostComposition ext ANDROID_EMU_CHECKSUM_HELPER_v1 ANDROID_EMU_native_sync_v2 ANDROID_EMU_native_sync_v3 ANDROID_EMU_native_sync_v4 ANDROID_EMU_dma_v1 ANDROID_EMU_direct_mem ANDROID_EMU_host_composition_v1 ANDROID_EMU_host_composition_v2 ANDROID_EMU_vulkan ANDROID_EMU_deferred_vulkan_commands ANDROID_EMU_vulkan_null_optional_strings ANDROID_EMU_vulkan_create_resources_with_requirements ANDROID_EMU_YUV_Cache ANDROID_EMU_vulkan_ignored_handles ANDROID_EMU_has_shared_slots_host_memory_allocator ANDROID_EMU_vulkan_free_memory_sync ANDROID_EMU_vulkan_shader_float16_int8 ANDROID_EMU_vulkan_async_queue_submit ANDROID_EMU_vulkan_queue_submit_with_commands ANDROID_EMU_sync_buffer_data ANDROID_EMU_read_color_buffer_dma ANDROID_EMU_hwc_multi_configs GL_OES_EGL_image_external_essl3 GL_OES_vertex_array_object GL_KHR_texture_compression_astc_ldr ANDROID_EMU_host_side_tracing ANDROID_EMU_gles_max_version_3_0
05-18 23:44:22.364   173   173 I hwservicemanager: getTransport: Cannot find entry android.hardware.configstore@1.0::ISurfaceFlingerConfigs/default in either framework or device VINTF manifest.
05-18 23:44:22.364  7384  7413 W OpenGLRenderer: Failed to choose config with EGL_SWAP_BEHAVIOR_PRESERVED, retrying without...
05-18 23:44:22.365  7384  7413 W OpenGLRenderer: Failed to initialize 101010-2 format, error = EGL_SUCCESS
05-18 23:44:22.366  7384  7413 D EGL_emulation: eglCreateContext: 0x767c6b6150: maj 3 min 0 rcv 3
05-18 23:44:22.368  7384  7413 D EGL_emulation: eglMakeCurrent: 0x767c6b6150: ver 3 0 (tinfo 0x789ab90080) (first time)
05-18 23:44:22.373   173   173 I hwservicemanager: getTransport: Cannot find entry android.hardware.graphics.mapper@4.0::IMapper/default in either framework or device VINTF manifest.
05-18 23:44:22.373  7384  7413 I Gralloc4: mapper 4.x is not supported
05-18 23:44:22.373  7384  7413 D HostConnection: createUnique: call
05-18 23:44:22.374  7384  7413 D HostConnection: HostConnection::get() New Host Connection established 0x767c6b6210, tid 7413
05-18 23:44:22.374  7384  7413 D goldfish-address-space: allocate: Ask for block of size 0x100
05-18 23:44:22.374  7384  7413 D goldfish-address-space: allocate: ioctl allocate returned offset 0x1efff8000 size 0x8000
05-18 23:44:22.375   173   173 I hwservicemanager: getTransport: Cannot find entry android.hardware.graphics.allocator@4.0::IAllocator/default in either framework or device VINTF manifest.
05-18 23:44:22.375  7384  7413 W Gralloc4: allocator 4.x is not supported
05-18 23:44:22.375   321   477 D goldfish-address-space: claimShared: Ask to claim region [0x1f1b78000 0x1f24a0000]
05-18 23:44:22.378  7384  7413 D HostConnection: HostComposition ext ANDROID_EMU_CHECKSUM_HELPER_v1 ANDROID_EMU_native_sync_v2 ANDROID_EMU_native_sync_v3 ANDROID_EMU_native_sync_v4 ANDROID_EMU_dma_v1 ANDROID_EMU_direct_mem ANDROID_EMU_host_composition_v1 ANDROID_EMU_host_composition_v2 ANDROID_EMU_vulkan ANDROID_EMU_deferred_vulkan_commands ANDROID_EMU_vulkan_null_optional_strings ANDROID_EMU_vulkan_create_resources_with_requirements ANDROID_EMU_YUV_Cache ANDROID_EMU_vulkan_ignored_handles ANDROID_EMU_has_shared_slots_host_memory_allocator ANDROID_EMU_vulkan_free_memory_sync ANDROID_EMU_vulkan_shader_float16_int8 ANDROID_EMU_vulkan_async_queue_submit ANDROID_EMU_vulkan_queue_submit_with_commands ANDROID_EMU_sync_buffer_data ANDROID_EMU_read_color_buffer_dma ANDROID_EMU_hwc_multi_configs GL_OES_EGL_image_external_essl3 GL_OES_vertex_array_object GL_KHR_texture_compression_astc_ldr ANDROID_EMU_host_side_tracing ANDROID_EMU_gles_max_version_3_0
05-18 23:44:22.381  7384  7416 V CheckListView: Query: Retrieval finished!
05-18 23:44:22.423   321   477 D goldfish-address-space: claimShared: Ask to claim region [0x1f6e8c000 0x1f77b4000]
05-18 23:44:22.433   515   535 I ActivityTaskManager: Displayed it.feio.android.omninotes.alpha/it.feio.android.omninotes.MainActivity: +366ms
05-18 23:44:22.441   515  2939 W InputManager-JNI: Input channel object '6d479f5 Splash Screen it.feio.android.omninotes.alpha (client)' was disposed without first being removed with the input manager!
05-18 23:44:22.476   321   477 D goldfish-address-space: claimShared: Ask to claim region [0x1f0000000 0x1f0928000]
05-18 23:44:22.536  7384  7384 D CheckListView: it.feio.android.omninotes.async.bus.NotesLoadedEvent
05-18 23:44:22.542  7384  7384 V CheckListView: Started navigation drawer initialization
05-18 23:44:22.543  7384  7384 V CheckListView: Finished navigation drawer initialization
05-18 23:44:22.544  7384  7384 V CheckListView: Finished main menu initialization
05-18 23:44:22.545  7384  7384 V CheckListView: Finished categories menu initialization
05-18 23:44:22.546  7384  7416 V CheckListView: Query: SELECT creation,last_modification,title,content,archived,trashed,alarm,reminder_fired,recurrence_rule,latitude,longitude,address,locked,checklist,category_id,name,description,color FROM notes LEFT JOIN categories USING( category_id)  ORDER BY title||content COLLATE NOCASE  ASC
05-18 23:44:22.546  7384  7416 V CheckListView: Query: Retrieval finished!
05-18 23:44:22.546  7384  7416 D CheckListView: Dynamic menu finished counting items
05-18 23:44:22.554  1280  1280 I GoogleInputMethodService: GoogleInputMethodService.onFinishInput():3269
05-18 23:44:22.555  1280  1280 I GoogleInputMethodService: GoogleInputMethodService.onStartInput():1947
05-18 23:44:22.556  1280  1280 I DeviceUnlockedTag: DeviceUnlockedTag.notifyDeviceLockStatusChanged():79 Notify device unlocked.
05-18 23:44:22.576  1280  1280 I GoogleInputMethodService: GoogleInputMethodService.onFinishInput():3269
05-18 23:44:22.577  1280  1280 I GoogleInputMethodService: GoogleInputMethodService.onStartInput():1947
05-18 23:44:22.577  1280  1280 I DeviceUnlockedTag: DeviceUnlockedTag.notifyDeviceLockStatusChanged():79 Notify device unlocked.
05-18 23:44:22.581  7384  7384 W InputMethodManager: Ignoring onBind: cur seq=77, given seq=76
05-18 23:44:22.605  7384  7405 W FileTestStorage: Output properties is not supported.
05-18 23:44:22.605  7384  7405 I Tracing : Tracer added: class androidx.test.platform.tracing.AndroidXTracer
05-18 23:44:22.607  7384  7405 D EventInjectionStrategy: Creating injection strategy with input manager.
05-18 23:44:22.607  7384  7405 W omninotes.alph: Accessing hidden method Landroid/hardware/input/InputManager;->getInstance()Landroid/hardware/input/InputManager; (unsupported, reflection, allowed)
05-18 23:44:22.608  7384  7405 W omninotes.alph: Accessing hidden method Landroid/hardware/input/InputManager;->injectInputEvent(Landroid/view/InputEvent;I)Z (unsupported, reflection, allowed)
05-18 23:44:22.608  7384  7405 W omninotes.alph: Accessing hidden field Landroid/hardware/input/InputManager;->INJECT_INPUT_EVENT_MODE_WAIT_FOR_FINISH:I (unsupported, reflection, allowed)
05-18 23:44:22.633  7384  7405 W omninotes.alph: Accessing hidden method Landroid/view/ViewConfiguration;->getDoubleTapMinTime()I (unsupported, reflection, allowed)
05-18 23:44:22.635  7384  7405 W FileTestStorage: Test input args is not supported.
05-18 23:44:22.637  7384  7384 W omninotes.alph: Accessing hidden method Landroid/os/MessageQueue;->next()Landroid/os/Message; (unsupported, reflection, allowed)
05-18 23:44:22.638  7384  7384 W omninotes.alph: Accessing hidden field Landroid/os/MessageQueue;->mMessages:Landroid/os/Message; (unsupported, reflection, allowed)
05-18 23:44:22.638  7384  7384 W omninotes.alph: Accessing hidden method Landroid/os/Message;->recycleUnchecked()V (unsupported, reflection, allowed)
05-18 23:44:22.640  7384  7384 W omninotes.alph: Accessing hidden method Landroid/view/WindowManagerGlobal;->getInstance()Landroid/view/WindowManagerGlobal; (unsupported, reflection, allowed)
05-18 23:44:22.640  7384  7384 W omninotes.alph: Accessing hidden field Landroid/view/WindowManagerGlobal;->mViews:Ljava/util/ArrayList; (unsupported, reflection, allowed)
05-18 23:44:22.640  7384  7384 W omninotes.alph: Accessing hidden field Landroid/view/WindowManagerGlobal;->mParams:Ljava/util/ArrayList; (unsupported, reflection, allowed)
05-18 23:44:22.642  7384  7384 I ViewInteraction: Performing 'single click' action on view (view.getContentDescription() is "drawer open" and Child at position 1 in parent (view.getId() is <2131296990/it.feio.android.omninotes.alpha:id/toolbar> and Child at position 0 in parent view.getClass().getName() matches: is "android.widget.RelativeLayout") and (view has effective visibility <VISIBLE> and view.getGlobalVisibleRect() to return non-empty rectangle))
05-18 23:44:22.645  1040  1040 D TaplEvents: TIS / TouchInteractionService.onInputEvent: MotionEvent { action=ACTION_DOWN, actionButton=0, id[0]=0, x[0]=76.5, y[0]=142.5, toolType[0]=TOOL_TYPE_UNKNOWN, buttonState=BUTTON_PRIMARY, classification=NONE, metaState=0, flags=0x0, edgeFlags=0x0, pointerCount=1, historySize=0, eventTime=928082, downTime=928082, deviceId=-1, source=0x1002, displayId=0, eventId=-79010250 }
05-18 23:44:22.652   321   477 D goldfish-address-space: claimShared: Ask to claim region [0x1f3e4c000 0x1f3e80000]
05-18 23:44:22.654   368   465 I BpBinder: onLastStrongRef automatically unlinking death recipients: <uncached descriptor>
05-18 23:44:22.656   321   477 D goldfish-address-space: claimShared: Ask to claim region [0x1f3e80000 0x1f3eb4000]
05-18 23:44:22.657   321   477 D goldfish-address-space: claimShared: Ask to claim region [0x1f3eb4000 0x1f3ee8000]
05-18 23:44:22.668   321   477 D goldfish-address-space: claimShared: Ask to claim region [0x1f24a0000 0x1f2980000]
05-18 23:44:22.685  1040  1040 D TaplEvents: TIS / TouchInteractionService.onInputEvent: MotionEvent { action=ACTION_UP, actionButton=0, id[0]=0, x[0]=76.5, y[0]=142.5, toolType[0]=TOOL_TYPE_FINGER, buttonState=BUTTON_PRIMARY, classification=NONE, metaState=0, flags=0x0, edgeFlags=0x0, pointerCount=1, historySize=0, eventTime=928124, downTime=928082, deviceId=-1, source=0x1002, displayId=0, eventId=-519221424 }
05-18 23:44:22.686   368   465 I BpBinder: onLastStrongRef automatically unlinking death recipients: <uncached descriptor>
05-18 23:44:22.715   310   352 E android.hardware.audio@7.0-impl.ranchu: device/generic/goldfish/audio/stream_out.cpp:updateSourceMetadata:377 failure: Result::NOT_SUPPORTED
05-18 23:44:22.768   321   477 D goldfish-address-space: claimShared: Ask to claim region [0x1f3e4c000 0x1f3e58000]
05-18 23:44:22.863   310   352 E android.hardware.audio@7.0-impl.ranchu: device/generic/goldfish/audio/stream_out.cpp:updateSourceMetadata:377 failure: Result::NOT_SUPPORTED
05-18 23:44:23.365  7384  7384 I ViewInteraction: Performing 'scroll to' action on view (view.getId() is <2131296861/it.feio.android.omninotes.alpha:id/settings_view> and Child at position 2 in parent (view.getId() is <2131296585/it.feio.android.omninotes.alpha:id/left_drawer> and Child at position 0 in parent view.getId() is <2131296733/it.feio.android.omninotes.alpha:id/navigation_drawer>))
05-18 23:44:23.368  7384  7384 I ScrollToAction: View is already displayed. Returning.
05-18 23:44:23.370  7384  7384 I ViewInteraction: Performing 'single click' action on view (view.getId() is <2131296861/it.feio.android.omninotes.alpha:id/settings_view> and Child at position 2 in parent (view.getId() is <2131296585/it.feio.android.omninotes.alpha:id/left_drawer> and Child at position 0 in parent view.getId() is <2131296733/it.feio.android.omninotes.alpha:id/navigation_drawer>))
05-18 23:44:23.373  1040  1040 D TaplEvents: TIS / TouchInteractionService.onInputEvent: MotionEvent { action=ACTION_DOWN, actionButton=0, id[0]=0, x[0]=439.5, y[0]=621.5, toolType[0]=TOOL_TYPE_UNKNOWN, buttonState=BUTTON_PRIMARY, classification=NONE, metaState=0, flags=0x0, edgeFlags=0x0, pointerCount=1, historySize=0, eventTime=928811, downTime=928811, deviceId=-1, source=0x1002, displayId=0, eventId=-515192286 }
05-18 23:44:23.413  1040  1040 D TaplEvents: TIS / TouchInteractionService.onInputEvent: MotionEvent { action=ACTION_UP, actionButton=0, id[0]=0, x[0]=439.5, y[0]=621.5, toolType[0]=TOOL_TYPE_FINGER, buttonState=BUTTON_PRIMARY, classification=NONE, metaState=0, flags=0x0, edgeFlags=0x0, pointerCount=1, historySize=0, eventTime=928852, downTime=928811, deviceId=-1, source=0x1002, displayId=0, eventId=-937760585 }
05-18 23:44:23.428   310   352 E android.hardware.audio@7.0-impl.ranchu: device/generic/goldfish/audio/stream_out.cpp:updateSourceMetadata:377 failure: Result::NOT_SUPPORTED
05-18 23:44:23.439  7384  7384 D LifecycleMonitor: Lifecycle status change: it.feio.android.omninotes.MainActivity@7ff37b9 in: PAUSED
05-18 23:44:23.440   515  1117 W InputReader: Device virtio_input_multi_touch_10 is associated with display ADISPLAY_ID_NONE.
05-18 23:44:23.440   515  1117 W InputReader: Device virtio_input_multi_touch_6 is associated with display ADISPLAY_ID_NONE.
05-18 23:44:23.440   515  1117 W InputReader: Device virtio_input_multi_touch_7 is associated with display ADISPLAY_ID_NONE.
05-18 23:44:23.440   515  1117 W InputReader: Device virtio_input_multi_touch_3 is associated with display ADISPLAY_ID_NONE.
05-18 23:44:23.440   515  1117 W InputReader: Device virtio_input_multi_touch_11 is associated with display ADISPLAY_ID_NONE.
05-18 23:44:23.440   515  1117 W InputReader: Device virtio_input_multi_touch_4 is associated with display ADISPLAY_ID_NONE.
05-18 23:44:23.440   515  1117 W InputReader: Device virtio_input_multi_touch_9 is associated with display ADISPLAY_ID_NONE.
05-18 23:44:23.440   515  1117 W InputReader: Device virtio_input_multi_touch_5 is associated with display ADISPLAY_ID_NONE.
05-18 23:44:23.440   515  1117 W InputReader: Device virtio_input_multi_touch_8 is associated with display ADISPLAY_ID_NONE.
05-18 23:44:23.440   515  1117 W InputReader: Device virtio_input_multi_touch_2 is associated with display ADISPLAY_ID_NONE.
05-18 23:44:23.440   515  1117 W InputReader: Device virtio_input_multi_touch_10 is associated with display ADISPLAY_ID_NONE.
05-18 23:44:23.440   515  1117 W InputReader: Device virtio_input_multi_touch_6 is associated with display ADISPLAY_ID_NONE.
05-18 23:44:23.440   515  1117 W InputReader: Device virtio_input_multi_touch_7 is associated with display ADISPLAY_ID_NONE.
05-18 23:44:23.440   515  1117 W InputReader: Device virtio_input_multi_touch_3 is associated with display ADISPLAY_ID_NONE.
05-18 23:44:23.440   515  1117 W InputReader: Device virtio_input_multi_touch_11 is associated with display ADISPLAY_ID_NONE.
05-18 23:44:23.440   515  1117 W InputReader: Device virtio_input_multi_touch_4 is associated with display ADISPLAY_ID_NONE.
05-18 23:44:23.440   515  1117 W InputReader: Device virtio_input_multi_touch_9 is associated with display ADISPLAY_ID_NONE.
05-18 23:44:23.440   515  1117 W InputReader: Device virtio_input_multi_touch_5 is associated with display ADISPLAY_ID_NONE.
05-18 23:44:23.440   515  1117 W InputReader: Device virtio_input_multi_touch_8 is associated with display ADISPLAY_ID_NONE.
05-18 23:44:23.440   515  1117 W InputReader: Device virtio_input_multi_touch_2 is associated with display ADISPLAY_ID_NONE.
05-18 23:44:23.453  7384  7384 D LifecycleMonitor: Lifecycle status change: it.feio.android.omninotes.SettingsActivity@b8f0928 in: PRE_ON_CREATE
05-18 23:44:23.455  7384  7384 I AppCompatViewInflater: app:theme is now deprecated. Please move to using android:theme instead.
05-18 23:44:23.469  7384  7384 D LifecycleMonitor: Lifecycle status change: it.feio.android.omninotes.SettingsActivity@b8f0928 in: CREATED
05-18 23:44:23.480  7384  7384 D LifecycleMonitor: Lifecycle status change: it.feio.android.omninotes.SettingsActivity@b8f0928 in: STARTED
05-18 23:44:23.481  7384  7384 D LifecycleMonitor: Lifecycle status change: it.feio.android.omninotes.SettingsActivity@b8f0928 in: RESUMED
05-18 23:44:23.485  7384  7384 D StrictMode: StrictMode policy violation; ~duration=9 ms: android.os.strictmode.DiskReadViolation
05-18 23:44:23.485  7384  7384 D StrictMode: 	at android.os.StrictMode$AndroidBlockGuardPolicy.onReadFromDisk(StrictMode.java:1659)
05-18 23:44:23.485  7384  7384 D StrictMode: 	at libcore.io.BlockGuardOs.access(BlockGuardOs.java:74)
05-18 23:44:23.485  7384  7384 D StrictMode: 	at libcore.io.ForwardingOs.access(ForwardingOs.java:131)
05-18 23:44:23.485  7384  7384 D StrictMode: 	at android.app.ActivityThread$AndroidOs.access(ActivityThread.java:7719)
05-18 23:44:23.485  7384  7384 D StrictMode: 	at java.io.UnixFileSystem.checkAccess(UnixFileSystem.java:281)
05-18 23:44:23.485  7384  7384 D StrictMode: 	at java.io.File.exists(File.java:813)
05-18 23:44:23.485  7384  7384 D StrictMode: 	at android.app.ContextImpl.getDataDir(ContextImpl.java:2900)
05-18 23:44:23.485  7384  7384 D StrictMode: 	at android.app.ContextImpl.getPreferencesDir(ContextImpl.java:688)
05-18 23:44:23.485  7384  7384 D StrictMode: 	at android.app.ContextImpl.getSharedPreferencesPath(ContextImpl.java:915)
05-18 23:44:23.485  7384  7384 D StrictMode: 	at android.app.ContextImpl.getSharedPreferences(ContextImpl.java:537)
05-18 23:44:23.485  7384  7384 D StrictMode: 	at android.content.ContextWrapper.getSharedPreferences(ContextWrapper.java:196)
05-18 23:44:23.485  7384  7384 D StrictMode: 	at android.content.ContextWrapper.getSharedPreferences(ContextWrapper.java:196)
05-18 23:44:23.485  7384  7384 D StrictMode: 	at androidx.preference.PreferenceManager.getSharedPreferences(PreferenceManager.java:406)
05-18 23:44:23.485  7384  7384 D StrictMode: 	at androidx.preference.Preference.getSharedPreferences(Preference.java:1232)
05-18 23:44:23.485  7384  7384 D StrictMode: 	at androidx.preference.Preference.dispatchSetInitialValue(Preference.java:1582)
05-18 23:44:23.485  7384  7384 D StrictMode: 	at androidx.preference.Preference.onAttachedToHierarchy(Preference.java:1311)
05-18 23:44:23.485  7384  7384 D StrictMode: 	at androidx.preference.Preference.onAttachedToHierarchy(Preference.java:1326)
05-18 23:44:23.485  7384  7384 D StrictMode: 	at androidx.preference.PreferenceGroup.addPreference(PreferenceGroup.java:249)
05-18 23:44:23.485  7384  7384 D StrictMode: 	at androidx.preference.PreferenceGroup.addItemFromInflater(PreferenceGroup.java:170)
05-18 23:44:23.485  7384  7384 D StrictMode: 	at androidx.preference.PreferenceInflater.rInflate(PreferenceInflater.java:345)
05-18 23:44:23.485  7384  7384 D StrictMode: 	at androidx.preference.PreferenceInflater.rInflate(PreferenceInflater.java:346)
05-18 23:44:23.485  7384  7384 D StrictMode: 	at androidx.preference.PreferenceInflater.inflate(PreferenceInflater.java:157)
05-18 23:44:23.485  7384  7384 D StrictMode: 	at androidx.preference.PreferenceInflater.inflate(PreferenceInflater.java:109)
05-18 23:44:23.485  7384  7384 D StrictMode: 	at androidx.preference.PreferenceManager.inflateFromResource(PreferenceManager.java:216)
05-18 23:44:23.485  7384  7384 D StrictMode: 	at androidx.preference.PreferenceFragmentCompat.addPreferencesFromResource(PreferenceFragmentCompat.java:361)
05-18 23:44:23.485  7384  7384 D StrictMode: 	at it.feio.android.omninotes.SettingsFragment.onCreate(SettingsFragment.java:102)
05-18 23:44:23.485  7384  7384 D StrictMode: 	at androidx.fragment.app.Fragment.performCreate(Fragment.java:2684)
05-18 23:44:23.485  7384  7384 D StrictMode: 	at androidx.fragment.app.FragmentStateManager.create(FragmentStateManager.java:280)
05-18 23:44:23.485  7384  7384 D StrictMode: 	at androidx.fragment.app.FragmentManager.moveToState(FragmentManager.java:1175)
05-18 23:44:23.485  7384  7384 D StrictMode: 	at androidx.fragment.app.FragmentTransition.addToFirstInLastOut(FragmentTransition.java:1255)
05-18 23:44:23.485  7384  7384 D StrictMode: 	at androidx.fragment.app.FragmentTransition.calculateFragments(FragmentTransition.java:1138)
05-18 23:44:23.485  7384  7384 D StrictMode: 	at androidx.fragment.app.FragmentTransition.startTransitions(FragmentTransition.java:136)
05-18 23:44:23.485  7384  7384 D StrictMode: 	at androidx.fragment.app.FragmentManager.executeOpsTogether(FragmentManager.java:1989)
05-18 23:44:23.485  7384  7384 D StrictMode: 	at androidx.fragment.app.FragmentManager.removeRedundantOperationsAndExecute(FragmentManager.java:1947)
05-18 23:44:23.485  7384  7384 D StrictMode: 	at androidx.fragment.app.FragmentManager.execPendingActions(FragmentManager.java:1849)
05-18 23:44:23.485  7384  7384 D StrictMode: 	at androidx.fragment.app.FragmentManager.dispatchStateChange(FragmentManager.java:2629)
05-18 23:44:23.485  7384  7384 D StrictMode: 	at androidx.fragment.app.FragmentManager.dispatchActivityCreated(FragmentManager.java:2577)
05-18 23:44:23.485  7384  7384 D StrictMode: 	at androidx.fragment.app.FragmentController.dispatchActivityCreated(FragmentController.java:247)
05-18 23:44:23.485  7384  7384 D StrictMode: 	at androidx.fragment.app.FragmentActivity.onStart(FragmentActivity.java:541)
05-18 23:44:23.485  7384  7384 D StrictMode: 	at androidx.appcompat.app.AppCompatActivity.onStart(AppCompatActivity.java:210)
05-18 23:44:23.485  7384  7384 D StrictMode: 	at android.app.Instrumentation.callActivityOnStart(Instrumentation.java:1467)
05-18 23:44:23.485  7384  7384 D StrictMode: 	at androidx.test.runner.MonitoringInstrumentation.callActivityOnStart(MonitoringInstrumentation.java:791)
05-18 23:44:23.485  7384  7384 D StrictMode: 	at android.app.Activity.performStart(Activity.java:8079)
05-18 23:44:23.485  7384  7384 D StrictMode: 	at android.app.ActivityThread.handleStartActivity(ActivityThread.java:3710)
05-18 23:44:23.485  7384  7384 D StrictMode: 	at android.app.servertransaction.TransactionExecutor.performLifecycleSequence(TransactionExecutor.java:221)
05-18 23:44:23.485  7384  7384 D StrictMode: 	at android.app.servertransaction.TransactionExecutor.cycleToPath(TransactionExecutor.java:201)
05-18 23:44:23.485  7384  7384 D StrictMode: 	at android.app.servertransaction.TransactionExecutor.executeLifecycleState(TransactionExecutor.java:173)
05-18 23:44:23.488  7384  7384 D StrictMode: 	at android.app.servertransaction.TransactionExecutor.execute(TransactionExecutor.java:97)
05-18 23:44:23.488  7384  7384 D StrictMode: 	at android.app.ActivityThread$H.handleMessage(ActivityThread.java:2252)
05-18 23:44:23.488  7384  7384 D StrictMode: 	at android.os.Handler.dispatchMessage(Handler.java:106)
05-18 23:44:23.488  7384  7384 D StrictMode: 	at androidx.test.espresso.base.Interrogator.loopAndInterrogate(Interrogator.java:14)
05-18 23:44:23.488  7384  7384 D StrictMode: 	at androidx.test.espresso.base.UiControllerImpl.loopUntil(UiControllerImpl.java:8)
05-18 23:44:23.488  7384  7384 D StrictMode: 	at androidx.test.espresso.base.UiControllerImpl.loopUntil(UiControllerImpl.java:1)
05-18 23:44:23.488  7384  7384 D StrictMode: 	at androidx.test.espresso.base.UiControllerImpl.loopMainThreadForAtLeast(UiControllerImpl.java:7)
05-18 23:44:23.488  7384  7384 D StrictMode: 	at androidx.test.espresso.action.Tap$1.sendTap(Tap.java:6)
05-18 23:44:23.488  7384  7384 D StrictMode: 	at androidx.test.espresso.action.GeneralClickAction.perform(GeneralClickAction.java:6)
05-18 23:44:23.488  7384  7384 D StrictMode: 	at androidx.test.espresso.ViewInteraction$SingleExecutionViewAction.perform(ViewInteraction.java:2)
05-18 23:44:23.488  7384  7384 D StrictMode: 	at androidx.test.espresso.ViewInteraction.doPerform(ViewInteraction.java:25)
05-18 23:44:23.488  7384  7384 D StrictMode: 	at androidx.test.espresso.ViewInteraction.-$$Nest$mdoPerform(Unknown Source:0)
05-18 23:44:23.488  7384  7384 D StrictMode: 	at androidx.test.espresso.ViewInteraction$1.call(ViewInteraction.java:5)
05-18 23:44:23.488  7384  7384 D StrictMode: 	at androidx.test.espresso.ViewInteraction$1.call(ViewInteraction.java:1)
05-18 23:44:23.488  7384  7384 D StrictMode: 	at java.util.concurrent.FutureTask.run(FutureTask.java:266)
05-18 23:44:23.488  7384  7384 D StrictMode: 	at android.os.Handler.handleCallback(Handler.java:938)
05-18 23:44:23.488  7384  7384 D StrictMode: 	at android.os.Handler.dispatchMessage(Handler.java:99)
05-18 23:44:23.488  7384  7384 D StrictMode: 	at android.os.Looper.loopOnce(Looper.java:201)
05-18 23:44:23.488  7384  7384 D StrictMode: 	at android.os.Looper.loop(Looper.java:288)
05-18 23:44:23.488  7384  7384 D StrictMode: 	at android.app.ActivityThread.main(ActivityThread.java:7842)
05-18 23:44:23.488  7384  7384 D StrictMode: 	at java.lang.reflect.Method.invoke(Native Method)
05-18 23:44:23.488  7384  7384 D StrictMode: 	at com.android.internal.os.RuntimeInit$MethodAndArgsCaller.run(RuntimeInit.java:548)
05-18 23:44:23.488  7384  7384 D StrictMode: 	at com.android.internal.os.ZygoteInit.main(ZygoteInit.java:1003)
05-18 23:44:23.489  7384  7384 D StrictMode: StrictMode policy violation; ~duration=8 ms: android.os.strictmode.DiskReadViolation
05-18 23:44:23.489  7384  7384 D StrictMode: 	at android.os.StrictMode$AndroidBlockGuardPolicy.onReadFromDisk(StrictMode.java:1659)
05-18 23:44:23.489  7384  7384 D StrictMode: 	at libcore.io.BlockGuardOs.access(BlockGuardOs.java:74)
05-18 23:44:23.489  7384  7384 D StrictMode: 	at libcore.io.ForwardingOs.access(ForwardingOs.java:131)
05-18 23:44:23.489  7384  7384 D StrictMode: 	at android.app.ActivityThread$AndroidOs.access(ActivityThread.java:7719)
05-18 23:44:23.489  7384  7384 D StrictMode: 	at java.io.UnixFileSystem.checkAccess(UnixFileSystem.java:281)
05-18 23:44:23.489  7384  7384 D StrictMode: 	at java.io.File.exists(File.java:813)
05-18 23:44:23.489  7384  7384 D StrictMode: 	at android.app.ContextImpl.ensurePrivateDirExists(ContextImpl.java:743)
05-18 23:44:23.489  7384  7384 D StrictMode: 	at android.app.ContextImpl.ensurePrivateDirExists(ContextImpl.java:734)
05-18 23:44:23.489  7384  7384 D StrictMode: 	at android.app.ContextImpl.getPreferencesDir(ContextImpl.java:690)
05-18 23:44:23.489  7384  7384 D StrictMode: 	at android.app.ContextImpl.getSharedPreferencesPath(ContextImpl.java:915)
05-18 23:44:23.489  7384  7384 D StrictMode: 	at android.app.ContextImpl.getSharedPreferences(ContextImpl.java:537)
05-18 23:44:23.489  7384  7384 D StrictMode: 	at android.content.ContextWrapper.getSharedPreferences(ContextWrapper.java:196)
05-18 23:44:23.489  7384  7384 D StrictMode: 	at android.content.ContextWrapper.getSharedPreferences(ContextWrapper.java:196)
05-18 23:44:23.489  7384  7384 D StrictMode: 	at androidx.preference.PreferenceManager.getSharedPreferences(PreferenceManager.java:406)
05-18 23:44:23.489  7384  7384 D StrictMode: 	at androidx.preference.Preference.getSharedPreferences(Preference.java:1232)
05-18 23:44:23.489  7384  7384 D StrictMode: 	at androidx.preference.Preference.dispatchSetInitialValue(Preference.java:1582)
05-18 23:44:23.489  7384  7384 D StrictMode: 	at androidx.preference.Preference.onAttachedToHierarchy(Preference.java:1311)
05-18 23:44:23.489  7384  7384 D StrictMode: 	at androidx.preference.Preference.onAttachedToHierarchy(Preference.java:1326)
05-18 23:44:23.489  7384  7384 D StrictMode: 	at androidx.preference.PreferenceGroup.addPreference(PreferenceGroup.java:249)
05-18 23:44:23.489  7384  7384 D StrictMode: 	at androidx.preference.PreferenceGroup.addItemFromInflater(PreferenceGroup.java:170)
05-18 23:44:23.489  7384  7384 D StrictMode: 	at androidx.preference.PreferenceInflater.rInflate(PreferenceInflater.java:345)
05-18 23:44:23.489  7384  7384 D StrictMode: 	at androidx.preference.PreferenceInflater.rInflate(PreferenceInflater.java:346)
05-18 23:44:23.489  7384  7384 D StrictMode: 	at androidx.preference.PreferenceInflater.inflate(PreferenceInflater.java:157)
05-18 23:44:23.489  7384  7384 D StrictMode: 	at androidx.preference.PreferenceInflater.inflate(PreferenceInflater.java:109)
05-18 23:44:23.489  7384  7384 D StrictMode: 	at androidx.preference.PreferenceManager.inflateFromResource(PreferenceManager.java:216)
05-18 23:44:23.489  7384  7384 D StrictMode: 	at androidx.preference.PreferenceFragmentCompat.addPreferencesFromResource(PreferenceFragmentCompat.java:361)
05-18 23:44:23.489  7384  7384 D StrictMode: 	at it.feio.android.omninotes.SettingsFragment.onCreate(SettingsFragment.java:102)
05-18 23:44:23.489  7384  7384 D StrictMode: 	at androidx.fragment.app.Fragment.performCreate(Fragment.java:2684)
05-18 23:44:23.489  7384  7384 D StrictMode: 	at androidx.fragment.app.FragmentStateManager.create(FragmentStateManager.java:280)
05-18 23:44:23.489  7384  7384 D StrictMode: 	at androidx.fragment.app.FragmentManager.moveToState(FragmentManager.java:1175)
05-18 23:44:23.489  7384  7384 D StrictMode: 	at androidx.fragment.app.FragmentTransition.addToFirstInLastOut(FragmentTransition.java:1255)
05-18 23:44:23.489  7384  7384 D StrictMode: 	at androidx.fragment.app.FragmentTransition.calculateFragments(FragmentTransition.java:1138)
05-18 23:44:23.489  7384  7384 D StrictMode: 	at androidx.fragment.app.FragmentTransition.startTransitions(FragmentTransition.java:136)
05-18 23:44:23.489  7384  7384 D StrictMode: 	at androidx.fragment.app.FragmentManager.executeOpsTogether(FragmentManager.java:1989)
05-18 23:44:23.489  7384  7384 D StrictMode: 	at androidx.fragment.app.FragmentManager.removeRedundantOperationsAndExecute(FragmentManager.java:1947)
05-18 23:44:23.489  7384  7384 D StrictMode: 	at androidx.fragment.app.FragmentManager.execPendingActions(FragmentManager.java:1849)
05-18 23:44:23.489  7384  7384 D StrictMode: 	at androidx.fragment.app.FragmentManager.dispatchStateChange(FragmentManager.java:2629)
05-18 23:44:23.489  7384  7384 D StrictMode: 	at androidx.fragment.app.FragmentManager.dispatchActivityCreated(FragmentManager.java:2577)
05-18 23:44:23.489  7384  7384 D StrictMode: 	at androidx.fragment.app.FragmentController.dispatchActivityCreated(FragmentController.java:247)
05-18 23:44:23.489  7384  7384 D StrictMode: 	at androidx.fragment.app.FragmentActivity.onStart(FragmentActivity.java:541)
05-18 23:44:23.489  7384  7384 D StrictMode: 	at androidx.appcompat.app.AppCompatActivity.onStart(AppCompatActivity.java:210)
05-18 23:44:23.489  7384  7384 D StrictMode: 	at android.app.Instrumentation.callActivityOnStart(Instrumentation.java:1467)
05-18 23:44:23.489  7384  7384 D StrictMode: 	at androidx.test.runner.MonitoringInstrumentation.callActivityOnStart(MonitoringInstrumentation.java:791)
05-18 23:44:23.489  7384  7384 D StrictMode: 	at android.app.Activity.performStart(Activity.java:8079)
05-18 23:44:23.489  7384  7384 D StrictMode: 	at android.app.ActivityThread.handleStartActivity(ActivityThread.java:3710)
05-18 23:44:23.489  7384  7384 D StrictMode: 	at android.app.servertransaction.TransactionExecutor.performLifecycleSequence(TransactionExecutor.java:221)
05-18 23:44:23.489  7384  7384 D StrictMode: 	at android.app.servertransaction.TransactionExecutor.cycleToPath(TransactionExecutor.java:201)
05-18 23:44:23.489  7384  7384 D StrictMode: 	at android.app.servertransaction.TransactionExecutor.executeLifecycleState(TransactionExecutor.java:173)
05-18 23:44:23.489  7384  7384 D StrictMode: 	at android.app.servertransaction.TransactionExecutor.execute(TransactionExecutor.java:97)
05-18 23:44:23.489  7384  7384 D StrictMode: 	at android.app.ActivityThread$H.handleMessage(ActivityThread.java:2252)
05-18 23:44:23.489  7384  7384 D StrictMode: 	at android.os.Handler.dispatchMessage(Handler.java:106)
05-18 23:44:23.489  7384  7384 D StrictMode: 	at androidx.test.espresso.base.Interrogator.loopAndInterrogate(Interrogator.java:14)
05-18 23:44:23.489  7384  7384 D StrictMode: 	at androidx.test.espresso.base.UiControllerImpl.loopUntil(UiControllerImpl.java:8)
05-18 23:44:23.489  7384  7384 D StrictMode: 	at androidx.test.espresso.base.UiControllerImpl.loopUntil(UiControllerImpl.java:1)
05-18 23:44:23.489  7384  7384 D StrictMode: 	at androidx.test.espresso.base.UiControllerImpl.loopMainThreadForAtLeast(UiControllerImpl.java:7)
05-18 23:44:23.489  7384  7384 D StrictMode: 	at androidx.test.espresso.action.Tap$1.sendTap(Tap.java:6)
05-18 23:44:23.489  7384  7384 D StrictMode: 	at androidx.test.espresso.action.GeneralClickAction.perform(GeneralClickAction.java:6)
05-18 23:44:23.489  7384  7384 D StrictMode: 	at androidx.test.espresso.ViewInteraction$SingleExecutionViewAction.perform(ViewInteraction.java:2)
05-18 23:44:23.489  7384  7384 D StrictMode: 	at androidx.test.espresso.ViewInteraction.doPerform(ViewInteraction.java:25)
05-18 23:44:23.489  7384  7384 D StrictMode: 	at androidx.test.espresso.ViewInteraction.-$$Nest$mdoPerform(Unknown Source:0)
05-18 23:44:23.489  7384  7384 D StrictMode: 	at androidx.test.espresso.ViewInteraction$1.call(ViewInteraction.java:5)
05-18 23:44:23.489  7384  7384 D StrictMode: 	at androidx.test.espresso.ViewInteraction$1.call(ViewInteraction.java:1)
05-18 23:44:23.489  7384  7384 D StrictMode: 	at java.util.concurrent.FutureTask.run(FutureTask.java:266)
05-18 23:44:23.489  7384  7384 D StrictMode: 	at android.os.Handler.handleCallback(Handler.java:938)
05-18 23:44:23.489  7384  7384 D StrictMode: 	at android.os.Handler.dispatchMessage(Handler.java:99)
05-18 23:44:23.489  7384  7384 D StrictMode: 	at android.os.Looper.loopOnce(Looper.java:201)
05-18 23:44:23.489  7384  7384 D StrictMode: 	at android.os.Looper.loop(Looper.java:288)
05-18 23:44:23.489  7384  7384 D StrictMode: 	at android.app.ActivityThread.main(ActivityThread.java:7842)
05-18 23:44:23.489  7384  7384 D StrictMode: 	at java.lang.reflect.Method.invoke(Native Method)
05-18 23:44:23.489  7384  7384 D StrictMode: 	at com.android.internal.os.RuntimeInit$MethodAndArgsCaller.run(RuntimeInit.java:548)
05-18 23:44:23.489  7384  7384 D StrictMode: 	at com.android.internal.os.ZygoteInit.main(ZygoteInit.java:1003)
05-18 23:44:23.494   321   477 D goldfish-address-space: claimShared: Ask to claim region [0x1f0928000 0x1f1250000]
05-18 23:44:23.515   321   477 D goldfish-address-space: claimShared: Ask to claim region [0x1f1250000 0x1f1b78000]
05-18 23:44:23.516   321   477 D goldfish-address-space: claimShared: Ask to claim region [0x1f4000000 0x1f4928000]
05-18 23:44:23.560   310   352 E android.hardware.audio@7.0-impl.ranchu: device/generic/goldfish/audio/stream_out.cpp:updateSourceMetadata:377 failure: Result::NOT_SUPPORTED
05-18 23:44:23.565  7384  7413 D EGL_emulation: app_time_stats: avg=21.48ms min=2.18ms max=262.73ms count=35
05-18 23:44:23.572   515   535 I ActivityTaskManager: Displayed it.feio.android.omninotes.alpha/it.feio.android.omninotes.SettingsActivity: +148ms
05-18 23:44:23.594  7384  7384 D LifecycleMonitor: Lifecycle status change: it.feio.android.omninotes.MainActivity@7ff37b9 in: STOPPED
05-18 23:44:23.608  7384  7390 I omninotes.alph: Background young concurrent copying GC freed 60536(4669KB) AllocSpace objects, 11(348KB) LOS objects, 80% free, 5986KB/29MB, paused 100us,6us total 151.559ms
05-18 23:44:23.628  1280  1280 I GoogleInputMethodService: GoogleInputMethodService.onFinishInput():3269
05-18 23:44:23.629  1280  1280 I GoogleInputMethodService: GoogleInputMethodService.onStartInput():1947
05-18 23:44:23.630  1280  1280 I DeviceUnlockedTag: DeviceUnlockedTag.notifyDeviceLockStatusChanged():79 Notify device unlocked.
05-18 23:44:23.708  7384  7384 I ViewInteraction: Performing 'actionOnItemAtPosition performing ViewAction: single click on item at position: 1' action on view Child at position 0 in parent view.getId() is <16908351/android:id/list_container>
05-18 23:44:23.725  1040  1040 D TaplEvents: TIS / TouchInteractionService.onInputEvent: MotionEvent { action=ACTION_DOWN, actionButton=0, id[0]=0, x[0]=539.5, y[0]=434.0, toolType[0]=TOOL_TYPE_UNKNOWN, buttonState=BUTTON_PRIMARY, classification=NONE, metaState=0, flags=0x0, edgeFlags=0x0, pointerCount=1, historySize=0, eventTime=929164, downTime=929164, deviceId=-1, source=0x1002, displayId=0, eventId=-402399010 }
05-18 23:44:23.765  1040  1040 D TaplEvents: TIS / TouchInteractionService.onInputEvent: MotionEvent { action=ACTION_UP, actionButton=0, id[0]=0, x[0]=539.5, y[0]=434.0, toolType[0]=TOOL_TYPE_FINGER, buttonState=BUTTON_PRIMARY, classification=NONE, metaState=0, flags=0x0, edgeFlags=0x0, pointerCount=1, historySize=0, eventTime=929204, downTime=929164, deviceId=-1, source=0x1002, displayId=0, eventId=-604574927 }
05-18 23:44:23.785   310   352 E android.hardware.audio@7.0-impl.ranchu: device/generic/goldfish/audio/stream_out.cpp:updateSourceMetadata:377 failure: Result::NOT_SUPPORTED
05-18 23:44:23.916   310   352 E android.hardware.audio@7.0-impl.ranchu: device/generic/goldfish/audio/stream_out.cpp:updateSourceMetadata:377 failure: Result::NOT_SUPPORTED
05-18 23:44:24.048  7384  7384 I ViewInteraction: Performing 'actionOnItemAtPosition performing ViewAction: single click on item at position: 1' action on view Child at position 0 in parent view.getId() is <16908351/android:id/list_container>
05-18 23:44:24.058  1040  1040 D TaplEvents: TIS / TouchInteractionService.onInputEvent: MotionEvent { action=ACTION_DOWN, actionButton=0, id[0]=0, x[0]=539.5, y[0]=519.5, toolType[0]=TOOL_TYPE_UNKNOWN, buttonState=BUTTON_PRIMARY, classification=NONE, metaState=0, flags=0x0, edgeFlags=0x0, pointerCount=1, historySize=0, eventTime=929496, downTime=929496, deviceId=-1, source=0x1002, displayId=0, eventId=-687955721 }
05-18 23:44:24.098  1040  1040 D TaplEvents: TIS / TouchInteractionService.onInputEvent: MotionEvent { action=ACTION_UP, actionButton=0, id[0]=0, x[0]=539.5, y[0]=519.5, toolType[0]=TOOL_TYPE_FINGER, buttonState=BUTTON_PRIMARY, classification=NONE, metaState=0, flags=0x0, edgeFlags=0x0, pointerCount=1, historySize=0, eventTime=929537, downTime=929496, deviceId=-1, source=0x1002, displayId=0, eventId=-125001422 }
05-18 23:44:24.114   310   352 E android.hardware.audio@7.0-impl.ranchu: device/generic/goldfish/audio/stream_out.cpp:updateSourceMetadata:377 failure: Result::NOT_SUPPORTED
05-18 23:44:24.122  7384  7384 D LifecycleMonitor: Lifecycle status change: it.feio.android.omninotes.SettingsActivity@b8f0928 in: PAUSED
05-18 23:44:24.123   515  1117 W InputReader: Device virtio_input_multi_touch_10 is associated with display ADISPLAY_ID_NONE.
05-18 23:44:24.123   515  1117 W InputReader: Device virtio_input_multi_touch_6 is associated with display ADISPLAY_ID_NONE.
05-18 23:44:24.123   515  1117 W InputReader: Device virtio_input_multi_touch_7 is associated with display ADISPLAY_ID_NONE.
05-18 23:44:24.123   515  1117 W InputReader: Device virtio_input_multi_touch_3 is associated with display ADISPLAY_ID_NONE.
05-18 23:44:24.123   515  1117 W InputReader: Device virtio_input_multi_touch_11 is associated with display ADISPLAY_ID_NONE.
05-18 23:44:24.123   515  1117 W InputReader: Device virtio_input_multi_touch_4 is associated with display ADISPLAY_ID_NONE.
05-18 23:44:24.123   515  1117 W InputReader: Device virtio_input_multi_touch_9 is associated with display ADISPLAY_ID_NONE.
05-18 23:44:24.123   515  1117 W InputReader: Device virtio_input_multi_touch_5 is associated with display ADISPLAY_ID_NONE.
05-18 23:44:24.123   515  1117 W InputReader: Device virtio_input_multi_touch_8 is associated with display ADISPLAY_ID_NONE.
05-18 23:44:24.123   515  1117 W InputReader: Device virtio_input_multi_touch_2 is associated with display ADISPLAY_ID_NONE.
05-18 23:44:24.123   515  1117 W InputReader: Device virtio_input_multi_touch_10 is associated with display ADISPLAY_ID_NONE.
05-18 23:44:24.123   515  1117 W InputReader: Device virtio_input_multi_touch_6 is associated with display ADISPLAY_ID_NONE.
05-18 23:44:24.123   515  1117 W InputReader: Device virtio_input_multi_touch_7 is associated with display ADISPLAY_ID_NONE.
05-18 23:44:24.123   515  1117 W InputReader: Device virtio_input_multi_touch_3 is associated with display ADISPLAY_ID_NONE.
05-18 23:44:24.123   515  1117 W InputReader: Device virtio_input_multi_touch_11 is associated with display ADISPLAY_ID_NONE.
