05-19 16:37:53.104   322   472 D goldfish-address-space: claimShared: Ask to claim region [0x1fb8c0000 0x1fb8f4000]
05-19 16:37:53.104   322   472 D goldfish-address-space: claimShared: Ask to claim region [0x1fb8f4000 0x1fb928000]
05-19 16:37:53.115  1584  2534 I Checkin : [CheckinOperation] Checkin Operation finished with result: RESCHEDULED finish time: 63336.
05-19 16:37:53.120  1584  2534 I Checkin : [ScheduledCheckinGmsTaskService] scheduleCheckinTask
05-19 16:37:53.121  1584  2534 I Checkin : [ExecutionManager] Checkin scheduled at 7265370.
05-19 16:37:53.145   322   472 D goldfish-address-space: claimShared: Ask to claim region [0x1fbfe0000 0x1fbfec000]
05-19 16:37:53.157  3381  3381 W omninotes.alph: Accessing hidden field Landroid/widget/AbsListView;->mIsChildViewEnabled:Z (unsupported, reflection, allowed)
05-19 16:37:53.164  1124  2705 I NearbySharing: FastInitiation warming period has ended [CONTEXT service_id=194 ]
05-19 16:37:53.200   322   472 D goldfish-address-space: claimShared: Ask to claim region [0x1fb37c000 0x1fb654000]
05-19 16:37:53.202  1124  2287 I NetworkScheduler.Stats: Task com.google.android.gms/com.google.android.gms.checkin.CheckinService finished executing. cause:5 result: 1 elapsed_millis: 190 uptime_millis: 190 exec_start_elapsed_seconds: 63 [CONTEXT service_id=218 ]
05-19 16:37:53.235   309   309 E android.hardware.audio@7.0-impl.ranchu: device/generic/goldfish/audio/stream_out.cpp:updateSourceMetadata:377 failure: Result::NOT_SUPPORTED
05-19 16:37:53.239   322   472 D goldfish-address-space: claimShared: Ask to claim region [0x1fb654000 0x1fb92c000]
05-19 16:37:53.239   322   472 D goldfish-address-space: claimShared: Ask to claim region [0x1fb92c000 0x1fbc04000]
05-19 16:37:53.363  1124  2287 I NetworkScheduler.Stats: Task com.google.android.gms/com.google.android.gms.gcm.HeartbeatAlarm$ConnectionInfoPersistService started execution. cause:5 exec_start_elapsed_seconds: 63 [CONTEXT service_id=218 ]
05-19 16:37:53.468  1124  3250 I NetworkScheduler.Stats: Task com.google.android.gms/com.google.android.gms.gcm.HeartbeatAlarm$ConnectionInfoPersistService finished executing. cause:5 result: 1 elapsed_millis: 172 uptime_millis: 172 exec_start_elapsed_seconds: 63 [CONTEXT service_id=218 ]
05-19 16:37:53.608  1124  2287 I NetworkScheduler.Stats: Task com.google.android.gms/com.google.android.gms.ads.social.GcmSchedulerWakeupService started execution. cause:5 exec_start_elapsed_seconds: 63 [CONTEXT service_id=218 ]
05-19 16:37:53.620  1124  2287 I NetworkScheduler.Stats: Task com.google.android.gms/com.google.android.gms.ads.social.GcmSchedulerWakeupService finished executing. cause:5 result: 1 elapsed_millis: 19 uptime_millis: 19 exec_start_elapsed_seconds: 63 [CONTEXT service_id=218 ]
05-19 16:37:53.635  3381  3381 I ViewInteraction: Performing 'single click' action on view an instance of android.widget.TextView and view.getText() with or without transformation to match: is "Lock"
05-19 16:37:53.639  1047  1047 D TaplEvents: TIS / TouchInteractionService.onInputEvent: MotionEvent { action=ACTION_DOWN, actionButton=0, id[0]=0, x[0]=799.0, y[0]=297.0, toolType[0]=TOOL_TYPE_UNKNOWN, buttonState=BUTTON_PRIMARY, classification=NONE, metaState=0, flags=0x0, edgeFlags=0x0, pointerCount=1, historySize=0, eventTime=63858, downTime=63858, deviceId=-1, source=0x1002, displayId=0, eventId=-687830119 }
05-19 16:37:53.681  1047  1047 D TaplEvents: TIS / TouchInteractionService.onInputEvent: MotionEvent { action=ACTION_UP, actionButton=0, id[0]=0, x[0]=799.0, y[0]=297.0, toolType[0]=TOOL_TYPE_FINGER, buttonState=BUTTON_PRIMARY, classification=NONE, metaState=0, flags=0x0, edgeFlags=0x0, pointerCount=1, historySize=0, eventTime=63900, downTime=63858, deviceId=-1, source=0x1002, displayId=0, eventId=-302227336 }
05-19 16:37:53.689  1124  3250 I NetworkScheduler.Stats: Task com.google.android.gms/com.google.android.gms.chimera.container.ConfigService started execution. cause:5 exec_start_elapsed_seconds: 63 [CONTEXT service_id=218 ]
05-19 16:37:53.719  1584  2560 I ChimeraConfigurator: Starting update, reason: 2 urgentFeatures:
05-19 16:37:53.744  3381  3381 D CheckListView: Locking or unlocking note 1652949471731
05-19 16:37:53.763   309   309 E android.hardware.audio@7.0-impl.ranchu: device/generic/goldfish/audio/stream_out.cpp:updateSourceMetadata:377 failure: Result::NOT_SUPPORTED
05-19 16:37:53.773  3381  3381 D LifecycleMonitor: Lifecycle status change: it.feio.android.omninotes.MainActivity@6f52fd8 in: PAUSED
05-19 16:37:53.777   514  3132 W InputReader: Device virtio_input_multi_touch_7 is associated with display ADISPLAY_ID_NONE.
05-19 16:37:53.777   514  3132 W InputReader: Device virtio_input_multi_touch_2 is associated with display ADISPLAY_ID_NONE.
05-19 16:37:53.777   514  3132 W InputReader: Device virtio_input_multi_touch_9 is associated with display ADISPLAY_ID_NONE.
05-19 16:37:53.777   514  3132 W InputReader: Device virtio_input_multi_touch_3 is associated with display ADISPLAY_ID_NONE.
05-19 16:37:53.778   514  3132 W InputReader: Device virtio_input_multi_touch_8 is associated with display ADISPLAY_ID_NONE.
05-19 16:37:53.778   514  3132 W InputReader: Device virtio_input_multi_touch_10 is associated with display ADISPLAY_ID_NONE.
05-19 16:37:53.778   514  3132 W InputReader: Device virtio_input_multi_touch_4 is associated with display ADISPLAY_ID_NONE.
05-19 16:37:53.778   514  3132 W InputReader: Device virtio_input_multi_touch_6 is associated with display ADISPLAY_ID_NONE.
05-19 16:37:53.778   514  3132 W InputReader: Device virtio_input_multi_touch_5 is associated with display ADISPLAY_ID_NONE.
05-19 16:37:53.778   514  3132 W InputReader: Device virtio_input_multi_touch_11 is associated with display ADISPLAY_ID_NONE.
05-19 16:37:53.779   514  3132 W InputReader: Device virtio_input_multi_touch_7 is associated with display ADISPLAY_ID_NONE.
05-19 16:37:53.779   514  3132 W InputReader: Device virtio_input_multi_touch_2 is associated with display ADISPLAY_ID_NONE.
05-19 16:37:53.779   514  3132 W InputReader: Device virtio_input_multi_touch_9 is associated with display ADISPLAY_ID_NONE.
05-19 16:37:53.780   514  3132 W InputReader: Device virtio_input_multi_touch_3 is associated with display ADISPLAY_ID_NONE.
05-19 16:37:53.780   514  3132 W InputReader: Device virtio_input_multi_touch_8 is associated with display ADISPLAY_ID_NONE.
05-19 16:37:53.780   514  3132 W InputReader: Device virtio_input_multi_touch_10 is associated with display ADISPLAY_ID_NONE.
05-19 16:37:53.780   514  3132 W InputReader: Device virtio_input_multi_touch_4 is associated with display ADISPLAY_ID_NONE.
05-19 16:37:53.780   514  3132 W InputReader: Device virtio_input_multi_touch_6 is associated with display ADISPLAY_ID_NONE.
05-19 16:37:53.780   514  3132 W InputReader: Device virtio_input_multi_touch_5 is associated with display ADISPLAY_ID_NONE.
05-19 16:37:53.780   514  3132 W InputReader: Device virtio_input_multi_touch_11 is associated with display ADISPLAY_ID_NONE.
05-19 16:37:53.785   514  1812 W InputManager-JNI: Input channel object 'c5ad882 PopupWindow:237cb6d (client)' was disposed without first being removed with the input manager!
05-19 16:37:53.803  3381  3381 D LifecycleMonitor: Lifecycle status change: it.feio.android.omninotes.PasswordActivity@3fca74 in: PRE_ON_CREATE
05-19 16:37:53.804  3381  3381 W omninotes.alph: Accessing hidden field Landroid/view/ViewConfiguration;->sHasPermanentMenuKey:Z (max-target-p, reflection, denied)
05-19 16:37:53.805  3381  3381 W CheckListView: Just a little issue in physical menu button management
05-19 16:37:53.805  3381  3381 W CheckListView: java.lang.NoSuchFieldException: No field sHasPermanentMenuKey in class Landroid/view/ViewConfiguration; (declaration of 'android.view.ViewConfiguration' appears in /system/framework/framework.jar!classes3.dex)
05-19 16:37:53.805  3381  3381 W CheckListView: 	at java.lang.Class.getDeclaredField(Native Method)
05-19 16:37:53.805  3381  3381 W CheckListView: 	at it.feio.android.omninotes.BaseActivity.onCreate(BaseActivity.java:79)
05-19 16:37:53.805  3381  3381 W CheckListView: 	at it.feio.android.omninotes.PasswordActivity.onCreate(PasswordActivity.java:58)
05-19 16:37:53.805  3381  3381 W CheckListView: 	at android.app.Activity.performCreate(Activity.java:8054)
05-19 16:37:53.805  3381  3381 W CheckListView: 	at android.app.Activity.performCreate(Activity.java:8034)
05-19 16:37:53.805  3381  3381 W CheckListView: 	at android.app.Instrumentation.callActivityOnCreate(Instrumentation.java:1341)
05-19 16:37:53.805  3381  3381 W CheckListView: 	at androidx.test.runner.MonitoringInstrumentation.callActivityOnCreate(MonitoringInstrumentation.java:779)
05-19 16:37:53.805  3381  3381 W CheckListView: 	at android.app.ActivityThread.performLaunchActivity(ActivityThread.java:3666)
05-19 16:37:53.805  3381  3381 W CheckListView: 	at android.app.ActivityThread.handleLaunchActivity(ActivityThread.java:3842)
05-19 16:37:53.805  3381  3381 W CheckListView: 	at android.app.servertransaction.LaunchActivityItem.execute(LaunchActivityItem.java:103)
05-19 16:37:53.805  3381  3381 W CheckListView: 	at android.app.servertransaction.TransactionExecutor.executeCallbacks(TransactionExecutor.java:135)
05-19 16:37:53.805  3381  3381 W CheckListView: 	at android.app.servertransaction.TransactionExecutor.execute(TransactionExecutor.java:95)
05-19 16:37:53.805  3381  3381 W CheckListView: 	at android.app.ActivityThread$H.handleMessage(ActivityThread.java:2252)
05-19 16:37:53.805  3381  3381 W CheckListView: 	at android.os.Handler.dispatchMessage(Handler.java:106)
05-19 16:37:53.805  3381  3381 W CheckListView: 	at androidx.test.espresso.base.Interrogator.loopAndInterrogate(Interrogator.java:14)
05-19 16:37:53.805  3381  3381 W CheckListView: 	at androidx.test.espresso.base.UiControllerImpl.loopUntil(UiControllerImpl.java:8)
05-19 16:37:53.805  3381  3381 W CheckListView: 	at androidx.test.espresso.base.UiControllerImpl.loopUntil(UiControllerImpl.java:1)
05-19 16:37:53.805  3381  3381 W CheckListView: 	at androidx.test.espresso.base.UiControllerImpl.loopMainThreadForAtLeast(UiControllerImpl.java:7)
05-19 16:37:53.805  3381  3381 W CheckListView: 	at androidx.test.espresso.action.Tap$1.sendTap(Tap.java:6)
05-19 16:37:53.805  3381  3381 W CheckListView: 	at androidx.test.espresso.action.GeneralClickAction.perform(GeneralClickAction.java:6)
05-19 16:37:53.805  3381  3381 W CheckListView: 	at androidx.test.espresso.ViewInteraction$SingleExecutionViewAction.perform(ViewInteraction.java:2)
05-19 16:37:53.805  3381  3381 W CheckListView: 	at androidx.test.espresso.ViewInteraction.doPerform(ViewInteraction.java:25)
05-19 16:37:53.805  3381  3381 W CheckListView: 	at androidx.test.espresso.ViewInteraction.-$$Nest$mdoPerform(Unknown Source:0)
05-19 16:37:53.805  3381  3381 W CheckListView: 	at androidx.test.espresso.ViewInteraction$1.call(ViewInteraction.java:5)
05-19 16:37:53.805  3381  3381 W CheckListView: 	at androidx.test.espresso.ViewInteraction$1.call(ViewInteraction.java:1)
05-19 16:37:53.805  3381  3381 W CheckListView: 	at java.util.concurrent.FutureTask.run(FutureTask.java:266)
05-19 16:37:53.805  3381  3381 W CheckListView: 	at android.os.Handler.handleCallback(Handler.java:938)
05-19 16:37:53.805  3381  3381 W CheckListView: 	at android.os.Handler.dispatchMessage(Handler.java:99)
05-19 16:37:53.805  3381  3381 W CheckListView: 	at android.os.Looper.loopOnce(Looper.java:201)
05-19 16:37:53.805  3381  3381 W CheckListView: 	at android.os.Looper.loop(Looper.java:288)
05-19 16:37:53.805  3381  3381 W CheckListView: 	at android.app.ActivityThread.main(ActivityThread.java:7842)
05-19 16:37:53.805  3381  3381 W CheckListView: 	at java.lang.reflect.Method.invoke(Native Method)
05-19 16:37:53.805  3381  3381 W CheckListView: 	at com.android.internal.os.RuntimeInit$MethodAndArgsCaller.run(RuntimeInit.java:548)
05-19 16:37:53.805  3381  3381 W CheckListView: 	at com.android.internal.os.ZygoteInit.main(ZygoteInit.java:1003)
05-19 16:37:53.872  3381  3381 D LifecycleMonitor: Lifecycle status change: it.feio.android.omninotes.PasswordActivity@3fca74 in: CREATED
05-19 16:37:53.875  3381  3381 D LifecycleMonitor: Lifecycle status change: it.feio.android.omninotes.PasswordActivity@3fca74 in: STARTED
05-19 16:37:53.875  3381  3381 D CheckListView: {}
05-19 16:37:53.875  3381  3381 D LifecycleMonitor: Lifecycle status change: it.feio.android.omninotes.PasswordActivity@3fca74 in: RESUMED
05-19 16:37:53.898   309   309 E android.hardware.audio@7.0-impl.ranchu: device/generic/goldfish/audio/stream_out.cpp:updateSourceMetadata:377 failure: Result::NOT_SUPPORTED
05-19 16:37:53.940   322   472 D goldfish-address-space: claimShared: Ask to claim region [0x1fb37c000 0x1fb93c000]
05-19 16:37:53.951  1584  1584 I LT_PhenotypeApiImplV12: Phenotype registration succeeded
05-19 16:37:53.962   322   472 D goldfish-address-space: claimShared: Ask to claim region [0x1f9b78000 0x1fa138000]
05-19 16:37:53.963   322   472 D goldfish-address-space: claimShared: Ask to claim region [0x1f8928000 0x1f8ee8000]
05-19 16:37:54.005   514   534 I ActivityTaskManager: Displayed it.feio.android.omninotes.alpha/it.feio.android.omninotes.PasswordActivity: +257ms
05-19 16:37:54.018  3381  3519 D EGL_emulation: app_time_stats: avg=96.08ms min=2.35ms max=598.94ms count=13
05-19 16:37:54.034  1258  1258 I GoogleInputMethodService: GoogleInputMethodService.onFinishInput():3269
05-19 16:37:54.035  1258  1258 I GoogleInputMethodService: GoogleInputMethodService.onStartInput():1947
05-19 16:37:54.036  1258  1258 I DeviceUnlockedTag: DeviceUnlockedTag.notifyDeviceLockStatusChanged():79 Notify device unlocked.
05-19 16:37:54.075  2889  2889 I BugleRcsEngine: [2] akbw.l: Reinitialize CSLib Flags: com.google.android.ims.library
05-19 16:37:54.185  2889  3040 I GnpSdk  : [PhenotypeManagerImpl] Phenotype registration SUCCESS
05-19 16:37:54.343  3381  3381 I ViewInteraction: Performing 'scroll to' action on view (view.getId() is <2131296769/it.feio.android.omninotes.alpha:id/password> and Child at position 1 in parent Child at position 0 in parent view.getId() is <2131296775/it.feio.android.omninotes.alpha:id/password_root>)
05-19 16:37:54.343  3381  3381 I ScrollToAction: View is already displayed. Returning.
05-19 16:37:54.345  3381  3381 I ViewInteraction: Performing 'replace text(abc)' action on view (view.getId() is <2131296769/it.feio.android.omninotes.alpha:id/password> and Child at position 1 in parent Child at position 0 in parent view.getId() is <2131296775/it.feio.android.omninotes.alpha:id/password_root>)
05-19 16:37:54.378  3381  3381 D CompatibilityChangeReporter: Compat change id reported: 163400105; UID 10150; state: DISABLED
05-19 16:37:54.383  3381  3381 I AssistStructure: Flattened final assist data: 3648 bytes, containing 1 windows, 15 views
05-19 16:37:54.384  3381  3381 I ViewInteraction: Performing 'close keyboard' action on view (view.getId() is <2131296769/it.feio.android.omninotes.alpha:id/password> and Child at position 1 in parent Child at position 0 in parent view.getId() is <2131296775/it.feio.android.omninotes.alpha:id/password_root>)
05-19 16:37:54.386  3381  3381 D IdlingRegistry: Registering idling resources: [androidx.test.espresso.action.CloseKeyboardAction$CloseKeyboardIdlingResult@fc9a9c4]
05-19 16:37:54.389  3381  3381 W CloseKeyboardAction: Attempting to close soft keyboard, while it is not shown.
05-19 16:37:54.389  3381  3381 D IdlingRegistry: Unregistering idling resources: [androidx.test.espresso.action.CloseKeyboardAction$CloseKeyboardIdlingResult@fc9a9c4]
05-19 16:37:54.394  3381  3381 I ViewInteraction: Performing 'scroll to' action on view (view.getId() is <2131296770/it.feio.android.omninotes.alpha:id/password_check> and Child at position 2 in parent Child at position 0 in parent view.getId() is <2131296775/it.feio.android.omninotes.alpha:id/password_root>)
05-19 16:37:54.395  3381  3381 I ScrollToAction: View is already displayed. Returning.
05-19 16:37:54.396  3381  3381 I ViewInteraction: Performing 'replace text(abc)' action on view (view.getId() is <2131296770/it.feio.android.omninotes.alpha:id/password_check> and Child at position 2 in parent Child at position 0 in parent view.getId() is <2131296775/it.feio.android.omninotes.alpha:id/password_root>)
05-19 16:37:54.411  3381  3381 I ViewInteraction: Performing 'close keyboard' action on view (view.getId() is <2131296770/it.feio.android.omninotes.alpha:id/password_check> and Child at position 2 in parent Child at position 0 in parent view.getId() is <2131296775/it.feio.android.omninotes.alpha:id/password_root>)
05-19 16:37:54.411  3381  3381 D IdlingRegistry: Registering idling resources: [androidx.test.espresso.action.CloseKeyboardAction$CloseKeyboardIdlingResult@df91f73]
05-19 16:37:54.413  3381  3381 W CloseKeyboardAction: Attempting to close soft keyboard, while it is not shown.
05-19 16:37:54.413  3381  3381 D IdlingRegistry: Unregistering idling resources: [androidx.test.espresso.action.CloseKeyboardAction$CloseKeyboardIdlingResult@df91f73]
05-19 16:37:54.414  3381  3381 I ViewInteraction: Performing 'scroll to' action on view (view.getId() is <2131296799/it.feio.android.omninotes.alpha:id/question> and Child at position 4 in parent Child at position 0 in parent view.getId() is <2131296775/it.feio.android.omninotes.alpha:id/password_root>)
05-19 16:37:54.415  3381  3381 I ScrollToAction: View is already displayed. Returning.
05-19 16:37:54.415  3381  3381 I ViewInteraction: Performing 'replace text(ab)' action on view (view.getId() is <2131296799/it.feio.android.omninotes.alpha:id/question> and Child at position 4 in parent Child at position 0 in parent view.getId() is <2131296775/it.feio.android.omninotes.alpha:id/password_root>)
05-19 16:37:54.439  3381  3381 I ViewInteraction: Performing 'close keyboard' action on view (view.getId() is <2131296799/it.feio.android.omninotes.alpha:id/question> and Child at position 4 in parent Child at position 0 in parent view.getId() is <2131296775/it.feio.android.omninotes.alpha:id/password_root>)
05-19 16:37:54.439  3381  3381 D IdlingRegistry: Registering idling resources: [androidx.test.espresso.action.CloseKeyboardAction$CloseKeyboardIdlingResult@8bb2aa9]
05-19 16:37:54.447  3381  3381 W CloseKeyboardAction: Attempting to close soft keyboard, while it is not shown.
05-19 16:37:54.448  3381  3381 D IdlingRegistry: Unregistering idling resources: [androidx.test.espresso.action.CloseKeyboardAction$CloseKeyboardIdlingResult@8bb2aa9]
05-19 16:37:54.449  3381  3381 I ViewInteraction: Performing 'scroll to' action on view (view.getId() is <2131296340/it.feio.android.omninotes.alpha:id/answer> and Child at position 5 in parent Child at position 0 in parent view.getId() is <2131296775/it.feio.android.omninotes.alpha:id/password_root>)
05-19 16:37:54.449  3381  3381 I ScrollToAction: View is already displayed. Returning.
05-19 16:37:54.452  3381  3381 I ViewInteraction: Performing 'replace text(ab)' action on view (view.getId() is <2131296340/it.feio.android.omninotes.alpha:id/answer> and Child at position 5 in parent Child at position 0 in parent view.getId() is <2131296775/it.feio.android.omninotes.alpha:id/password_root>)
05-19 16:37:54.470  1258  1258 I ShortcutsDataManager: ShortcutsDataManager.onContentChanged():70 onContentChanged()
05-19 16:37:54.470  1258  1258 I ContactsDataManager: ContactsDataManager.onContentChanged():155 onContentChanged()
05-19 16:37:54.474   514   547 I libprocessgroup: Successfully killed process cgroup uid 1000 pid 2776 in 5ms
05-19 16:37:54.484  3381  3381 I ViewInteraction: Performing 'close keyboard' action on view (view.getId() is <2131296340/it.feio.android.omninotes.alpha:id/answer> and Child at position 5 in parent Child at position 0 in parent view.getId() is <2131296775/it.feio.android.omninotes.alpha:id/password_root>)
05-19 16:37:54.484  3381  3381 D IdlingRegistry: Registering idling resources: [androidx.test.espresso.action.CloseKeyboardAction$CloseKeyboardIdlingResult@b326d5c]
05-19 16:37:54.491  3381  3381 W CloseKeyboardAction: Attempting to close soft keyboard, while it is not shown.
05-19 16:37:54.491  3381  3381 D IdlingRegistry: Unregistering idling resources: [androidx.test.espresso.action.CloseKeyboardAction$CloseKeyboardIdlingResult@b326d5c]
05-19 16:37:54.495  3381  3381 I ViewInteraction: Performing 'scroll to' action on view (view.getId() is <2131296341/it.feio.android.omninotes.alpha:id/answer_check> and Child at position 6 in parent Child at position 0 in parent view.getId() is <2131296775/it.feio.android.omninotes.alpha:id/password_root>)
05-19 16:37:54.500  3381  3381 I ScrollToAction: View is already displayed. Returning.
05-19 16:37:54.501  3381  3381 I ViewInteraction: Performing 'replace text(ab)' action on view (view.getId() is <2131296341/it.feio.android.omninotes.alpha:id/answer_check> and Child at position 6 in parent Child at position 0 in parent view.getId() is <2131296775/it.feio.android.omninotes.alpha:id/password_root>)
05-19 16:37:54.519   307   307 I Zygote  : Process 2776 exited due to signal 9 (Killed)
05-19 16:37:54.523  3381  3381 I ViewInteraction: Performing 'close keyboard' action on view (view.getId() is <2131296341/it.feio.android.omninotes.alpha:id/answer_check> and Child at position 6 in parent Child at position 0 in parent view.getId() is <2131296775/it.feio.android.omninotes.alpha:id/password_root>)
05-19 16:37:54.530  3381  3381 D IdlingRegistry: Registering idling resources: [androidx.test.espresso.action.CloseKeyboardAction$CloseKeyboardIdlingResult@fe709eb]
05-19 16:37:54.532  3381  3381 W CloseKeyboardAction: Attempting to close soft keyboard, while it is not shown.
05-19 16:37:54.532  3381  3381 D IdlingRegistry: Unregistering idling resources: [androidx.test.espresso.action.CloseKeyboardAction$CloseKeyboardIdlingResult@fe709eb]
05-19 16:37:54.533  3381  3381 I ViewInteraction: Performing 'scroll to' action on view an instance of android.widget.TextView and view.getText() with or without transformation to match: is "Ok"
05-19 16:37:54.533  3381  3381 I ScrollToAction: View is already displayed. Returning.
05-19 16:37:54.534  3381  3381 I ViewInteraction: Performing 'single click' action on view an instance of android.widget.TextView and view.getText() with or without transformation to match: is "Ok"
05-19 16:37:54.543  1047  1047 D TaplEvents: TIS / TouchInteractionService.onInputEvent: MotionEvent { action=ACTION_DOWN, actionButton=0, id[0]=0, x[0]=806.5, y[0]=1818.5, toolType[0]=TOOL_TYPE_UNKNOWN, buttonState=BUTTON_PRIMARY, classification=NONE, metaState=0, flags=0x0, edgeFlags=0x0, pointerCount=1, historySize=0, eventTime=64756, downTime=64756, deviceId=-1, source=0x1002, displayId=0, eventId=-372472707 }
05-19 16:37:54.579  1047  1047 D TaplEvents: TIS / TouchInteractionService.onInputEvent: MotionEvent { action=ACTION_UP, actionButton=0, id[0]=0, x[0]=806.5, y[0]=1818.5, toolType[0]=TOOL_TYPE_FINGER, buttonState=BUTTON_PRIMARY, classification=NONE, metaState=0, flags=0x0, edgeFlags=0x0, pointerCount=1, historySize=0, eventTime=64796, downTime=64756, deviceId=-1, source=0x1002, displayId=0, eventId=-118746301 }
05-19 16:37:54.589  1124  1130 I .gms.persisten: Background young concurrent copying GC freed 216722(12MB) AllocSpace objects, 32(1360KB) LOS objects, 39% free, 19MB/31MB, paused 66us,5us total 291.008ms
05-19 16:37:54.603  3381  3381 V CheckListView: Query: SELECT creation,last_modification,title,content,archived,trashed,alarm,reminder_fired,recurrence_rule,latitude,longitude,address,locked,checklist,category_id,name,description,color FROM notes LEFT JOIN categories USING( category_id)  WHERE locked = 1  ORDER BY title||content COLLATE NOCASE  ASC
05-19 16:37:54.603  3381  3381 V CheckListView: Query: Retrieval finished!
05-19 16:37:54.629   309   309 E android.hardware.audio@7.0-impl.ranchu: device/generic/goldfish/audio/stream_out.cpp:updateSourceMetadata:377 failure: Result::NOT_SUPPORTED
05-19 16:37:54.635  2889  3070 I BugleDataModel: FixupMessageStatusOnStartupAction: sendFailedCnt: 0, downloadFailedCnt: 0, partsProcessingFailedCnt: 0
05-19 16:37:54.653  3381  3381 D StrictMode: StrictMode policy violation; ~duration=49 ms: android.os.strictmode.DiskReadViolation
05-19 16:37:54.653  3381  3381 D StrictMode: 	at android.os.StrictMode$AndroidBlockGuardPolicy.onReadFromDisk(StrictMode.java:1659)
05-19 16:37:54.653  3381  3381 D StrictMode: 	at android.database.sqlite.SQLiteConnection.applyBlockGuardPolicy(SQLiteConnection.java:1199)
05-19 16:37:54.653  3381  3381 D StrictMode: 	at android.database.sqlite.SQLiteConnection.executeForCursorWindow(SQLiteConnection.java:1000)
05-19 16:37:54.653  3381  3381 D StrictMode: 	at android.database.sqlite.SQLiteSession.executeForCursorWindow(SQLiteSession.java:838)
05-19 16:37:54.653  3381  3381 D StrictMode: 	at android.database.sqlite.SQLiteQuery.fillWindow(SQLiteQuery.java:62)
05-19 16:37:54.653  3381  3381 D StrictMode: 	at android.database.sqlite.SQLiteCursor.fillWindow(SQLiteCursor.java:145)
05-19 16:37:54.653  3381  3381 D StrictMode: 	at android.database.sqlite.SQLiteCursor.getCount(SQLiteCursor.java:132)
05-19 16:37:54.653  3381  3381 D StrictMode: 	at android.database.AbstractCursor.moveToPosition(AbstractCursor.java:238)
05-19 16:37:54.653  3381  3381 D StrictMode: 	at android.database.AbstractCursor.moveToFirst(AbstractCursor.java:277)
05-19 16:37:54.653  3381  3381 D StrictMode: 	at it.feio.android.omninotes.db.DbHelper.getNotes(DbHelper.java:448)
05-19 16:37:54.653  3381  3381 D StrictMode: 	at it.feio.android.omninotes.db.DbHelper.getNotesWithLock(DbHelper.java:626)
05-19 16:37:54.653  3381  3381 D StrictMode: 	at it.feio.android.omninotes.PasswordActivity.updatePassword(PasswordActivity.java:170)
05-19 16:37:54.653  3381  3381 D StrictMode: 	at it.feio.android.omninotes.PasswordActivity.lambda$initViews$3$it-feio-android-omninotes-PasswordActivity(PasswordActivity.java:116)
05-19 16:37:54.653  3381  3381 D StrictMode: 	at it.feio.android.omninotes.PasswordActivity$$ExternalSyntheticLambda1.onClick(Unknown Source:2)
05-19 16:37:54.653  3381  3381 D StrictMode: 	at android.view.View.performClick(View.java:7455)
05-19 16:37:54.653  3381  3381 D StrictMode: 	at com.google.android.material.button.MaterialButton.performClick(MaterialButton.java:1119)
05-19 16:37:54.653  3381  3381 D StrictMode: 	at android.view.View.performClickInternal(View.java:7432)
05-19 16:37:54.653  3381  3381 D StrictMode: 	at android.view.View.access$3700(View.java:835)
05-19 16:37:54.653  3381  3381 D StrictMode: 	at android.view.View$PerformClick.run(View.java:28810)
05-19 16:37:54.653  3381  3381 D StrictMode: 	at android.os.Handler.handleCallback(Handler.java:938)
05-19 16:37:54.653  3381  3381 D StrictMode: 	at android.os.Handler.dispatchMessage(Handler.java:99)
05-19 16:37:54.653  3381  3381 D StrictMode: 	at androidx.test.espresso.base.Interrogator.loopAndInterrogate(Interrogator.java:14)
05-19 16:37:54.653  3381  3381 D StrictMode: 	at androidx.test.espresso.base.UiControllerImpl.loopUntil(UiControllerImpl.java:8)
05-19 16:37:54.653  3381  3381 D StrictMode: 	at androidx.test.espresso.base.UiControllerImpl.loopUntil(UiControllerImpl.java:1)
05-19 16:37:54.653  3381  3381 D StrictMode: 	at androidx.test.espresso.base.UiControllerImpl.injectMotionEvent(UiControllerImpl.java:5)
05-19 16:37:54.653  3381  3381 D StrictMode: 	at androidx.test.espresso.action.MotionEvents.sendUp(MotionEvents.java:7)
05-19 16:37:54.653  3381  3381 D StrictMode: 	at androidx.test.espresso.action.MotionEvents.sendUp(MotionEvents.java:1)
05-19 16:37:54.653  3381  3381 D StrictMode: 	at androidx.test.espresso.action.Tap.sendSingleTap(Tap.java:5)
05-19 16:37:54.653  3381  3381 D StrictMode: 	at androidx.test.espresso.action.Tap.-$$Nest$smsendSingleTap(Unknown Source:0)
05-19 16:37:54.653  3381  3381 D StrictMode: 	at androidx.test.espresso.action.Tap$1.sendTap(Tap.java:3)
05-19 16:37:54.653  3381  3381 D StrictMode: 	at androidx.test.espresso.action.GeneralClickAction.perform(GeneralClickAction.java:6)
05-19 16:37:54.653  3381  3381 D StrictMode: 	at androidx.test.espresso.ViewInteraction$SingleExecutionViewAction.perform(ViewInteraction.java:2)
05-19 16:37:54.653  3381  3381 D StrictMode: 	at androidx.test.espresso.ViewInteraction.doPerform(ViewInteraction.java:25)
05-19 16:37:54.653  3381  3381 D StrictMode: 	at androidx.test.espresso.ViewInteraction.-$$Nest$mdoPerform(Unknown Source:0)
05-19 16:37:54.653  3381  3381 D StrictMode: 	at androidx.test.espresso.ViewInteraction$1.call(ViewInteraction.java:5)
05-19 16:37:54.653  3381  3381 D StrictMode: 	at androidx.test.espresso.ViewInteraction$1.call(ViewInteraction.java:1)
05-19 16:37:54.653  3381  3381 D StrictMode: 	at java.util.concurrent.FutureTask.run(FutureTask.java:266)
05-19 16:37:54.653  3381  3381 D StrictMode: 	at android.os.Handler.handleCallback(Handler.java:938)
05-19 16:37:54.653  3381  3381 D StrictMode: 	at android.os.Handler.dispatchMessage(Handler.java:99)
05-19 16:37:54.653  3381  3381 D StrictMode: 	at android.os.Looper.loopOnce(Looper.java:201)
05-19 16:37:54.653  3381  3381 D StrictMode: 	at android.os.Looper.loop(Looper.java:288)
05-19 16:37:54.653  3381  3381 D StrictMode: 	at android.app.ActivityThread.main(ActivityThread.java:7842)
05-19 16:37:54.653  3381  3381 D StrictMode: 	at java.lang.reflect.Method.invoke(Native Method)
05-19 16:37:54.653  3381  3381 D StrictMode: 	at com.android.internal.os.RuntimeInit$MethodAndArgsCaller.run(RuntimeInit.java:548)
05-19 16:37:54.653  3381  3381 D StrictMode: 	at com.android.internal.os.ZygoteInit.main(ZygoteInit.java:1003)
05-19 16:37:54.670  1584  2560 I GmsDebugLogger: [50] container:2124239190400+brella_dynamite+pay+vision.ocr,enpromo:2141060005190000|4
05-19 16:37:54.673  2889  3070 W BugleRcsEngine: [48] alsz.g: Carrier Services Apk was not found.
05-19 16:37:54.673  2889  3070 I BugleRcsEngine: [48] alsz.e: Cannot get service version because CS.apk was not found, not pre-loaded or disabled.
05-19 16:37:54.673  2889  3070 W BugleRcsEngine: [48] alsz.e: Service with meta data key: JibeServiceApiVersions is not compatible. Service Version 1 is not supported. Supported versions: []
05-19 16:37:54.673  2889  3070 I BugleRcsEngine: [48] alsz.c: Not using CS JibeService because it is not compatible with AM.
05-19 16:37:54.673  2889  3070 I BugleDataModel: PendingMessagesProcessor: process from FixupMessageStatusOnStartupAction due to connectivity changed with delay 0 with queues:
05-19 16:37:54.673  2889  3070 I BugleDataModel: ProcessPendingMessagesTimers: cleared next retry time for channel sms_send
05-19 16:37:54.673  2889  3070 I BugleDataModel: ProcessPendingMessagesTimers: cleared next retry time for channel mms_send
05-19 16:37:54.673  2889  3070 I BugleDataModel: ProcessPendingMessagesTimers: cleared next retry time for channel mms_download
05-19 16:37:54.673  2889  3070 I BugleDataModel: ProcessPendingMessagesTimers: cleared next retry time for channel rcs_send
05-19 16:37:54.673  2889  3070 I BugleDataModel: ProcessPendingMessagesTimers: cleared next retry time for channel rcs_ft_upload
05-19 16:37:54.673  2889  3070 I BugleDataModel: ProcessPendingMessagesTimers: cleared next retry time for channel rcs_ft_download
05-19 16:37:54.673  2889  3070 I BugleDataModel: ProcessPendingMessagesTimers: cleared next retry time for channel cloud_sync_send
05-19 16:37:54.673  2889  3070 I BugleDataModel: ProcessPendingMessagesTimers: cleared next retry time for channel cloud_sync_attachment_download
05-19 16:37:54.685  2889  3070 W BugleRcsEngine: [48] alsz.g: Carrier Services Apk was not found.
05-19 16:37:54.685  2889  3070 I BugleRcsEngine: [48] alsz.e: Cannot get service version because CS.apk was not found, not pre-loaded or disabled.
05-19 16:37:54.685  2889  3070 W BugleRcsEngine: [48] alsz.e: Service with meta data key: JibeServiceApiVersions is not compatible. Service Version 1 is not supported. Supported versions: []
05-19 16:37:54.685  2889  3070 I BugleRcsEngine: [48] alsz.c: Not using CS JibeService because it is not compatible with AM.
05-19 16:37:54.685  2889  3070 I BugleDataModel: PendingMessagesProcessor: process from ProcessPendingMessagesAction due to scheduled processing with delay 0 with queues:
05-19 16:37:54.707  2889  3034 I BugleRcsProvisioning: BugleSystemBindingManager: onBuglePhenotypeFlagChanged
05-19 16:37:54.707  2889  3034 I BugleRcsProvisioning: BugleSystemBindingManager: onCsLibPhenotypeUpdated
05-19 16:37:54.707  2889  3034 I BugleRcsEngine: [44] zuq.c: SystemBindingManager: force P/H Flag update scheduled and start updateBinding
05-19 16:37:54.708  2889  2943 I BugleRcsEngine: [41] albk.o: No RCS Configuration was found in Bugle for simID: 89860318640220133897
05-19 16:37:54.714  2889  3050 I BugleTransport: isChatAvailable: RcsAvailability is SUBJECT_TO_BATTERY_OPTIMIZATIONS (RCS services can't run in the background)
05-19 16:37:54.715  2889  3070 W BugleAction: Null config in BugleSharedPrefs
05-19 16:37:54.715  2889  3070 W BugleAction: Failed to get msisdn from Bugle
05-19 16:37:54.715  2889  3070 W BugleAction: Failed to get msisdn from RcsProfileService
05-19 16:37:54.715  2889  3070 W BugleAction: awmw: Jibe SDK Service not available. Is the Jibe SDK service running? Did you call connect() and wait for the notification before calling an API function?
05-19 16:37:54.715  2889  3070 W BugleAction: 	at awmp.b(PG:2)
05-19 16:37:54.715  2889  3070 W BugleAction: 	at com.google.android.rcs.client.profile.RcsProfileService.g(PG:1)
05-19 16:37:54.715  2889  3070 W BugleAction: 	at com.google.android.rcs.client.profile.RcsProfileService.getMsisdn(PG:1)
05-19 16:37:54.715  2889  3070 W BugleAction: 	at utg.F(PG:12)
05-19 16:37:54.715  2889  3070 W BugleAction: 	at tmz.b(PG:1)
05-19 16:37:54.715  2889  3070 W BugleAction: 	at tmx.call(PG:1)
05-19 16:37:54.715  2889  3070 W BugleAction: 	at ayqv.a(PG:1)
05-19 16:37:54.715  2889  3070 W BugleAction: 	at aypm.a(PG:2)
05-19 16:37:54.715  2889  3070 W BugleAction: 	at bcib.c(PG:1)
05-19 16:37:54.715  2889  3070 W BugleAction: 	at bchf.run(PG:4)
05-19 16:37:54.715  2889  3070 W BugleAction: 	at bcid.run(PG:1)
05-19 16:37:54.715  2889  3070 W BugleAction: 	at aosz.run(PG:1)
05-19 16:37:54.715  2889  3070 W BugleAction: 	at java.util.concurrent.ThreadPoolExecutor.runWorker(ThreadPoolExecutor.java:1167)
05-19 16:37:54.715  2889  3070 W BugleAction: 	at java.util.concurrent.ThreadPoolExecutor$Worker.run(ThreadPoolExecutor.java:641)
05-19 16:37:54.715  2889  3070 W BugleAction: 	at aosl.run(PG:2)
05-19 16:37:54.715  2889  3070 W BugleAction: 	at aory.run(PG:3)
05-19 16:37:54.715  2889  3070 W BugleAction: 	at java.lang.Thread.run(Thread.java:920)
05-19 16:37:54.715  2889  3070 W Bugle   : SubscriptionMetadataUtils get: invalid subId = -2
05-19 16:37:54.715  2889  3070 W Bugle   : SubscriptionMetadataUtils get: invalid subId = -2
05-19 16:37:54.716  2889  3070 W Bugle   : SubscriptionMetadataUtils get: invalid subId = -2
05-19 16:37:54.716  2889  3070 W Bugle   : SubscriptionUtilsAsOfLMR1: getSelfRawNumber: subInfo is null for subscription{id:-1}
05-19 16:37:54.716  2889  3070 W BugleAction: No default number, returning empty msisdn
05-19 16:37:54.720  2889  3029 I BugleRcsEngine: [43] ajkh.run: SystemBindingManager: SystemBinding enabled: false
05-19 16:37:54.720  2889  3029 I BugleRcsEngine: [43] ajki.b: System Binding updated
05-19 16:37:54.721  2889  3069 W BugleRcsEngine: [49] ajnl.z: Unable to send diagnostic log
05-19 16:37:54.724  2889  3034 W BugleRcsEngine: [44] alsz.g: Carrier Services Apk was not found.
05-19 16:37:54.724  2889  3034 I BugleRcsEngine: [44] alsz.e: Cannot get service version because CS.apk was not found, not pre-loaded or disabled.
05-19 16:37:54.724  2889  3034 W BugleRcsEngine: [44] alsz.e: Service with meta data key: JibeServiceApiVersions is not compatible. Service Version 1 is not supported. Supported versions: []
05-19 16:37:54.724  2889  3034 I BugleRcsEngine: [44] alsz.c: Not using CS JibeService because it is not compatible with AM.
05-19 16:37:54.735  2889  3070 W BugleAction: No default number, returning empty msisdn
05-19 16:37:54.735  2889  3070 W Bugle   : SubscriptionMetadataUtils get: invalid subId = -2
05-19 16:37:54.739  1584  2560 I GmsModuleFndr: Beginning GMS chimera module scan
05-19 16:37:54.740  2889  3071 W DynamiteModule: Local module descriptor class for com.google.android.gms.providerinstaller.dynamite not found.
05-19 16:37:54.741  2889  3070 W BugleNetwork: RcsMsisdnAccessor: Failed to access Rcs msisdn. subId: -2
05-19 16:37:54.741  2889  3034 I BugleTransport: Cannot refresh chat transport. No msisdn available
05-19 16:37:54.746  2889  3040 I GrowthKit: GrowthKit enabled by flag, registered to Phenotype and schedule jobs.
05-19 16:37:54.748  1124  2123 W ProviderHelper: Unknown dynamite feature providerinstaller.dynamite
05-19 16:37:54.762   309   309 E android.hardware.audio@7.0-impl.ranchu: device/generic/goldfish/audio/stream_out.cpp:updateSourceMetadata:377 failure: Result::NOT_SUPPORTED
05-19 16:37:54.781  1584  2560 I ModuleSetMgr: Computing pending module set with APKs: [[AdsFdrDynamite.integ:211512000100000], [Cronetdynamite:212423190400], [Dynamiteloader:212423190000], [Dynamitemodulesa:212423190000], [Dynamitemodulesc:212423190000], [Googlecertificates:212423190000], [Mapsdynamite:212423190000], [Measurementdynamite:212423190000]]
05-19 16:37:54.815  2889  3071 I DynamiteModule: Considering local module com.google.android.gms.providerinstaller.dynamite:0 and remote module com.google.android.gms.providerinstaller.dynamite:0
05-19 16:37:54.815  2889  3071 W ProviderInstaller: Failed to load providerinstaller module: No acceptable module found. Local version is 0 and remote version is 0.
05-19 16:37:54.839  2889  3069 I BugleJobs: GenericWorkerQueueAction: Bailing early, no work found, no failed work found
05-19 16:37:54.915  3269  3576 D CompatibilityChangeReporter: Compat change id reported: 160794467; UID 10116; state: ENABLED
05-19 16:37:54.923  2889  2943 I BugleRcsProvisioning: BugleSystemBindingManager: onBuglePhenotypeFlagChanged
05-19 16:37:54.923  2889  2943 I BugleRcsProvisioning: BugleSystemBindingManager: onCsLibPhenotypeUpdated
05-19 16:37:54.923  2889  2943 I BugleRcsEngine: [41] zuq.c: SystemBindingManager: force P/H Flag update scheduled and start updateBinding
05-19 16:37:54.935  2889  3029 I BugleRcsEngine: [43] albk.o: No RCS Configuration was found in Bugle for simID: 89860318640220133897
05-19 16:37:54.936  2889  3050 I BugleTransport: isChatAvailable: RcsAvailability is SUBJECT_TO_BATTERY_OPTIMIZATIONS (RCS services can't run in the background)
05-19 16:37:54.953  2889  3034 I BugleRcsEngine: [44] ajkh.run: SystemBindingManager: SystemBinding enabled: false
05-19 16:37:54.953  2889  3034 I BugleRcsEngine: [44] ajki.b: System Binding updated
05-19 16:37:54.953  2889  3069 W BugleRcsEngine: [49] ajnl.z: Unable to send diagnostic log
05-19 16:37:54.966  2889  3070 W BugleAction: Null config in BugleSharedPrefs
05-19 16:37:54.966  2889  3070 W BugleAction: Failed to get msisdn from Bugle
05-19 16:37:54.966  2889  3070 W BugleAction: Failed to get msisdn from RcsProfileService
05-19 16:37:54.966  2889  3070 W BugleAction: awmw: Jibe SDK Service not available. Is the Jibe SDK service running? Did you call connect() and wait for the notification before calling an API function?
05-19 16:37:54.966  2889  3070 W BugleAction: 	at awmp.b(PG:2)
05-19 16:37:54.966  2889  3070 W BugleAction: 	at com.google.android.rcs.client.profile.RcsProfileService.g(PG:1)
05-19 16:37:54.966  2889  3070 W BugleAction: 	at com.google.android.rcs.client.profile.RcsProfileService.getMsisdn(PG:1)
05-19 16:37:54.966  2889  3070 W BugleAction: 	at utg.F(PG:12)
05-19 16:37:54.966  2889  3070 W BugleAction: 	at tmz.b(PG:1)
05-19 16:37:54.966  2889  3070 W BugleAction: 	at tmx.call(PG:1)
05-19 16:37:54.966  2889  3070 W BugleAction: 	at ayqv.a(PG:1)
05-19 16:37:54.966  2889  3070 W BugleAction: 	at aypm.a(PG:2)
05-19 16:37:54.966  2889  3070 W BugleAction: 	at bcib.c(PG:1)
05-19 16:37:54.966  2889  3070 W BugleAction: 	at bchf.run(PG:4)
05-19 16:37:54.966  2889  3070 W BugleAction: 	at bcid.run(PG:1)
05-19 16:37:54.966  2889  3070 W BugleAction: 	at aosz.run(PG:1)
05-19 16:37:54.966  2889  3070 W BugleAction: 	at java.util.concurrent.ThreadPoolExecutor.runWorker(ThreadPoolExecutor.java:1167)
05-19 16:37:54.966  2889  3070 W BugleAction: 	at java.util.concurrent.ThreadPoolExecutor$Worker.run(ThreadPoolExecutor.java:641)
05-19 16:37:54.966  2889  3070 W BugleAction: 	at aosl.run(PG:2)
05-19 16:37:54.966  2889  3070 W BugleAction: 	at aory.run(PG:3)
05-19 16:37:54.966  2889  3070 W BugleAction: 	at java.lang.Thread.run(Thread.java:920)
05-19 16:37:54.966  2889  3070 W Bugle   : SubscriptionMetadataUtils get: invalid subId = -2
05-19 16:37:54.966  2889  3070 W Bugle   : SubscriptionMetadataUtils get: invalid subId = -2
05-19 16:37:54.967  2889  3070 W Bugle   : SubscriptionMetadataUtils get: invalid subId = -2
05-19 16:37:54.967  2889  3070 W Bugle   : SubscriptionUtilsAsOfLMR1: getSelfRawNumber: subInfo is null for subscription{id:-1}
05-19 16:37:54.967  2889  3070 W BugleAction: No default number, returning empty msisdn
05-19 16:37:54.981  1439  1560 W earchbox:searc: Couldn't lock the profile file /data/misc/profiles/cur/0/com.google.android.googlequicksearchbox/primary.prof: Failed to lock file '/data/misc/profiles/cur/0/com.google.android.googlequicksearchbox/primary.prof': Try again
05-19 16:37:54.981  1439  1560 W earchbox:searc: Could not forcefully load profile /data/misc/profiles/cur/0/com.google.android.googlequicksearchbox/primary.prof
05-19 16:37:54.990  1584  2560 I ModuleSetMgr: Pending container module APKs: []
05-19 16:37:54.990  1584  2560 I ModuleSetMgr: Pending non-container module APKs: []
05-19 16:37:54.991  2889  3029 I BugleRcsProvisioning: BugleSystemBindingManager: onCsLibPhenotypeUpdated
05-19 16:37:54.991  2889  3029 I BugleRcsEngine: [43] zuq.c: SystemBindingManager: force P/H Flag update scheduled and start updateBinding
05-19 16:37:54.992  2889  3029 I Bugle   : RcsAvailabilityUtilForProvisioningEngineV2: onCsLibPhenotypeUpdated
05-19 16:37:54.992  2889  3029 I BugleRcsProvisioning: RcsProvisioningTrigger: onCsLibPhenotypeUpdated, enableProvisioningTaskInBugle = true
05-19 16:37:54.992  2889  3029 I BugleRcsProvisioning: RcsProvisioningTrigger: updateRcsAvailability : hint = CSLIB_PHENOTYPE_UPDATE
05-19 16:37:54.992  2889  3029 I Bugle   : RcsAvailabilityUtilForProvisioningEngineV2: updateAvailabilityAsync, hint: CSLIB_PHENOTYPE_UPDATE
05-19 16:37:54.992  2889  3029 I Bugle   : RcsAvailabilityUtilForProvisioningEngineV2: swapAvailabilityUpdater, provisioningTaskInBugle: true, activeRcsAvailabilityUpdater: uts
05-19 16:37:55.019  2889  3034 I BugleRcsEngine: [44] alsz.d: Checking if using CarrierServices.apk is possible. Enabled: true, isAtLeastM: true, runningInsideBugle: true
05-19 16:37:55.024  2889  3034 W BugleRcsEngine: [44] alsz.g: Carrier Services Apk was not found.
05-19 16:37:55.024  2889  3034 I BugleRcsEngine: [44] alsz.e: Cannot get service version because CS.apk was not found, not pre-loaded or disabled.
05-19 16:37:55.024  2889  3034 W BugleRcsEngine: [44] alsz.e: Service with meta data key: JibeServiceApiVersions is not compatible. Service Version 1 is not supported. Supported versions: []
05-19 16:37:55.033  2889  2943 W BugleRcsEngine: [41] alsz.g: Carrier Services Apk was not found.
05-19 16:37:55.033  2889  2943 I BugleRcsEngine: [41] alsz.e: Cannot get service version because CS.apk was not found, not pre-loaded or disabled.
05-19 16:37:55.033  2889  2943 W BugleRcsEngine: [41] alsz.e: Service with meta data key: JibeServiceApiVersions is not compatible. Service Version 1 is not supported. Supported versions: []
05-19 16:37:55.033  2889  2943 I BugleRcsEngine: [41] alsz.c: Not using CS JibeService because it is not compatible with AM.
05-19 16:37:55.037  2889  3034 I BugleRcsProvisioning: RcsAvailabilityUpdaterLocal: updateRcsAvailability, currentAvailability: 19, newAvailability: 19, hint: CSLIB_PHENOTYPE_UPDATE
05-19 16:37:55.037  2889  3040 I BugleRcsProvisioning: RcsProvisioningTrigger: onRcsAvailabilityUpdate : availability is updated to RCS services can't run in the background, lastAvailability is RCS services can't run in the background, simId hash = -1132864388227030896, isPev3Enabled = true
05-19 16:37:55.040  2889  3029 I BugleRcsEngine: [43] ajkh.run: SystemBindingManager: SystemBinding enabled: false
05-19 16:37:55.040  2889  3185 W BugleRcsEngine: [58] ajnl.z: Unable to send diagnostic log
05-19 16:37:55.041  2889  3029 I BugleRcsEngine: [43] ajki.b: System Binding updated
05-19 16:37:55.042   514  3092 D ConnectivityService: requestNetwork for uid/pid:10116/3269 activeRequest: null callbackRequest: 96 [NetworkRequest [ REQUEST id=97, [ Capabilities: INTERNET&NOT_RESTRICTED&TRUSTED&NOT_VCN_MANAGED Uid: 10116 RequestorUid: 10116 RequestorPkg: com.google.android.apps.photos] ]] callback flags: 0 order: 2147483647
05-19 16:37:55.042   514   627 D ConnectivityService: NetReassign [97 : null → 101]
05-19 16:37:55.043   514   620 D WifiNetworkFactory: got request NetworkRequest [ REQUEST id=97, [ Capabilities: INTERNET&NOT_RESTRICTED&TRUSTED&NOT_VCN_MANAGED Uid: 10116 RequestorUid: 10116 RequestorPkg: com.google.android.apps.photos] ]
05-19 16:37:55.043   514   620 D UntrustedWifiNetworkFactory: got request NetworkRequest [ REQUEST id=97, [ Capabilities: INTERNET&NOT_RESTRICTED&TRUSTED&NOT_VCN_MANAGED Uid: 10116 RequestorUid: 10116 RequestorPkg: com.google.android.apps.photos] ]
05-19 16:37:55.043   514   620 D OemPaidWifiNetworkFactory: got request NetworkRequest [ REQUEST id=97, [ Capabilities: INTERNET&NOT_RESTRICTED&TRUSTED&NOT_VCN_MANAGED Uid: 10116 RequestorUid: 10116 RequestorPkg: com.google.android.apps.photos] ]
05-19 16:37:55.060  2889  3070 W BugleAction: No default number, returning empty msisdn
05-19 16:37:55.072  2889  3070 W Bugle   : SubscriptionMetadataUtils get: invalid subId = -2
05-19 16:37:55.085  2889  3070 W BugleNetwork: RcsMsisdnAccessor: Failed to access Rcs msisdn. subId: -2
05-19 16:37:55.085  2889  3040 I BugleTransport: Cannot refresh chat transport. No msisdn available
05-19 16:37:55.105  2889  3071 D nativeloader: classloader namespace configured for unbundled product apk. library_path=/product/priv-app/PrebuiltGmsCore/lib/arm64:/product/priv-app/PrebuiltGmsCore/PrebuiltGmsCore.apk!/lib/arm64-v8a:/product/lib64:/system/product/lib64
05-19 16:37:55.125  3452  3583 W s.messaging:rc: Accessing hidden field Ljava/util/Collections$SynchronizedCollection;->mutex:Ljava/lang/Object; (max-target-o, reflection, denied)
05-19 16:37:55.126  3452  3583 W s.messaging:rc: Accessing hidden method Ljava/util/Collections$SynchronizedSet;-><init>(Ljava/util/Set;Ljava/lang/Object;)V (max-target-o, reflection, denied)
05-19 16:37:55.126  3452  3583 W s.messaging:rc: Accessing hidden method Ljava/util/Collections$SynchronizedCollection;-><init>(Ljava/util/Collection;Ljava/lang/Object;)V (max-target-o, reflection, denied)
05-19 16:37:55.143  3269  3269 D CompatibilityChangeReporter: Compat change id reported: 119147584; UID 10116; state: ENABLED
05-19 16:37:55.174  2889  3071 V NativeCrypto: Registering com/google/android/gms/org/conscrypt/NativeCrypto's 294 native methods...
05-19 16:37:55.215  2889  3071 I ProviderInstaller: Installed default security provider GmsCore_OpenSSL
05-19 16:37:55.227  1584  2560 I DynamiteModule: Considering local module com.google.android.gms.cronet_dynamite:0 and remote module com.google.android.gms.cronet_dynamite:1411
05-19 16:37:55.227  1584  2560 I DynamiteModule: Selected remote version of com.google.android.gms.cronet_dynamite, version >= 1411
05-19 16:37:55.231  2889  3071 W DynamiteModule: Local module descriptor class for com.google.android.gms.providerinstaller.dynamite not found.
05-19 16:37:55.233  1124  2123 W ProviderHelper: Unknown dynamite feature providerinstaller.dynamite
05-19 16:37:55.247  2889  3071 I DynamiteModule: Considering local module com.google.android.gms.providerinstaller.dynamite:0 and remote module com.google.android.gms.providerinstaller.dynamite:0
05-19 16:37:55.247  2889  3071 W ProviderInstaller: Failed to load providerinstaller module: No acceptable module found. Local version is 0 and remote version is 0.
05-19 16:37:55.251   306  3586 D resolv  : GetAddrInfoHandler::run: {101 786533 101 983141 10100 0}
05-19 16:37:55.255   306  3586 D resolv  : resolv_getaddrinfo: explore_fqdn(): ai_family=0 ai_socktype=1 ai_protocol=6
05-19 16:37:55.265   307   307 D Zygote  : Forked child process 3589
05-19 16:37:55.265   306  3588 D resolv  : doQuery: (1, 1)
05-19 16:37:55.265   306  3588 D resolv  : res_nmkquery: (QUERY, IN, A)
05-19 16:37:55.266   306  3588 D resolv  : res_nsend
05-19 16:37:55.266   306  3588 I resolv  : resolv_cache_lookup: lookup
05-19 16:37:55.266   306  3588 I resolv  : resolv_cache_lookup: NOT IN CACHE
05-19 16:37:55.266   306  3588 I resolv  : resolv_populate_res_for_net: netid=101
05-19 16:37:55.268  3452  3452 V ClearcutMetricXmitter: Transmission is done.
05-19 16:37:55.268   306  3588 I resolv  : res_stats_usable_server: NS stats: S 25 + E 0 + T 2 + I 0 = 27, rtt = 9, min_samples = 8
05-19 16:37:55.268   306  3588 I resolv  : res_stats_usable_server: success rate 92
05-19 16:37:55.269   306  3588 D resolv  : res_nsend: Querying server (# 1) address = 10.0.2.3:53
05-19 16:37:55.269   306  3588 D resolv  : send_dg: new DG socket
05-19 16:37:55.270   306  3588 I resolv  : get_timeout: using timeout of 5000 msec
05-19 16:37:55.270   306  3588 I resolv  : retrying_poll: 55 retrying_poll
05-19 16:37:55.271   306  3587 D resolv  : doQuery: (1, 28)
05-19 16:37:55.271   306  3587 D resolv  : res_nmkquery: (QUERY, IN, AAAA)
05-19 16:37:55.271   306  3587 D resolv  : res_nsend
