05-19 16:38:03.124  3381  3381 W RecyclerView: No adapter attached; skipping layout
05-19 16:38:03.128  1584  2971 W Conscrypt: Could not set socket write timeout: java.net.SocketException: Socket closed
05-19 16:38:03.128  1584  2971 W Conscrypt: 	at com.google.android.gms.org.conscrypt.Platform.setSocketWriteTimeout(:com.google.android.gms@212423053@21.24.23 (190400-396046673):2)
05-19 16:38:03.129  1584  2971 W Conscrypt: 	at com.google.android.gms.org.conscrypt.ConscryptFileDescriptorSocket.setSoWriteTimeout(:com.google.android.gms@212423053@21.24.23 (190400-396046673):0)
05-19 16:38:03.153  1584  2971 W Conscrypt: Could not set socket write timeout: java.net.SocketException: Socket closed
05-19 16:38:03.153  1584  2971 W Conscrypt: 	at com.google.android.gms.org.conscrypt.Platform.setSocketWriteTimeout(:com.google.android.gms@212423053@21.24.23 (190400-396046673):2)
05-19 16:38:03.153  1584  2971 W Conscrypt: 	at com.google.android.gms.org.conscrypt.ConscryptFileDescriptorSocket.setSoWriteTimeout(:com.google.android.gms@212423053@21.24.23 (190400-396046673):0)
05-19 16:38:03.191  3381  3381 D CheckListView: it.feio.android.omninotes.async.bus.NotesLoadedEvent
05-19 16:38:03.194  3381  3381 V CheckListView: Started navigation drawer initialization
05-19 16:38:03.194  3381  3381 V CheckListView: Finished navigation drawer initialization
05-19 16:38:03.194  3381  3381 V CheckListView: Finished main menu initialization
05-19 16:38:03.194  3381  3381 V CheckListView: Finished categories menu initialization
05-19 16:38:03.209  3381  3381 D CheckListView: No Vertical Scrolled
05-19 16:38:03.364  3381  3519 D EGL_emulation: app_time_stats: avg=16.58ms min=2.11ms max=221.08ms count=42
05-19 16:38:03.406  3950  3999 I org.webrtc.Logging: CrashStartupListener: Checking conference crashes for 0 account(s).
05-19 16:38:03.507  3950  4037 W avps    : START TRACE Hub Initial Load Latency Content Visible Stale <29f5a27b03850cb600000180db777ff0>@72707.814199
05-19 16:38:03.507  3950  4037 W avps    : START TRACE Inbox first results loaded <d1836cc866e8118400000180db777ff3>@72728.270616
05-19 16:38:03.507  3950  4037 W avps    : START TRACE Inbox first avatars loaded <a27d2451c56350f500000180db777ff3>@72728.412783
05-19 16:38:03.514  3950  3950 W avps    : STOP TRACE <29f5a27b03850cb600000180db777ff0>
05-19 16:38:03.518  3950  3950 W gug     : AccountUtils: For b/73513912, load account content://com.google.android.gm.sapi/account.-2137146394 from MailAppProvider. Is account valid result: 1. [CONTEXT android_log_tag="AccountUtils" ]
05-19 16:38:03.519  3950  3950 W gug     : AccountUtils: For b/73513912, load account content://com.google.android.gm.email.provider/account.-437561172?suppress_combined%3Dtrue from MailAppProvider. Is account valid result: 1. [CONTEXT android_log_tag="AccountUtils" ]
05-19 16:38:03.529  3950  3950 W gug     : [Gmail] PhenotypeManagerImpl: Account is null, skip calling setAccount.
05-19 16:38:03.567  1124  2355 W Auth    : [AccountStateSyncher] Unable to look up account state from server. [CONTEXT service_id=153 ]
05-19 16:38:03.567  1124  2355 W Auth    : java.io.IOException: Couldn't create ClientAuthInfo
05-19 16:38:03.567  1124  2355 W Auth    : 	at hnv.a(:com.google.android.gms@212423053@21.24.23 (190400-396046673):4)
05-19 16:38:03.567  1124  2355 W Auth    : 	at hqr.b(:com.google.android.gms@212423053@21.24.23 (190400-396046673):8)
05-19 16:38:03.567  1124  2355 W Auth    : 	at hna.hasFeatures(:com.google.android.gms@212423053@21.24.23 (190400-396046673):3)
05-19 16:38:03.567  1124  2355 W Auth    : 	at android.accounts.AbstractAccountAuthenticator$Transport.hasFeatures(AbstractAccountAuthenticator.java:312)
05-19 16:38:03.567  1124  2355 W Auth    : 	at android.accounts.IAccountAuthenticator$Stub.onTransact(IAccountAuthenticator.java:345)
05-19 16:38:03.567  1124  2355 W Auth    : 	at android.os.Binder.transact(Binder.java:1064)
05-19 16:38:03.567  1124  2355 W Auth    : 	at eaw.onTransact(:com.google.android.gms@212423053@21.24.23 (190400-396046673):2)
05-19 16:38:03.567  1124  2355 W Auth    : 	at android.os.Binder.transact(Binder.java:1064)
05-19 16:38:03.567  1124  2355 W Auth    : 	at acyy.onTransact(:com.google.android.gms@212423053@21.24.23 (190400-396046673):17)
05-19 16:38:03.567  1124  2355 W Auth    : 	at android.os.Binder.execTransactInternal(Binder.java:1184)
05-19 16:38:03.567  1124  2355 W Auth    : 	at android.os.Binder.execTransact(Binder.java:1143)
05-19 16:38:03.567  1124  2355 W Auth    : Caused by: hpe: Account has no password.
05-19 16:38:03.567  1124  2355 W Auth    : 	at hpf.a(:com.google.android.gms@212423053@21.24.23 (190400-396046673):3)
05-19 16:38:03.567  1124  2355 W Auth    : 	at hnv.a(:com.google.android.gms@212423053@21.24.23 (190400-396046673):3)
05-19 16:38:03.567  1124  2355 W Auth    : 	... 10 more
05-19 16:38:03.568  1124  2355 W Auth    : [GaiaServicesFlagManager] Services not available! [CONTEXT service_id=153 ]
05-19 16:38:03.582  1124  2238 W Auth    : [AccountStateSyncher] Unable to look up account state from server. [CONTEXT service_id=153 ]
05-19 16:38:03.582  1124  2238 W Auth    : java.io.IOException: Couldn't create ClientAuthInfo
05-19 16:38:03.582  1124  2238 W Auth    : 	at hnv.a(:com.google.android.gms@212423053@21.24.23 (190400-396046673):4)
05-19 16:38:03.582  1124  2238 W Auth    : 	at hqr.b(:com.google.android.gms@212423053@21.24.23 (190400-396046673):8)
05-19 16:38:03.582  1124  2238 W Auth    : 	at hna.hasFeatures(:com.google.android.gms@212423053@21.24.23 (190400-396046673):3)
05-19 16:38:03.582  1124  2238 W Auth    : 	at android.accounts.AbstractAccountAuthenticator$Transport.hasFeatures(AbstractAccountAuthenticator.java:312)
05-19 16:38:03.582  1124  2238 W Auth    : 	at android.accounts.IAccountAuthenticator$Stub.onTransact(IAccountAuthenticator.java:345)
05-19 16:38:03.582  1124  2238 W Auth    : 	at android.os.Binder.transact(Binder.java:1064)
05-19 16:38:03.582  1124  2238 W Auth    : 	at eaw.onTransact(:com.google.android.gms@212423053@21.24.23 (190400-396046673):2)
05-19 16:38:03.582  1124  2238 W Auth    : 	at android.os.Binder.transact(Binder.java:1064)
05-19 16:38:03.582  1124  2238 W Auth    : 	at acyy.onTransact(:com.google.android.gms@212423053@21.24.23 (190400-396046673):17)
05-19 16:38:03.582  1124  2238 W Auth    : 	at android.os.Binder.execTransactInternal(Binder.java:1184)
05-19 16:38:03.582  1124  2238 W Auth    : 	at android.os.Binder.execTransact(Binder.java:1143)
05-19 16:38:03.582  1124  2238 W Auth    : Caused by: hpe: Account has no password.
05-19 16:38:03.582  1124  2238 W Auth    : 	at hpf.a(:com.google.android.gms@212423053@21.24.23 (190400-396046673):3)
05-19 16:38:03.582  1124  2238 W Auth    : 	at hnv.a(:com.google.android.gms@212423053@21.24.23 (190400-396046673):3)
05-19 16:38:03.582  1124  2238 W Auth    : 	... 10 more
05-19 16:38:03.582  1124  2238 W Auth    : [GaiaServicesFlagManager] Services not available! [CONTEXT service_id=153 ]
05-19 16:38:03.631  3950  4035 W yiz     : Toggling Chat components off.
05-19 16:38:03.633  3452  4022 W AssistantConfig: appIntegrationDataInBase64 is null
05-19 16:38:03.634  3452  4022 E AssistantConnector: Couldn't read whether gRPC is supported from public value
05-19 16:38:03.634  3452  4022 E AssistantConnector: java.lang.IllegalStateException: Failed to query to AGSA.
05-19 16:38:03.634  3452  4022 E AssistantConnector: 	at amdj.call(PG:16)
05-19 16:38:03.634  3452  4022 E AssistantConnector: 	at aypl.call(PG:2)
05-19 16:38:03.634  3452  4022 E AssistantConnector: 	at bcic.c(PG:1)
05-19 16:38:03.634  3452  4022 E AssistantConnector: 	at bchf.run(PG:4)
05-19 16:38:03.634  3452  4022 E AssistantConnector: 	at bcid.run(PG:1)
05-19 16:38:03.634  3452  4022 E AssistantConnector: 	at java.util.concurrent.ThreadPoolExecutor.runWorker(ThreadPoolExecutor.java:1167)
05-19 16:38:03.634  3452  4022 E AssistantConnector: 	at java.util.concurrent.ThreadPoolExecutor$Worker.run(ThreadPoolExecutor.java:641)
05-19 16:38:03.634  3452  4022 E AssistantConnector: 	at java.lang.Thread.run(Thread.java:920)
05-19 16:38:03.634  3452  4022 I AssistantConnector: Fallback to Maestro connector
05-19 16:38:03.699  3381  3381 I ViewInteraction: Performing 'single click' action on view an instance of android.widget.TextView and view.getText() with or without transformation to match: is "Note Title"
05-19 16:38:03.708  3381  3381 V CheckListView: Notes list: onViewTouchOccurred 0
05-19 16:38:03.715  1047  1047 D TaplEvents: TIS / TouchInteractionService.onInputEvent: MotionEvent { action=ACTION_DOWN, actionButton=0, id[0]=0, x[0]=535.5, y[0]=291.0, toolType[0]=TOOL_TYPE_UNKNOWN, buttonState=BUTTON_PRIMARY, classification=NONE, metaState=0, flags=0x0, edgeFlags=0x0, pointerCount=1, historySize=0, eventTime=73921, downTime=73921, deviceId=-1, source=0x1002, displayId=0, eventId=-237515216 }
05-19 16:38:03.726  3950  4047 W ogle.android.g: Long monitor contention with owner AsyncTask #3 (4045) at android.database.sqlite.SQLiteDatabase com.android.email.provider.EmailProvider.g(android.content.Context)(PG:42) waiters=1 in android.database.sqlite.SQLiteDatabase com.android.email.provider.EmailProvider.g(android.content.Context) for 103ms
05-19 16:38:03.741  3381  3381 V CheckListView: Notes list: onViewTouchOccurred 1
05-19 16:38:03.747  1047  1047 D TaplEvents: TIS / TouchInteractionService.onInputEvent: MotionEvent { action=ACTION_UP, actionButton=0, id[0]=0, x[0]=535.5, y[0]=291.0, toolType[0]=TOOL_TYPE_FINGER, buttonState=BUTTON_PRIMARY, classification=NONE, metaState=0, flags=0x0, edgeFlags=0x0, pointerCount=1, historySize=0, eventTime=73962, downTime=73921, deviceId=-1, source=0x1002, displayId=0, eventId=-7263353 }
05-19 16:38:03.758  3381  3381 D CheckListView: Editing note with ID: 1652949471731
05-19 16:38:03.763  3381  3381 D CheckListView: it.feio.android.omninotes.async.bus.SwitchFragmentEvent
05-19 16:38:03.766   309   309 E android.hardware.audio@7.0-impl.ranchu: device/generic/goldfish/audio/stream_out.cpp:updateSourceMetadata:377 failure: Result::NOT_SUPPORTED
05-19 16:38:03.789  3381  3381 D CheckListView: it.feio.android.omninotes.async.bus.SwitchFragmentEvent
05-19 16:38:03.797  3950  3950 W gug     : [Gmail] ExchangeUpgradeReceiver: ExchangeUpgradeReceiver: action=android.intent.action.BOOT_COMPLETED data=null [CONTEXT android_log_tag="EasBundling" ]
05-19 16:38:03.800  3950  3950 W gug     : [Gmail] ExchangeUpgradeUtils: ExchangeUpgradeUtils: isExchangeLegacy=false [CONTEXT android_log_tag="EasBundling" ]
05-19 16:38:03.815  3452  3583 W s.messaging:rc: Long monitor contention with owner BG Thread #2 (3479) at boolean android.os.MessageQueue.enqueueMessage(android.os.Message, long)(MessageQueue.java:600) waiters=0 in android.os.Message android.os.MessageQueue.next() for 125ms
05-19 16:38:03.838  3950  4011 D CompatibilityChangeReporter: Compat change id reported: 160794467; UID 10119; state: ENABLED
05-19 16:38:03.899   309   309 E android.hardware.audio@7.0-impl.ranchu: device/generic/goldfish/audio/stream_out.cpp:updateSourceMetadata:377 failure: Result::NOT_SUPPORTED
05-19 16:38:04.038  1584  4060 I ChimeraCfgMgr: Auto-enable components using current configuration.
05-19 16:38:04.173  1124  4064 W ConfiguratorPhenotypeUt: Package com.google.android.as name not found! Using module version. [CONTEXT service_id=204 ]
05-19 16:38:04.173  1124  4064 W ConfiguratorPhenotypeUt: Package com.google.oslo name not found! Using module version. [CONTEXT service_id=204 ]
05-19 16:38:04.187  1124  4064 W ConfiguratorPhenotypeUt: Package com.android.refreshratecontrol name not found! Using module version. [CONTEXT service_id=204 ]
05-19 16:38:04.189  1124  2705 I NearbyMediums: BluetoothAdapter's name was not set by Nearby Connections, ignoring call to restore device name [CONTEXT service_id=54 ]
05-19 16:38:04.200  1124  4064 W ConfiguratorPhenotypeUt: Package com.google.android.as name not found! Using module version. [CONTEXT service_id=204 ]
05-19 16:38:04.203  1584  2534 E constellation: [rpc_manager] GetConsent failed with status: cvjs{code=PERMISSION_DENIED, description=The caller does not have permission, cause=null}
05-19 16:38:04.203  1584  2534 E constellation: Exception:
05-19 16:38:04.203  1584  2534 E constellation: cvjt: PERMISSION_DENIED: The caller does not have permission
05-19 16:38:04.203  1584  2534 E constellation: 	at cvjs.h(:com.google.android.gms@212423053@21.24.23 (190400-396046673):0)
05-19 16:38:04.203  1584  2534 E constellation: 	at tve.e(:com.google.android.gms@212423053@21.24.23 (190400-396046673):18)
05-19 16:38:04.203  1584  2534 E constellation: 	at ulr.i(:com.google.android.gms@212423053@21.24.23 (190400-396046673):25)
05-19 16:38:04.203  1584  2534 E constellation: 	at ulr.j(:com.google.android.gms@212423053@21.24.23 (190400-396046673):20)
05-19 16:38:04.203  1584  2534 E constellation: 	at ukv.l(:com.google.android.gms@212423053@21.24.23 (190400-396046673):7)
05-19 16:38:04.203  1584  2534 E constellation: 	at ukv.h(:com.google.android.gms@212423053@21.24.23 (190400-396046673):1)
05-19 16:38:04.203  1584  2534 E constellation: 	at com.google.android.gms.constellation.EventManager.onHandleIntent(:com.google.android.gms@212423053@21.24.23 (190400-396046673):145)
05-19 16:38:04.203  1584  2534 E constellation: 	at com.google.android.chimera.IntentOperation.onHandleIntent(:com.google.android.gms@212423053@21.24.23 (190400-396046673):2)
05-19 16:38:04.203  1584  2534 E constellation: 	at roy.onHandleIntent(:com.google.android.gms@212423053@21.24.23 (190400-396046673):4)
05-19 16:38:04.203  1584  2534 E constellation: 	at eck.run(:com.google.android.gms@212423053@21.24.23 (190400-396046673):5)
05-19 16:38:04.203  1584  2534 E constellation: 	at ecj.run(:com.google.android.gms@212423053@21.24.23 (190400-396046673):11)
05-19 16:38:04.203  1584  2534 E constellation: 	at bvgk.run(:com.google.android.gms@212423053@21.24.23 (190400-396046673):2)
05-19 16:38:04.203  1584  2534 E constellation: 	at java.util.concurrent.ThreadPoolExecutor.runWorker(ThreadPoolExecutor.java:1167)
05-19 16:38:04.203  1584  2534 E constellation: 	at java.util.concurrent.ThreadPoolExecutor$Worker.run(ThreadPoolExecutor.java:641)
05-19 16:38:04.203  1584  2534 E constellation: 	at java.lang.Thread.run(Thread.java:920)
05-19 16:38:04.215  1584  1584 D BoundBrokerSvc: onBind: Intent { act=com.google.android.gms.common.BIND_SHARED_PREFS pkg=com.google.android.gms }
05-19 16:38:04.215  1584  1584 D BoundBrokerSvc: Loading bound service for intent: Intent { act=com.google.android.gms.common.BIND_SHARED_PREFS pkg=com.google.android.gms }
05-19 16:38:04.225  1584  1584 D BoundBrokerSvc: onUnbind: Intent { act=com.google.android.gms.common.BIND_SHARED_PREFS pkg=com.google.android.gms }
05-19 16:38:04.232  1210  1249 W DialerVerifiedNumberProvider: com.android.dialer.businessvoice.verifiedcall.impl.constellation.VerifiedNumberProvider.lambda$getConstellationResponse$1:143 Failed to get constellation token.
05-19 16:38:04.232  1210  1249 W DialerVerifiedNumberProvider: nwj: 5002:
05-19 16:38:04.232  1210  1249 W DialerVerifiedNumberProvider: 	at okb.bE(PG:2)
05-19 16:38:04.232  1210  1249 W DialerVerifiedNumberProvider: 	at oce.b(Unknown Source:2)
05-19 16:38:04.232  1210  1249 W DialerVerifiedNumberProvider: 	at oco.cC(PG:5)
05-19 16:38:04.232  1210  1249 W DialerVerifiedNumberProvider: 	at noz.onTransact(PG:4)
05-19 16:38:04.232  1210  1249 W DialerVerifiedNumberProvider: 	at android.os.Binder.execTransactInternal(Binder.java:1184)
05-19 16:38:04.232  1210  1249 W DialerVerifiedNumberProvider: 	at android.os.Binder.execTransact(Binder.java:1143)
05-19 16:38:04.256  1124  4064 W ConfiguratorPhenotypeUt: Package com.android.media name not found! Using module version. [CONTEXT service_id=204 ]
05-19 16:38:04.263  1210  1249 W DialerConstellationSyncWorker: com.android.dialer.businessvoice.control.worker.ConstellationSyncWorker.lambda$syncConstellation$2:109 Constellation api request failed, status code: 5002
05-19 16:38:04.265  1210  1250 I WM-WorkerWrapper: Worker result RETRY for Work [ id=2c1e6afd-8887-40cc-b834-c32f15e0b716, tags={ com.google.apps.tiktok.contrib.work.TikTokListenableWorker, TikTokWorker#com.android.dialer.businessvoice.control.worker.ConstellationSyncWorker } ]
05-19 16:38:04.267  1124  1124 D BoundBrokerSvc: onRebind: Intent { act=com.google.android.gms.clearcut.bootcount.service.START pkg=com.google.android.gms }
05-19 16:38:04.275  1124  4064 W ConfiguratorPhenotypeUt: Package com.android.appsearch name not found! Using module version. [CONTEXT service_id=204 ]
05-19 16:38:04.279  1124  4064 W ConfiguratorPhenotypeUt: Package com.google.android.odad name not found! Using module version. [CONTEXT service_id=204 ]
05-19 16:38:04.286  1124  4064 W ConfiguratorPhenotypeUt: Package com.android.media.swcodec name not found! Using module version. [CONTEXT service_id=204 ]
05-19 16:38:04.377  1584  1584 D BoundBrokerSvc: onBind: Intent { act=com.google.android.gms.auth.key.retrieval.service.START cmp=com.google.android.gms/.chimera.GmsApiService }
05-19 16:38:04.377  1584  1584 D BoundBrokerSvc: Loading bound service for intent: Intent { act=com.google.android.gms.auth.key.retrieval.service.START cmp=com.google.android.gms/.chimera.GmsApiService }
05-19 16:38:04.395  1439  1439 I OpaEligibilityChecker: send OpaEligibilityChange broadcast to CommonBroadcastReceiver
05-19 16:38:04.411  1439  1439 I CalRefreshTaskCtrl: #onDeviceInstallOrBoot(): Starting calendar refresh task.
05-19 16:38:04.411  1439  1439 I CalRefreshTaskCtrl: #refreshCalendarData()
05-19 16:38:04.440  1439  1439 I CalRefreshTaskCtrl: Do not refresh calendar data because Smartspace is not available on device.
05-19 16:38:04.442  1439  1439 I CalWorkerScheduler: Scheduling calendar refresh task status check worker at device reboot or app install.
05-19 16:38:04.473   322   472 D goldfish-address-space: claimShared: Ask to claim region [0x1fb37c000 0x1fb958000]
05-19 16:38:04.534  3381  3381 W omninotes.alph: Accessing hidden field Landroid/app/Activity;->mResultCode:I (unsupported, reflection, allowed)
05-19 16:38:04.535  3381  3381 W omninotes.alph: Accessing hidden field Landroid/app/Activity;->mResultData:Landroid/content/Intent; (unsupported, reflection, allowed)
05-19 16:38:04.552  3381  3381 D LifecycleMonitor: Lifecycle status change: it.feio.android.omninotes.MainActivity@6f52fd8 in: PAUSED
05-19 16:38:04.560   514  2651 W InputReader: Device virtio_input_multi_touch_7 is associated with display ADISPLAY_ID_NONE.
05-19 16:38:04.560   514  2651 W InputReader: Device virtio_input_multi_touch_2 is associated with display ADISPLAY_ID_NONE.
05-19 16:38:04.560   514  2651 W InputReader: Device virtio_input_multi_touch_9 is associated with display ADISPLAY_ID_NONE.
05-19 16:38:04.561   514  2651 W InputReader: Device virtio_input_multi_touch_3 is associated with display ADISPLAY_ID_NONE.
05-19 16:38:04.561   514  2651 W InputReader: Device virtio_input_multi_touch_8 is associated with display ADISPLAY_ID_NONE.
05-19 16:38:04.561   514  2651 W InputReader: Device virtio_input_multi_touch_10 is associated with display ADISPLAY_ID_NONE.
05-19 16:38:04.562   514  2651 W InputReader: Device virtio_input_multi_touch_4 is associated with display ADISPLAY_ID_NONE.
05-19 16:38:04.562   514  2651 W InputReader: Device virtio_input_multi_touch_6 is associated with display ADISPLAY_ID_NONE.
05-19 16:38:04.562   514  2651 W InputReader: Device virtio_input_multi_touch_5 is associated with display ADISPLAY_ID_NONE.
05-19 16:38:04.562   514  2651 W InputReader: Device virtio_input_multi_touch_11 is associated with display ADISPLAY_ID_NONE.
05-19 16:38:04.567   514  2651 W InputReader: Device virtio_input_multi_touch_7 is associated with display ADISPLAY_ID_NONE.
05-19 16:38:04.568   514  2651 W InputReader: Device virtio_input_multi_touch_2 is associated with display ADISPLAY_ID_NONE.
05-19 16:38:04.568   514  2651 W InputReader: Device virtio_input_multi_touch_9 is associated with display ADISPLAY_ID_NONE.
05-19 16:38:04.568   514  2651 W InputReader: Device virtio_input_multi_touch_3 is associated with display ADISPLAY_ID_NONE.
05-19 16:38:04.568   514  2651 W InputReader: Device virtio_input_multi_touch_8 is associated with display ADISPLAY_ID_NONE.
05-19 16:38:04.569   514  2651 W InputReader: Device virtio_input_multi_touch_10 is associated with display ADISPLAY_ID_NONE.
05-19 16:38:04.569   514  2651 W InputReader: Device virtio_input_multi_touch_4 is associated with display ADISPLAY_ID_NONE.
05-19 16:38:04.569   514  2651 W InputReader: Device virtio_input_multi_touch_6 is associated with display ADISPLAY_ID_NONE.
05-19 16:38:04.569   514  2651 W InputReader: Device virtio_input_multi_touch_5 is associated with display ADISPLAY_ID_NONE.
05-19 16:38:04.569   514  2651 W InputReader: Device virtio_input_multi_touch_11 is associated with display ADISPLAY_ID_NONE.
05-19 16:38:04.615   307   307 D Zygote  : Forked child process 4070
05-19 16:38:04.669   322   472 D goldfish-address-space: claimShared: Ask to claim region [0x1f8928000 0x1f9250000]
05-19 16:38:04.718  3381  3519 D EGL_emulation: app_time_stats: avg=32.72ms min=2.74ms max=459.05ms count=34
05-19 16:38:04.748  3381  3513 I TestRunner: finished: disablePasswordToNote(it.feio.android.omninotes.ui.AccessNotePasswordTest)
