05-18 23:44:24.123   515  1117 W InputReader: Device virtio_input_multi_touch_4 is associated with display ADISPLAY_ID_NONE.
05-18 23:44:24.123   515  1117 W InputReader: Device virtio_input_multi_touch_9 is associated with display ADISPLAY_ID_NONE.
05-18 23:44:24.123   515  1117 W InputReader: Device virtio_input_multi_touch_5 is associated with display ADISPLAY_ID_NONE.
05-18 23:44:24.123   515  1117 W InputReader: Device virtio_input_multi_touch_8 is associated with display ADISPLAY_ID_NONE.
05-18 23:44:24.123   515  1117 W InputReader: Device virtio_input_multi_touch_2 is associated with display ADISPLAY_ID_NONE.
05-18 23:44:24.136  7384  7384 D LifecycleMonitor: Lifecycle status change: it.feio.android.omninotes.PasswordActivity@372ece9 in: PRE_ON_CREATE
05-18 23:44:24.137  7384  7384 W omninotes.alph: Accessing hidden field Landroid/view/ViewConfiguration;->sHasPermanentMenuKey:Z (max-target-p, reflection, denied)
05-18 23:44:24.138  7384  7384 W CheckListView: Just a little issue in physical menu button management
05-18 23:44:24.138  7384  7384 W CheckListView: java.lang.NoSuchFieldException: No field sHasPermanentMenuKey in class Landroid/view/ViewConfiguration; (declaration of 'android.view.ViewConfiguration' appears in /system/framework/framework.jar!classes3.dex)
05-18 23:44:24.138  7384  7384 W CheckListView: 	at java.lang.Class.getDeclaredField(Native Method)
05-18 23:44:24.138  7384  7384 W CheckListView: 	at it.feio.android.omninotes.BaseActivity.onCreate(BaseActivity.java:79)
05-18 23:44:24.138  7384  7384 W CheckListView: 	at it.feio.android.omninotes.PasswordActivity.onCreate(PasswordActivity.java:58)
05-18 23:44:24.138  7384  7384 W CheckListView: 	at android.app.Activity.performCreate(Activity.java:8054)
05-18 23:44:24.138  7384  7384 W CheckListView: 	at android.app.Activity.performCreate(Activity.java:8034)
05-18 23:44:24.138  7384  7384 W CheckListView: 	at android.app.Instrumentation.callActivityOnCreate(Instrumentation.java:1341)
05-18 23:44:24.138  7384  7384 W CheckListView: 	at androidx.test.runner.MonitoringInstrumentation.callActivityOnCreate(MonitoringInstrumentation.java:779)
05-18 23:44:24.138  7384  7384 W CheckListView: 	at android.app.ActivityThread.performLaunchActivity(ActivityThread.java:3666)
05-18 23:44:24.138  7384  7384 W CheckListView: 	at android.app.ActivityThread.handleLaunchActivity(ActivityThread.java:3842)
05-18 23:44:24.138  7384  7384 W CheckListView: 	at android.app.servertransaction.LaunchActivityItem.execute(LaunchActivityItem.java:103)
05-18 23:44:24.138  7384  7384 W CheckListView: 	at android.app.servertransaction.TransactionExecutor.executeCallbacks(TransactionExecutor.java:135)
05-18 23:44:24.138  7384  7384 W CheckListView: 	at android.app.servertransaction.TransactionExecutor.execute(TransactionExecutor.java:95)
05-18 23:44:24.138  7384  7384 W CheckListView: 	at android.app.ActivityThread$H.handleMessage(ActivityThread.java:2252)
05-18 23:44:24.138  7384  7384 W CheckListView: 	at android.os.Handler.dispatchMessage(Handler.java:106)
05-18 23:44:24.138  7384  7384 W CheckListView: 	at androidx.test.espresso.base.Interrogator.loopAndInterrogate(Interrogator.java:14)
05-18 23:44:24.138  7384  7384 W CheckListView: 	at androidx.test.espresso.base.UiControllerImpl.loopUntil(UiControllerImpl.java:8)
05-18 23:44:24.138  7384  7384 W CheckListView: 	at androidx.test.espresso.base.UiControllerImpl.loopUntil(UiControllerImpl.java:1)
05-18 23:44:24.138  7384  7384 W CheckListView: 	at androidx.test.espresso.base.UiControllerImpl.injectMotionEvent(UiControllerImpl.java:5)
05-18 23:44:24.138  7384  7384 W CheckListView: 	at androidx.test.espresso.action.MotionEvents.sendUp(MotionEvents.java:7)
05-18 23:44:24.138  7384  7384 W CheckListView: 	at androidx.test.espresso.action.MotionEvents.sendUp(MotionEvents.java:1)
05-18 23:44:24.138  7384  7384 W CheckListView: 	at androidx.test.espresso.action.Tap.sendSingleTap(Tap.java:5)
05-18 23:44:24.138  7384  7384 W CheckListView: 	at androidx.test.espresso.action.Tap.-$$Nest$smsendSingleTap(Unknown Source:0)
05-18 23:44:24.138  7384  7384 W CheckListView: 	at androidx.test.espresso.action.Tap$1.sendTap(Tap.java:3)
05-18 23:44:24.138  7384  7384 W CheckListView: 	at androidx.test.espresso.action.GeneralClickAction.perform(GeneralClickAction.java:6)
05-18 23:44:24.138  7384  7384 W CheckListView: 	at androidx.test.espresso.contrib.RecyclerViewActions$ActionOnItemAtPositionViewAction.perform(RecyclerViewActions.java:311)
05-18 23:44:24.138  7384  7384 W CheckListView: 	at androidx.test.espresso.ViewInteraction$SingleExecutionViewAction.perform(ViewInteraction.java:2)
05-18 23:44:24.138  7384  7384 W CheckListView: 	at androidx.test.espresso.ViewInteraction.doPerform(ViewInteraction.java:25)
05-18 23:44:24.138  7384  7384 W CheckListView: 	at androidx.test.espresso.ViewInteraction.-$$Nest$mdoPerform(Unknown Source:0)
05-18 23:44:24.138  7384  7384 W CheckListView: 	at androidx.test.espresso.ViewInteraction$1.call(ViewInteraction.java:5)
05-18 23:44:24.138  7384  7384 W CheckListView: 	at androidx.test.espresso.ViewInteraction$1.call(ViewInteraction.java:1)
05-18 23:44:24.138  7384  7384 W CheckListView: 	at java.util.concurrent.FutureTask.run(FutureTask.java:266)
05-18 23:44:24.138  7384  7384 W CheckListView: 	at android.os.Handler.handleCallback(Handler.java:938)
05-18 23:44:24.138  7384  7384 W CheckListView: 	at android.os.Handler.dispatchMessage(Handler.java:99)
05-18 23:44:24.138  7384  7384 W CheckListView: 	at android.os.Looper.loopOnce(Looper.java:201)
05-18 23:44:24.138  7384  7384 W CheckListView: 	at android.os.Looper.loop(Looper.java:288)
05-18 23:44:24.138  7384  7384 W CheckListView: 	at android.app.ActivityThread.main(ActivityThread.java:7842)
05-18 23:44:24.138  7384  7384 W CheckListView: 	at java.lang.reflect.Method.invoke(Native Method)
05-18 23:44:24.138  7384  7384 W CheckListView: 	at com.android.internal.os.RuntimeInit$MethodAndArgsCaller.run(RuntimeInit.java:548)
05-18 23:44:24.138  7384  7384 W CheckListView: 	at com.android.internal.os.ZygoteInit.main(ZygoteInit.java:1003)
05-18 23:44:24.162  7384  7384 D LifecycleMonitor: Lifecycle status change: it.feio.android.omninotes.PasswordActivity@372ece9 in: CREATED
05-18 23:44:24.163  7384  7384 D LifecycleMonitor: Lifecycle status change: it.feio.android.omninotes.PasswordActivity@372ece9 in: STARTED
05-18 23:44:24.163  7384  7384 D CheckListView: {settings_password_access=false}
05-18 23:44:24.164  7384  7384 D LifecycleMonitor: Lifecycle status change: it.feio.android.omninotes.PasswordActivity@372ece9 in: RESUMED
05-18 23:44:24.176   321   477 D goldfish-address-space: claimShared: Ask to claim region [0x1f1b78000 0x1f2138000]
05-18 23:44:24.192   321   477 D goldfish-address-space: claimShared: Ask to claim region [0x1f2138000 0x1f26f8000]
05-18 23:44:24.198   515   535 I ActivityTaskManager: Displayed it.feio.android.omninotes.alpha/it.feio.android.omninotes.PasswordActivity: +91ms
05-18 23:44:24.207   321   477 D goldfish-address-space: claimShared: Ask to claim region [0x1f26f8000 0x1f2cb8000]
05-18 23:44:24.212  1280  1280 I GoogleInputMethodService: GoogleInputMethodService.onFinishInput():3269
05-18 23:44:24.212  1280  1280 I GoogleInputMethodService: GoogleInputMethodService.onStartInput():1947
05-18 23:44:24.213  1280  1280 I DeviceUnlockedTag: DeviceUnlockedTag.notifyDeviceLockStatusChanged():79 Notify device unlocked.
05-18 23:44:24.246   310   352 E android.hardware.audio@7.0-impl.ranchu: device/generic/goldfish/audio/stream_out.cpp:updateSourceMetadata:377 failure: Result::NOT_SUPPORTED
05-18 23:44:24.458  7384  7384 I ViewInteraction: Performing 'scroll to' action on view (view.getId() is <2131296769/it.feio.android.omninotes.alpha:id/password> and Child at position 1 in parent Child at position 0 in parent view.getId() is <2131296775/it.feio.android.omninotes.alpha:id/password_root>)
05-18 23:44:24.459  7384  7384 I ScrollToAction: View is already displayed. Returning.
05-18 23:44:24.460  7384  7384 I ViewInteraction: Performing 'replace text(aa)' action on view (view.getId() is <2131296769/it.feio.android.omninotes.alpha:id/password> and Child at position 1 in parent Child at position 0 in parent view.getId() is <2131296775/it.feio.android.omninotes.alpha:id/password_root>)
05-18 23:44:24.470  7384  7384 D CompatibilityChangeReporter: Compat change id reported: 163400105; UID 10150; state: DISABLED
05-18 23:44:24.471  7384  7384 I AssistStructure: Flattened final assist data: 3648 bytes, containing 1 windows, 15 views
05-18 23:44:24.474  7384  7384 I ViewInteraction: Performing 'close keyboard' action on view (view.getId() is <2131296769/it.feio.android.omninotes.alpha:id/password> and Child at position 1 in parent Child at position 0 in parent view.getId() is <2131296775/it.feio.android.omninotes.alpha:id/password_root>)
05-18 23:44:24.475  7384  7384 D IdlingRegistry: Registering idling resources: [androidx.test.espresso.action.CloseKeyboardAction$CloseKeyboardIdlingResult@ce4d26d]
05-18 23:44:24.475  7384  7384 W CloseKeyboardAction: Attempting to close soft keyboard, while it is not shown.
05-18 23:44:24.475  7384  7384 D IdlingRegistry: Unregistering idling resources: [androidx.test.espresso.action.CloseKeyboardAction$CloseKeyboardIdlingResult@ce4d26d]
05-18 23:44:24.476  7384  7384 I ViewInteraction: Performing 'scroll to' action on view (view.getId() is <2131296770/it.feio.android.omninotes.alpha:id/password_check> and Child at position 2 in parent Child at position 0 in parent view.getId() is <2131296775/it.feio.android.omninotes.alpha:id/password_root>)
05-18 23:44:24.477  7384  7384 I ScrollToAction: View is already displayed. Returning.
05-18 23:44:24.478  7384  7384 I ViewInteraction: Performing 'replace text(aa)' action on view (view.getId() is <2131296770/it.feio.android.omninotes.alpha:id/password_check> and Child at position 2 in parent Child at position 0 in parent view.getId() is <2131296775/it.feio.android.omninotes.alpha:id/password_root>)
05-18 23:44:24.488  7384  7384 I ViewInteraction: Performing 'close keyboard' action on view (view.getId() is <2131296770/it.feio.android.omninotes.alpha:id/password_check> and Child at position 2 in parent Child at position 0 in parent view.getId() is <2131296775/it.feio.android.omninotes.alpha:id/password_root>)
05-18 23:44:24.488  7384  7384 D IdlingRegistry: Registering idling resources: [androidx.test.espresso.action.CloseKeyboardAction$CloseKeyboardIdlingResult@e8dfaf0]
05-18 23:44:24.489  7384  7384 W CloseKeyboardAction: Attempting to close soft keyboard, while it is not shown.
05-18 23:44:24.489  7384  7384 D IdlingRegistry: Unregistering idling resources: [androidx.test.espresso.action.CloseKeyboardAction$CloseKeyboardIdlingResult@e8dfaf0]
05-18 23:44:24.490  7384  7384 I ViewInteraction: Performing 'scroll to' action on view (view.getId() is <2131296799/it.feio.android.omninotes.alpha:id/question> and Child at position 4 in parent Child at position 0 in parent view.getId() is <2131296775/it.feio.android.omninotes.alpha:id/password_root>)
05-18 23:44:24.491  7384  7384 I ScrollToAction: View is already displayed. Returning.
05-18 23:44:24.492  7384  7384 I ViewInteraction: Performing 'replace text(aa)' action on view (view.getId() is <2131296799/it.feio.android.omninotes.alpha:id/question> and Child at position 4 in parent Child at position 0 in parent view.getId() is <2131296775/it.feio.android.omninotes.alpha:id/password_root>)
05-18 23:44:24.497  1280  1280 I ShortcutsDataManager: ShortcutsDataManager.onContentChanged():70 onContentChanged()
05-18 23:44:24.497  1280  1280 I ContactsDataManager: ContactsDataManager.onContentChanged():155 onContentChanged()
05-18 23:44:24.505  7384  7384 I ViewInteraction: Performing 'close keyboard' action on view (view.getId() is <2131296799/it.feio.android.omninotes.alpha:id/question> and Child at position 4 in parent Child at position 0 in parent view.getId() is <2131296775/it.feio.android.omninotes.alpha:id/password_root>)
05-18 23:44:24.506  7384  7384 D IdlingRegistry: Registering idling resources: [androidx.test.espresso.action.CloseKeyboardAction$CloseKeyboardIdlingResult@ca47ba1]
05-18 23:44:24.506  7384  7384 W CloseKeyboardAction: Attempting to close soft keyboard, while it is not shown.
05-18 23:44:24.506  7384  7384 D IdlingRegistry: Unregistering idling resources: [androidx.test.espresso.action.CloseKeyboardAction$CloseKeyboardIdlingResult@ca47ba1]
05-18 23:44:24.508  7384  7384 I ViewInteraction: Performing 'scroll to' action on view (view.getId() is <2131296340/it.feio.android.omninotes.alpha:id/answer> and Child at position 5 in parent Child at position 0 in parent view.getId() is <2131296775/it.feio.android.omninotes.alpha:id/password_root>)
05-18 23:44:24.508  7384  7384 I ScrollToAction: View is already displayed. Returning.
05-18 23:44:24.509  7384  7384 I ViewInteraction: Performing 'replace text(aa)' action on view (view.getId() is <2131296340/it.feio.android.omninotes.alpha:id/answer> and Child at position 5 in parent Child at position 0 in parent view.getId() is <2131296775/it.feio.android.omninotes.alpha:id/password_root>)
05-18 23:44:24.521  7384  7384 I ViewInteraction: Performing 'close keyboard' action on view (view.getId() is <2131296340/it.feio.android.omninotes.alpha:id/answer> and Child at position 5 in parent Child at position 0 in parent view.getId() is <2131296775/it.feio.android.omninotes.alpha:id/password_root>)
05-18 23:44:24.521  7384  7384 D IdlingRegistry: Registering idling resources: [androidx.test.espresso.action.CloseKeyboardAction$CloseKeyboardIdlingResult@fb6ccb4]
05-18 23:44:24.522  7384  7384 W CloseKeyboardAction: Attempting to close soft keyboard, while it is not shown.
05-18 23:44:24.522  7384  7384 D IdlingRegistry: Unregistering idling resources: [androidx.test.espresso.action.CloseKeyboardAction$CloseKeyboardIdlingResult@fb6ccb4]
05-18 23:44:24.523  7384  7384 I ViewInteraction: Performing 'scroll to' action on view (view.getId() is <2131296341/it.feio.android.omninotes.alpha:id/answer_check> and Child at position 6 in parent Child at position 0 in parent view.getId() is <2131296775/it.feio.android.omninotes.alpha:id/password_root>)
05-18 23:44:24.524  7384  7384 I ScrollToAction: View is already displayed. Returning.
05-18 23:44:24.524  7384  7384 I ViewInteraction: Performing 'replace text(aa)' action on view (view.getId() is <2131296341/it.feio.android.omninotes.alpha:id/answer_check> and Child at position 6 in parent Child at position 0 in parent view.getId() is <2131296775/it.feio.android.omninotes.alpha:id/password_root>)
05-18 23:44:24.537  7384  7384 I ViewInteraction: Performing 'close keyboard' action on view (view.getId() is <2131296341/it.feio.android.omninotes.alpha:id/answer_check> and Child at position 6 in parent Child at position 0 in parent view.getId() is <2131296775/it.feio.android.omninotes.alpha:id/password_root>)
05-18 23:44:24.537  7384  7384 D IdlingRegistry: Registering idling resources: [androidx.test.espresso.action.CloseKeyboardAction$CloseKeyboardIdlingResult@57b1323]
05-18 23:44:24.538  7384  7384 W CloseKeyboardAction: Attempting to close soft keyboard, while it is not shown.
05-18 23:44:24.538  7384  7384 D IdlingRegistry: Unregistering idling resources: [androidx.test.espresso.action.CloseKeyboardAction$CloseKeyboardIdlingResult@57b1323]
05-18 23:44:24.539  7384  7384 I ViewInteraction: Performing 'scroll to' action on view (view.getId() is <2131296771/it.feio.android.omninotes.alpha:id/password_confirm> and an instance of android.widget.TextView and view.getText() with or without transformation to match: is "Ok" and Child at position 2 in parent Child at position 7 in parent view.getClass().getName() matches: is "android.widget.LinearLayout")
05-18 23:44:24.540  7384  7384 I ScrollToAction: View is already displayed. Returning.
05-18 23:44:24.541  7384  7384 I ViewInteraction: Performing 'single click' action on view (view.getId() is <2131296771/it.feio.android.omninotes.alpha:id/password_confirm> and an instance of android.widget.TextView and view.getText() with or without transformation to match: is "Ok" and Child at position 2 in parent Child at position 7 in parent view.getClass().getName() matches: is "android.widget.LinearLayout")
05-18 23:44:24.542  1040  1040 D TaplEvents: TIS / TouchInteractionService.onInputEvent: MotionEvent { action=ACTION_DOWN, actionButton=0, id[0]=0, x[0]=806.5, y[0]=1818.5, toolType[0]=TOOL_TYPE_UNKNOWN, buttonState=BUTTON_PRIMARY, classification=NONE, metaState=0, flags=0x0, edgeFlags=0x0, pointerCount=1, historySize=0, eventTime=929980, downTime=929980, deviceId=-1, source=0x1002, displayId=0, eventId=-654073698 }
05-18 23:44:24.583  1040  1040 D TaplEvents: TIS / TouchInteractionService.onInputEvent: MotionEvent { action=ACTION_UP, actionButton=0, id[0]=0, x[0]=806.5, y[0]=1818.5, toolType[0]=TOOL_TYPE_FINGER, buttonState=BUTTON_PRIMARY, classification=NONE, metaState=0, flags=0x0, edgeFlags=0x0, pointerCount=1, historySize=0, eventTime=930022, downTime=929980, deviceId=-1, source=0x1002, displayId=0, eventId=-423442757 }
05-18 23:44:24.607  7384  7384 V CheckListView: Query: SELECT creation,last_modification,title,content,archived,trashed,alarm,reminder_fired,recurrence_rule,latitude,longitude,address,locked,checklist,category_id,name,description,color FROM notes LEFT JOIN categories USING( category_id)  WHERE locked = 1  ORDER BY title||content COLLATE NOCASE  ASC
05-18 23:44:24.608  7384  7384 V CheckListView: Query: Retrieval finished!
05-18 23:44:24.622   310   352 E android.hardware.audio@7.0-impl.ranchu: device/generic/goldfish/audio/stream_out.cpp:updateSourceMetadata:377 failure: Result::NOT_SUPPORTED
05-18 23:44:24.624  7384  7384 D StrictMode: StrictMode policy violation; ~duration=16 ms: android.os.strictmode.DiskReadViolation
05-18 23:44:24.624  7384  7384 D StrictMode: 	at android.os.StrictMode$AndroidBlockGuardPolicy.onReadFromDisk(StrictMode.java:1659)
05-18 23:44:24.624  7384  7384 D StrictMode: 	at android.database.sqlite.SQLiteConnection.applyBlockGuardPolicy(SQLiteConnection.java:1199)
05-18 23:44:24.624  7384  7384 D StrictMode: 	at android.database.sqlite.SQLiteConnection.executeForCursorWindow(SQLiteConnection.java:1000)
05-18 23:44:24.624  7384  7384 D StrictMode: 	at android.database.sqlite.SQLiteSession.executeForCursorWindow(SQLiteSession.java:838)
05-18 23:44:24.624  7384  7384 D StrictMode: 	at android.database.sqlite.SQLiteQuery.fillWindow(SQLiteQuery.java:62)
05-18 23:44:24.624  7384  7384 D StrictMode: 	at android.database.sqlite.SQLiteCursor.fillWindow(SQLiteCursor.java:145)
05-18 23:44:24.624  7384  7384 D StrictMode: 	at android.database.sqlite.SQLiteCursor.getCount(SQLiteCursor.java:132)
05-18 23:44:24.624  7384  7384 D StrictMode: 	at android.database.AbstractCursor.moveToPosition(AbstractCursor.java:238)
05-18 23:44:24.624  7384  7384 D StrictMode: 	at android.database.AbstractCursor.moveToFirst(AbstractCursor.java:277)
05-18 23:44:24.624  7384  7384 D StrictMode: 	at it.feio.android.omninotes.db.DbHelper.getNotes(DbHelper.java:448)
05-18 23:44:24.624  7384  7384 D StrictMode: 	at it.feio.android.omninotes.db.DbHelper.getNotesWithLock(DbHelper.java:626)
05-18 23:44:24.624  7384  7384 D StrictMode: 	at it.feio.android.omninotes.PasswordActivity.updatePassword(PasswordActivity.java:170)
05-18 23:44:24.624  7384  7384 D StrictMode: 	at it.feio.android.omninotes.PasswordActivity.lambda$initViews$3$it-feio-android-omninotes-PasswordActivity(PasswordActivity.java:116)
05-18 23:44:24.624  7384  7384 D StrictMode: 	at it.feio.android.omninotes.PasswordActivity$$ExternalSyntheticLambda1.onClick(Unknown Source:2)
05-18 23:44:24.624  7384  7384 D StrictMode: 	at android.view.View.performClick(View.java:7455)
05-18 23:44:24.624  7384  7384 D StrictMode: 	at com.google.android.material.button.MaterialButton.performClick(MaterialButton.java:1119)
05-18 23:44:24.624  7384  7384 D StrictMode: 	at android.view.View.performClickInternal(View.java:7432)
05-18 23:44:24.624  7384  7384 D StrictMode: 	at android.view.View.access$3700(View.java:835)
05-18 23:44:24.624  7384  7384 D StrictMode: 	at android.view.View$PerformClick.run(View.java:28810)
05-18 23:44:24.624  7384  7384 D StrictMode: 	at android.os.Handler.handleCallback(Handler.java:938)
05-18 23:44:24.624  7384  7384 D StrictMode: 	at android.os.Handler.dispatchMessage(Handler.java:99)
05-18 23:44:24.624  7384  7384 D StrictMode: 	at androidx.test.espresso.base.Interrogator.loopAndInterrogate(Interrogator.java:14)
05-18 23:44:24.624  7384  7384 D StrictMode: 	at androidx.test.espresso.base.UiControllerImpl.loopUntil(UiControllerImpl.java:8)
05-18 23:44:24.624  7384  7384 D StrictMode: 	at androidx.test.espresso.base.UiControllerImpl.loopUntil(UiControllerImpl.java:1)
05-18 23:44:24.624  7384  7384 D StrictMode: 	at androidx.test.espresso.base.UiControllerImpl.injectMotionEvent(UiControllerImpl.java:5)
05-18 23:44:24.624  7384  7384 D StrictMode: 	at androidx.test.espresso.action.MotionEvents.sendUp(MotionEvents.java:7)
05-18 23:44:24.624  7384  7384 D StrictMode: 	at androidx.test.espresso.action.MotionEvents.sendUp(MotionEvents.java:1)
05-18 23:44:24.624  7384  7384 D StrictMode: 	at androidx.test.espresso.action.Tap.sendSingleTap(Tap.java:5)
05-18 23:44:24.624  7384  7384 D StrictMode: 	at androidx.test.espresso.action.Tap.-$$Nest$smsendSingleTap(Unknown Source:0)
05-18 23:44:24.624  7384  7384 D StrictMode: 	at androidx.test.espresso.action.Tap$1.sendTap(Tap.java:3)
05-18 23:44:24.624  7384  7384 D StrictMode: 	at androidx.test.espresso.action.GeneralClickAction.perform(GeneralClickAction.java:6)
05-18 23:44:24.624  7384  7384 D StrictMode: 	at androidx.test.espresso.ViewInteraction$SingleExecutionViewAction.perform(ViewInteraction.java:2)
05-18 23:44:24.624  7384  7384 D StrictMode: 	at androidx.test.espresso.ViewInteraction.doPerform(ViewInteraction.java:25)
05-18 23:44:24.624  7384  7384 D StrictMode: 	at androidx.test.espresso.ViewInteraction.-$$Nest$mdoPerform(Unknown Source:0)
05-18 23:44:24.624  7384  7384 D StrictMode: 	at androidx.test.espresso.ViewInteraction$1.call(ViewInteraction.java:5)
05-18 23:44:24.624  7384  7384 D StrictMode: 	at androidx.test.espresso.ViewInteraction$1.call(ViewInteraction.java:1)
05-18 23:44:24.624  7384  7384 D StrictMode: 	at java.util.concurrent.FutureTask.run(FutureTask.java:266)
05-18 23:44:24.624  7384  7384 D StrictMode: 	at android.os.Handler.handleCallback(Handler.java:938)
05-18 23:44:24.624  7384  7384 D StrictMode: 	at android.os.Handler.dispatchMessage(Handler.java:99)
05-18 23:44:24.624  7384  7384 D StrictMode: 	at android.os.Looper.loopOnce(Looper.java:201)
05-18 23:44:24.624  7384  7384 D StrictMode: 	at android.os.Looper.loop(Looper.java:288)
05-18 23:44:24.624  7384  7384 D StrictMode: 	at android.app.ActivityThread.main(ActivityThread.java:7842)
05-18 23:44:24.624  7384  7384 D StrictMode: 	at java.lang.reflect.Method.invoke(Native Method)
05-18 23:44:24.624  7384  7384 D StrictMode: 	at com.android.internal.os.RuntimeInit$MethodAndArgsCaller.run(RuntimeInit.java:548)
05-18 23:44:24.624  7384  7384 D StrictMode: 	at com.android.internal.os.ZygoteInit.main(ZygoteInit.java:1003)
05-18 23:44:24.755   310   352 E android.hardware.audio@7.0-impl.ranchu: device/generic/goldfish/audio/stream_out.cpp:updateSourceMetadata:377 failure: Result::NOT_SUPPORTED
05-18 23:44:25.410  7384  7413 D EGL_emulation: app_time_stats: avg=101.97ms min=3.57ms max=1169.44ms count=18
05-18 23:44:25.793  7384  7413 D EGL_emulation: app_time_stats: avg=52.78ms min=1.88ms max=908.55ms count=26
05-18 23:44:25.810   321   477 D goldfish-address-space: claimShared: Ask to claim region [0x1f0000000 0x1f05dc000]
05-18 23:44:25.846  7384  7384 D LifecycleMonitor: Lifecycle status change: it.feio.android.omninotes.PasswordActivity@372ece9 in: PAUSED
05-18 23:44:25.848   515  1117 W InputReader: Device virtio_input_multi_touch_10 is associated with display ADISPLAY_ID_NONE.
05-18 23:44:25.848   515  1117 W InputReader: Device virtio_input_multi_touch_6 is associated with display ADISPLAY_ID_NONE.
05-18 23:44:25.848   515  1117 W InputReader: Device virtio_input_multi_touch_7 is associated with display ADISPLAY_ID_NONE.
05-18 23:44:25.848   515  1117 W InputReader: Device virtio_input_multi_touch_3 is associated with display ADISPLAY_ID_NONE.
05-18 23:44:25.848   515  1117 W InputReader: Device virtio_input_multi_touch_11 is associated with display ADISPLAY_ID_NONE.
05-18 23:44:25.848   515  1117 W InputReader: Device virtio_input_multi_touch_4 is associated with display ADISPLAY_ID_NONE.
05-18 23:44:25.848   515  1117 W InputReader: Device virtio_input_multi_touch_9 is associated with display ADISPLAY_ID_NONE.
05-18 23:44:25.848   515  1117 W InputReader: Device virtio_input_multi_touch_5 is associated with display ADISPLAY_ID_NONE.
05-18 23:44:25.848   515  1117 W InputReader: Device virtio_input_multi_touch_8 is associated with display ADISPLAY_ID_NONE.
05-18 23:44:25.848   515  1117 W InputReader: Device virtio_input_multi_touch_2 is associated with display ADISPLAY_ID_NONE.
05-18 23:44:25.848   515  1117 W InputReader: Device virtio_input_multi_touch_10 is associated with display ADISPLAY_ID_NONE.
05-18 23:44:25.848   515  1117 W InputReader: Device virtio_input_multi_touch_6 is associated with display ADISPLAY_ID_NONE.
05-18 23:44:25.848   515  1117 W InputReader: Device virtio_input_multi_touch_7 is associated with display ADISPLAY_ID_NONE.
05-18 23:44:25.848   515  1117 W InputReader: Device virtio_input_multi_touch_3 is associated with display ADISPLAY_ID_NONE.
05-18 23:44:25.848   515  1117 W InputReader: Device virtio_input_multi_touch_11 is associated with display ADISPLAY_ID_NONE.
05-18 23:44:25.848   515  1117 W InputReader: Device virtio_input_multi_touch_4 is associated with display ADISPLAY_ID_NONE.
05-18 23:44:25.848   515  1117 W InputReader: Device virtio_input_multi_touch_9 is associated with display ADISPLAY_ID_NONE.
05-18 23:44:25.848   515  1117 W InputReader: Device virtio_input_multi_touch_5 is associated with display ADISPLAY_ID_NONE.
05-18 23:44:25.848   515  1117 W InputReader: Device virtio_input_multi_touch_8 is associated with display ADISPLAY_ID_NONE.
05-18 23:44:25.848   515  1117 W InputReader: Device virtio_input_multi_touch_2 is associated with display ADISPLAY_ID_NONE.
05-18 23:44:25.865  7384  7384 D LifecycleMonitor: Lifecycle status change: it.feio.android.omninotes.SettingsActivity@b8f0928 in: RESUMED
05-18 23:44:25.898  7384  7384 D LifecycleMonitor: Lifecycle status change: it.feio.android.omninotes.PasswordActivity@372ece9 in: STOPPED
05-18 23:44:25.899  7384  7384 D AutofillManager: onActivityFinishing(): calling cancelLocked()
05-18 23:44:25.899   919   919 V InlineSuggestionRenderService: handleDestroySuggestionViews called for 0:1555284627
05-18 23:44:25.902  7384  7384 D LifecycleMonitor: Lifecycle status change: it.feio.android.omninotes.PasswordActivity@372ece9 in: DESTROYED
05-18 23:44:25.906   515  1117 W InputManager-JNI: Input channel object '87bc468 it.feio.android.omninotes.alpha/it.feio.android.omninotes.PasswordActivity (client)' was disposed without first being removed with the input manager!
05-18 23:44:25.910  1280  1280 I GoogleInputMethodService: GoogleInputMethodService.onFinishInput():3269
05-18 23:44:25.911  1280  1280 W KeyboardViewController: KeyboardViewController.show():493 Requesting to show sub view with id 2131428238(#0x7f0b038e) when keyboard HEADER view is not ready to show
05-18 23:44:25.911  1280  1280 I GoogleInputMethodService: GoogleInputMethodService.onStartInput():1947
05-18 23:44:25.912  1280  1280 I DeviceUnlockedTag: DeviceUnlockedTag.notifyDeviceLockStatusChanged():79 Notify device unlocked.
05-18 23:44:25.912  1280  1280 I ShortcutsDataManager: AbstractContentDataManager.startImportContentTask():235 startImportContentTask()
05-18 23:44:25.912  1280  2602 I ShortcutsDataManager: AbstractContentDataManager$ImportContentTask.doInBackground():249 doInBackground()
05-18 23:44:25.913  1280  2602 I PersonalDictionaryDataHandler: PersonalDictionaryDataHandler.beginProcess():111 LanguageTags = [en-US]
05-18 23:44:25.920  1280  2602 I ShortcutsDataManager: AbstractContentDataManager.importRecords():339 importRecords() : Success : Count = 0
05-18 23:44:25.921  1280  2602 I ShortcutsDataManager: AbstractContentDataManager.importContentData():289 importContentData() : Ending import process
05-18 23:44:25.938  1280  2602 I PersonalLanguageModelUpdater: PersonalLanguageModelUpdater$UpdateOperation.performInternal():160 run() : Added 0 words and 0 shortcuts
05-18 23:44:25.938  1280  2602 I DynamicLanguageModelOperation: DynamicLanguageModelOperation.perform():38 perform() : 4 : csf : Completed
05-18 23:44:25.939  1280  1280 I ShortcutsDataManager: AbstractContentDataManager$ImportContentTask.onPostExecute():260 onPostExecute() : Result = [2,0]
05-18 23:44:25.939  1280  1280 I ShortcutsDataManager: ShortcutsDataManager.onImportFinished():80 onImportFinished() : Result = 2 : Count = 0
05-18 23:44:25.943  7384  7384 I ViewInteraction: Performing 'actionOnItemAtPosition performing ViewAction: single click on item at position: 2' action on view Child at position 0 in parent view.getId() is <16908351/android:id/list_container>
05-18 23:44:25.957  1040  1040 D TaplEvents: TIS / TouchInteractionService.onInputEvent: MotionEvent { action=ACTION_DOWN, actionButton=0, id[0]=0, x[0]=539.5, y[0]=693.0, toolType[0]=TOOL_TYPE_UNKNOWN, buttonState=BUTTON_PRIMARY, classification=NONE, metaState=0, flags=0x0, edgeFlags=0x0, pointerCount=1, historySize=0, eventTime=931395, downTime=931395, deviceId=-1, source=0x1002, displayId=0, eventId=-417422490 }
05-18 23:44:25.996  1040  1040 D TaplEvents: TIS / TouchInteractionService.onInputEvent: MotionEvent { action=ACTION_UP, actionButton=0, id[0]=0, x[0]=539.5, y[0]=693.0, toolType[0]=TOOL_TYPE_FINGER, buttonState=BUTTON_PRIMARY, classification=NONE, metaState=0, flags=0x0, edgeFlags=0x0, pointerCount=1, historySize=0, eventTime=931435, downTime=931395, deviceId=-1, source=0x1002, displayId=0, eventId=-645222398 }
05-18 23:44:26.016   310   352 E android.hardware.audio@7.0-impl.ranchu: device/generic/goldfish/audio/stream_out.cpp:updateSourceMetadata:377 failure: Result::NOT_SUPPORTED
05-18 23:44:26.035   321   477 D goldfish-address-space: claimShared: Ask to claim region [0x1f1b78000 0x1f1e34000]
05-18 23:44:26.044   321   477 D goldfish-address-space: claimShared: Ask to claim region [0x1f1e34000 0x1f20f0000]
05-18 23:44:26.055   321   477 D goldfish-address-space: claimShared: Ask to claim region [0x1f20f0000 0x1f23ac000]
05-18 23:44:26.058  7384  7384 I AssistStructure: Flattened final assist data: 2524 bytes, containing 2 windows, 17 views
05-18 23:44:26.059  1280  1280 I GoogleInputMethodService: GoogleInputMethodService.onFinishInput():3269
05-18 23:44:26.059  1280  1280 W KeyboardViewController: KeyboardViewController.show():493 Requesting to show sub view with id 2131428238(#0x7f0b038e) when keyboard HEADER view is not ready to show
05-18 23:44:26.066  1280  1280 I GoogleInputMethodService: GoogleInputMethodService.onStartInput():1947
05-18 23:44:26.068  1280  1280 I DeviceUnlockedTag: DeviceUnlockedTag.notifyDeviceLockStatusChanged():79 Notify device unlocked.
05-18 23:44:26.079  1118  1118 W ngj     : Pending fill request while another request in the same session was triggered. [CONTEXT service_id=177 ]
05-18 23:44:26.097  1505  1505 D BoundBrokerSvc: onBind: Intent { act=com.google.android.mdd.service.START cmp=com.google.android.gms/.chimera.GmsBoundBrokerService }
05-18 23:44:26.099  1505  1505 D BoundBrokerSvc: Loading bound service for intent: Intent { act=com.google.android.mdd.service.START cmp=com.google.android.gms/.chimera.GmsBoundBrokerService }
05-18 23:44:26.125  7384  7384 D InputMethodManager: showSoftInput() view=com.neopixl.pixlui.components.edittext.EditText{820f4c2 VFED.VCL. .F...... 0,0-926,124 #7f090206 app:id/password_request aid=1073741825} flags=1 reason=SHOW_SOFT_INPUT
05-18 23:44:26.132  7384  7384 D InputMethodManager: showSoftInput() view=com.neopixl.pixlui.components.edittext.EditText{820f4c2 VFED.VCL. .F...... 0,0-926,124 #7f090206 app:id/password_request aid=1073741825} flags=0 reason=SHOW_SOFT_INPUT
05-18 23:44:26.150  1280  1280 I GoogleInputMethodService: GoogleInputMethodService.onStartInputView():2057
05-18 23:44:26.151  1280  1280 I DeviceUnlockedTag: DeviceUnlockedTag.notifyDeviceLockStatusChanged():79 Notify device unlocked.
05-18 23:44:26.155   310   352 E android.hardware.audio@7.0-impl.ranchu: device/generic/goldfish/audio/stream_out.cpp:updateSourceMetadata:377 failure: Result::NOT_SUPPORTED
05-18 23:44:26.155  1280  1280 I DeviceUnlockedTag: DeviceUnlockedTag.notifyDeviceLockStatusChanged():79 Notify device unlocked.
05-18 23:44:26.156  1280  1280 I KeyboardViewUtil: KeyboardViewUtil.getKeyboardHeightRatio():168 systemKeyboardHeightRatio:1.000000; userKeyboardHeightRatio:1.000000.
05-18 23:44:26.156  1280  1280 I DeviceUnlockedTag: DeviceUnlockedTag.notifyDeviceLockStatusChanged():79 Notify device unlocked.
05-18 23:44:26.156  1280  1280 I AndroidIME: AbstractIme.onActivate():86 PasswordIme.onActivate() : EditorInfo = inputType=Password imeActionName=DONE dump=[inputType=0x81 imeOptions=0x6 privateImeOptions=null actionLabel=null actionId=0 initialSelStart=0 initialSelEnd=0 initialCapsMode=0x0 hintText=null label=null packageName=it.feio.android.omninotes.alpha autofillId=1073741825 fieldId=2131296774 fieldName=null extras=null hintLocales=null contentMimeTypes=null ], IncognitoMode = false, DeviceLocked = false
05-18 23:44:26.157  1280  1280 I DeviceUnlockedTag: DeviceUnlockedTag.notifyDeviceLockStatusChanged():79 Notify device unlocked.
05-18 23:44:26.158  1280  1280 I KeyboardViewUtil: KeyboardViewUtil.calculateMaxKeyboardBodyHeight():53 leave 344 height for app when screen height:2088, header height:121 and isFullscreenMode:false, so the max keyboard body height is:1623
05-18 23:44:26.158  1280  1280 I DeviceUnlockedTag: DeviceUnlockedTag.notifyDeviceLockStatusChanged():79 Notify device unlocked.
05-18 23:44:26.158  1280  1280 I DeviceModeUtil: DeviceModeUtil.getDeviceMode():96 Get device mode phone by ui mode:1 and smallestScreenWidthDp:392
05-18 23:44:26.160  1280  1280 I KeyboardViewUtil: KeyboardViewUtil.calculateMaxKeyboardBodyHeight():53 leave 344 height for app when screen height:2088, header height:121 and isFullscreenMode:false, so the max keyboard body height is:1623
05-18 23:44:26.161  1280  1280 I NormalModeController: NormalModeController.getKeyboardBodyViewHolderPaddingBottom():111 currentPrimeKeyboardType:SOFT systemPaddingBottom:-1
05-18 23:44:26.161  1280  1280 I NormalModeController: NormalModeController.getKeyboardBodyViewHolderPaddingBottom():111 currentPrimeKeyboardType:SOFT systemPaddingBottom:-1
05-18 23:44:26.165  1280  1280 I CurrentMicStatusHolder: CurrentMicStatusHolder.onStartInputView():79 Current Mic status = {MicIconHidden-SettingOff,MicIconHidden-PasswordOrNumberOrDateInputType,}
05-18 23:44:26.165  1280  1280 I VoiceImeExtension: VoiceImeExtension.shouldStartVoiceInputAutomatically():364 No private IME option set to start voice input.
05-18 23:44:26.177   321   477 D goldfish-address-space: claimShared: Ask to claim region [0x1f23ac000 0x1f2c8c000]
05-18 23:44:26.185  1505  1505 D BoundBrokerSvc: onBind: Intent { act=com.google.firebase.dynamiclinks.service.START pkg=com.google.android.gms }
05-18 23:44:26.188  1505  1505 D BoundBrokerSvc: Loading bound service for intent: Intent { act=com.google.firebase.dynamiclinks.service.START pkg=com.google.android.gms }
05-18 23:44:26.203   321   477 D goldfish-address-space: claimShared: Ask to claim region [0x1f2c8c000 0x1f356c000]
05-18 23:44:26.215  7384  7384 D InsetsController: show(ime(), fromIme=true)
05-18 23:44:26.235  7384  7384 D InsetsController: show(ime(), fromIme=true)
05-18 23:44:26.241  1505  1505 D BoundBrokerSvc: onBind: Intent { act=com.google.android.gms.common.BIND_SHARED_PREFS pkg=com.google.android.gms }
05-18 23:44:26.242  1505  1505 D BoundBrokerSvc: Loading bound service for intent: Intent { act=com.google.android.gms.common.BIND_SHARED_PREFS pkg=com.google.android.gms }
05-18 23:44:26.243  1505  1505 D BoundBrokerSvc: onUnbind: Intent { act=com.google.android.gms.common.BIND_SHARED_PREFS pkg=com.google.android.gms }
05-18 23:44:26.246  1505  1505 D BoundBrokerSvc: onBind: Intent { act=com.google.android.gms.common.BIND_SHARED_PREFS pkg=com.google.android.gms }
05-18 23:44:26.246  1505  1505 D BoundBrokerSvc: Loading bound service for intent: Intent { act=com.google.android.gms.common.BIND_SHARED_PREFS pkg=com.google.android.gms }
05-18 23:44:26.247  1505  1505 D BoundBrokerSvc: onUnbind: Intent { act=com.google.android.gms.common.BIND_SHARED_PREFS pkg=com.google.android.gms }
05-18 23:44:26.292   692   904 D EGL_emulation: app_time_stats: avg=5681.40ms min=14.63ms max=33890.23ms count=6
05-18 23:44:26.356  7384  7384 I ViewInteraction: Performing 'replace text(aa)' action on view view.getId() is <2131296774/it.feio.android.omninotes.alpha:id/password_request>
05-18 23:44:26.361  1280  1280 I GoogleInputMethodService: GoogleInputMethodService.onStartInput():1947
05-18 23:44:26.362  1280  1280 I DeviceUnlockedTag: DeviceUnlockedTag.notifyDeviceLockStatusChanged():79 Notify device unlocked.
05-18 23:44:26.362  1280  1280 W SessionManager: SessionManager.beginSession():53 Try to begin an already begun session [INPUT_SESSION], end it first
05-18 23:44:26.363  1280  1280 W SessionManager: SessionManager.endSession():96 Child session [INPUT_VIEW_SESSION] is not ended while ending session [{INPUT_VIEW_SESSION=1652888666150, INPUT_SESSION=1652888666068, IME_SESSION=1652888666156}], ending it now.
05-18 23:44:26.363  1280  1280 W SessionManager: SessionManager.endSession():96 Child session [IME_SESSION] is not ended while ending session [{INPUT_VIEW_SESSION=1652888666150, INPUT_SESSION=1652888666068, IME_SESSION=1652888666156}], ending it now.
05-18 23:44:26.364  1280  1280 I GoogleInputMethodService: GoogleInputMethodService.onStartInputView():2057
05-18 23:44:26.366  1280  1280 I DeviceUnlockedTag: DeviceUnlockedTag.notifyDeviceLockStatusChanged():79 Notify device unlocked.
05-18 23:44:26.373  7384  7384 I ViewInteraction: Performing 'close keyboard' action on view view.getId() is <2131296774/it.feio.android.omninotes.alpha:id/password_request>
05-18 23:44:26.374  1280  1280 I DeviceUnlockedTag: DeviceUnlockedTag.notifyDeviceLockStatusChanged():79 Notify device unlocked.
05-18 23:44:26.374  7384  7384 D IdlingRegistry: Registering idling resources: [androidx.test.espresso.action.CloseKeyboardAction$CloseKeyboardIdlingResult@eb81c04]
05-18 23:44:26.376  1280  1280 I KeyboardViewUtil: KeyboardViewUtil.getKeyboardHeightRatio():168 systemKeyboardHeightRatio:1.000000; userKeyboardHeightRatio:1.000000.
05-18 23:44:26.376  1280  1280 I AndroidIME: AbstractIme.onDeactivate():207 PasswordIme.onDeactivate()
05-18 23:44:26.376  1280  1280 W SessionManager: SessionManager.endSession():88 Try to end a not begun session [IME_SESSION].
05-18 23:44:26.378  1280  1280 I DeviceUnlockedTag: DeviceUnlockedTag.notifyDeviceLockStatusChanged():79 Notify device unlocked.
05-18 23:44:26.378  1280  1280 I AndroidIME: AbstractIme.onActivate():86 PasswordIme.onActivate() : EditorInfo = inputType=Password imeActionName=DONE dump=[inputType=0x81 imeOptions=0x6 privateImeOptions=null actionLabel=null actionId=0 initialSelStart=0 initialSelEnd=0 initialCapsMode=0x0 hintText=null label=null packageName=it.feio.android.omninotes.alpha autofillId=1073741825 fieldId=2131296774 fieldName=null extras=null hintLocales=null contentMimeTypes=null ], IncognitoMode = false, DeviceLocked = false
05-18 23:44:26.378  1280  1280 I DeviceUnlockedTag: DeviceUnlockedTag.notifyDeviceLockStatusChanged():79 Notify device unlocked.
05-18 23:44:26.379  1280  1280 I KeyboardViewUtil: KeyboardViewUtil.calculateMaxKeyboardBodyHeight():53 leave 344 height for app when screen height:2088, header height:121 and isFullscreenMode:false, so the max keyboard body height is:1623
05-18 23:44:26.379  1280  1280 I DeviceUnlockedTag: DeviceUnlockedTag.notifyDeviceLockStatusChanged():79 Notify device unlocked.
05-18 23:44:26.379  1280  1280 I DeviceModeUtil: DeviceModeUtil.getDeviceMode():96 Get device mode phone by ui mode:1 and smallestScreenWidthDp:392
05-18 23:44:26.380  1280  1280 I KeyboardViewUtil: KeyboardViewUtil.calculateMaxKeyboardBodyHeight():53 leave 344 height for app when screen height:2088, header height:121 and isFullscreenMode:false, so the max keyboard body height is:1623
05-18 23:44:26.380  1280  1280 I NormalModeController: NormalModeController.getKeyboardBodyViewHolderPaddingBottom():111 currentPrimeKeyboardType:SOFT systemPaddingBottom:-1
05-18 23:44:26.380  1280  1280 I NormalModeController: NormalModeController.getKeyboardBodyViewHolderPaddingBottom():111 currentPrimeKeyboardType:SOFT systemPaddingBottom:-1
05-18 23:44:26.382  1280  1280 I CurrentMicStatusHolder: CurrentMicStatusHolder.onStartInputView():79 Current Mic status = {MicIconHidden-SettingOff,MicIconHidden-PasswordOrNumberOrDateInputType,}
05-18 23:44:26.382  1280  1280 I VoiceImeExtension: VoiceImeExtension.shouldStartVoiceInputAutomatically():364 No private IME option set to start voice input.
05-18 23:44:26.386  1280  1280 I GoogleInputMethodService: GoogleInputMethodService.onFinishInputView():2291
05-18 23:44:26.386  1280  1280 W TooltipLifecycleManager: TooltipLifecycleManager.dismissTooltips():157 Tooltip with id spell_check_add_to_dictionary not found in tooltipManager.
05-18 23:44:26.386  1280  1280 I AndroidIME: AbstractIme.onDeactivate():207 PasswordIme.onDeactivate()
05-18 23:44:26.403   321   477 D goldfish-address-space: claimShared: Ask to claim region [0x1f356c000 0x1f3e4c000]
05-18 23:44:26.419  1505  1505 D BoundBrokerSvc: onBind: Intent { act=com.google.android.gms.common.BIND_SHARED_PREFS pkg=com.google.android.gms }
05-18 23:44:26.419  1505  1505 D BoundBrokerSvc: Loading bound service for intent: Intent { act=com.google.android.gms.common.BIND_SHARED_PREFS pkg=com.google.android.gms }
05-18 23:44:26.421  1505  1505 D BoundBrokerSvc: onUnbind: Intent { act=com.google.android.gms.common.BIND_SHARED_PREFS pkg=com.google.android.gms }
05-18 23:44:26.434  7384  7413 D EGL_emulation: app_time_stats: avg=42.62ms min=9.35ms max=265.40ms count=24
05-18 23:44:26.443  1505  1505 D BoundBrokerSvc: onBind: Intent { act=com.google.android.gms.common.BIND_SHARED_PREFS pkg=com.google.android.gms }
05-18 23:44:26.444  1505  1505 D BoundBrokerSvc: Loading bound service for intent: Intent { act=com.google.android.gms.common.BIND_SHARED_PREFS pkg=com.google.android.gms }
05-18 23:44:26.447  1505  1505 D BoundBrokerSvc: onUnbind: Intent { act=com.google.android.gms.common.BIND_SHARED_PREFS pkg=com.google.android.gms }
05-18 23:44:26.720  7384  7384 D IdlingRegistry: Unregistering idling resources: [androidx.test.espresso.action.CloseKeyboardAction$CloseKeyboardIdlingResult@eb81c04]
05-18 23:44:26.722  7384  7384 I ViewInteraction: Performing 'single click' action on view an instance of android.widget.TextView and view.getText() with or without transformation to match: is "Ok"
05-18 23:44:26.723  1040  1040 D TaplEvents: TIS / TouchInteractionService.onInputEvent: MotionEvent { action=ACTION_DOWN, actionButton=0, id[0]=0, x[0]=870.5, y[0]=1268.5, toolType[0]=TOOL_TYPE_UNKNOWN, buttonState=BUTTON_PRIMARY, classification=NONE, metaState=0, flags=0x0, edgeFlags=0x0, pointerCount=1, historySize=0, eventTime=932162, downTime=932162, deviceId=-1, source=0x1002, displayId=0, eventId=-625817202 }
05-18 23:44:26.765  1040  1040 D TaplEvents: TIS / TouchInteractionService.onInputEvent: MotionEvent { action=ACTION_UP, actionButton=0, id[0]=0, x[0]=870.5, y[0]=1268.5, toolType[0]=TOOL_TYPE_FINGER, buttonState=BUTTON_PRIMARY, classification=NONE, metaState=0, flags=0x0, edgeFlags=0x0, pointerCount=1, historySize=0, eventTime=932203, downTime=932162, deviceId=-1, source=0x1002, displayId=0, eventId=-466106693 }
05-18 23:44:26.772   515  4214 W InputManager-JNI: Input channel object '372d50e it.feio.android.omninotes.alpha/it.feio.android.omninotes.SettingsActivity (client)' was disposed without first being removed with the input manager!
05-18 23:44:26.792   310   352 E android.hardware.audio@7.0-impl.ranchu: device/generic/goldfish/audio/stream_out.cpp:updateSourceMetadata:377 failure: Result::NOT_SUPPORTED
05-18 23:44:26.804  1280  1280 I GoogleInputMethodService: GoogleInputMethodService.onFinishInput():3269
05-18 23:44:26.804  1280  1280 I GoogleInputMethodService: GoogleInputMethodService.onStartInput():1947
05-18 23:44:26.805  1280  1280 I DeviceUnlockedTag: DeviceUnlockedTag.notifyDeviceLockStatusChanged():79 Notify device unlocked.
05-18 23:44:26.924   310   352 E android.hardware.audio@7.0-impl.ranchu: device/generic/goldfish/audio/stream_out.cpp:updateSourceMetadata:377 failure: Result::NOT_SUPPORTED
05-18 23:44:27.003  7384  7384 I ViewInteraction: Performing 'send keyCode: 4, metaState: 0 key event' action on view view.getRootView() to equal view
05-18 23:44:27.207  7384  7384 I KeyEventActionBase: Back was pressed but there was no Activity stage transition in 150ms. Pressing back may trigger an activity stage transition if the activity is finished as a result. However, the activity may handle the back behavior in any number of other ways internally as well, such as popping the fragment back stack, dismissing a dialog, otherwise manually transacting fragments, etc.
05-18 23:44:28.645  7384  7413 D EGL_emulation: app_time_stats: avg=364.66ms min=2.32ms max=1575.57ms count=6
05-18 23:44:29.213  7384  7384 W omninotes.alph: Accessing hidden field Landroid/app/Activity;->mResultCode:I (unsupported, reflection, allowed)
05-18 23:44:29.215  7384  7384 W omninotes.alph: Accessing hidden field Landroid/app/Activity;->mResultData:Landroid/content/Intent; (unsupported, reflection, allowed)
05-18 23:44:29.222  7384  7384 D LifecycleMonitor: Lifecycle status change: it.feio.android.omninotes.MainActivity@7ff37b9 in: DESTROYED
05-18 23:44:29.226   515  4214 W InputManager-JNI: Input channel object 'ba4ecbf it.feio.android.omninotes.alpha/it.feio.android.omninotes.MainActivity (client)' was disposed without first being removed with the input manager!
05-18 23:44:29.246  7384  7384 D LifecycleMonitor: Lifecycle status change: it.feio.android.omninotes.SettingsActivity@b8f0928 in: PAUSED
05-18 23:44:29.248   515  4214 W InputReader: Device virtio_input_multi_touch_10 is associated with display ADISPLAY_ID_NONE.
05-18 23:44:29.248   515  4214 W InputReader: Device virtio_input_multi_touch_6 is associated with display ADISPLAY_ID_NONE.
05-18 23:44:29.249   515  4214 W InputReader: Device virtio_input_multi_touch_7 is associated with display ADISPLAY_ID_NONE.
05-18 23:44:29.249   515  4214 W InputReader: Device virtio_input_multi_touch_3 is associated with display ADISPLAY_ID_NONE.
05-18 23:44:29.249   515  4214 W InputReader: Device virtio_input_multi_touch_11 is associated with display ADISPLAY_ID_NONE.
05-18 23:44:29.249   515  4214 W InputReader: Device virtio_input_multi_touch_4 is associated with display ADISPLAY_ID_NONE.
05-18 23:44:29.249   515  4214 W InputReader: Device virtio_input_multi_touch_9 is associated with display ADISPLAY_ID_NONE.
05-18 23:44:29.249   515  4214 W InputReader: Device virtio_input_multi_touch_5 is associated with display ADISPLAY_ID_NONE.
05-18 23:44:29.249   515  4214 W InputReader: Device virtio_input_multi_touch_8 is associated with display ADISPLAY_ID_NONE.
05-18 23:44:29.250   515  4214 W InputReader: Device virtio_input_multi_touch_2 is associated with display ADISPLAY_ID_NONE.
05-18 23:44:29.252   515  4214 W InputReader: Device virtio_input_multi_touch_10 is associated with display ADISPLAY_ID_NONE.
05-18 23:44:29.252   515  4214 W InputReader: Device virtio_input_multi_touch_6 is associated with display ADISPLAY_ID_NONE.
05-18 23:44:29.252   515  4214 W InputReader: Device virtio_input_multi_touch_7 is associated with display ADISPLAY_ID_NONE.
05-18 23:44:29.252   515  4214 W InputReader: Device virtio_input_multi_touch_3 is associated with display ADISPLAY_ID_NONE.
05-18 23:44:29.252   515  4214 W InputReader: Device virtio_input_multi_touch_11 is associated with display ADISPLAY_ID_NONE.
05-18 23:44:29.252   515  4214 W InputReader: Device virtio_input_multi_touch_4 is associated with display ADISPLAY_ID_NONE.
05-18 23:44:29.252   515  4214 W InputReader: Device virtio_input_multi_touch_9 is associated with display ADISPLAY_ID_NONE.
05-18 23:44:29.252   515  4214 W InputReader: Device virtio_input_multi_touch_5 is associated with display ADISPLAY_ID_NONE.
05-18 23:44:29.252   515  4214 W InputReader: Device virtio_input_multi_touch_8 is associated with display ADISPLAY_ID_NONE.
05-18 23:44:29.252   515  4214 W InputReader: Device virtio_input_multi_touch_2 is associated with display ADISPLAY_ID_NONE.
05-18 23:44:29.263  7384  7384 D LifecycleMonitor: Lifecycle status change: it.feio.android.omninotes.MainActivity@e748b5 in: PRE_ON_CREATE
05-18 23:44:29.263  7384  7384 W omninotes.alph: Accessing hidden field Landroid/view/ViewConfiguration;->sHasPermanentMenuKey:Z (max-target-p, reflection, denied)
05-18 23:44:29.264  7384  7384 W CheckListView: Just a little issue in physical menu button management
05-18 23:44:29.264  7384  7384 W CheckListView: java.lang.NoSuchFieldException: No field sHasPermanentMenuKey in class Landroid/view/ViewConfiguration; (declaration of 'android.view.ViewConfiguration' appears in /system/framework/framework.jar!classes3.dex)
05-18 23:44:29.264  7384  7384 W CheckListView: 	at java.lang.Class.getDeclaredField(Native Method)
