05-19 16:37:55.271   306  3587 I resolv  : resolv_cache_lookup: lookup
05-19 16:37:55.271   306  3587 I resolv  : resolv_cache_lookup: NOT IN CACHE
05-19 16:37:55.271   306  3587 I resolv  : resolv_populate_res_for_net: netid=101
05-19 16:37:55.271   306  3587 I resolv  : res_stats_usable_server: NS stats: S 25 + E 0 + T 2 + I 0 = 27, rtt = 9, min_samples = 8
05-19 16:37:55.271   306  3587 I resolv  : res_stats_usable_server: success rate 92
05-19 16:37:55.271   306  3587 D resolv  : res_nsend: Querying server (# 1) address = 10.0.2.3:53
05-19 16:37:55.271   306  3587 D resolv  : send_dg: new DG socket
05-19 16:37:55.271   306  3587 I resolv  : get_timeout: using timeout of 5000 msec
05-19 16:37:55.271   306  3587 I resolv  : retrying_poll: 56 retrying_poll
05-19 16:37:55.273  3452  3452 V ClearcutMetricXmitter: Transmission is done.
05-19 16:37:55.282   306  3588 I resolv  : retrying_poll: 55 retrying_poll returning 1
05-19 16:37:55.282   306  3588 I resolv  : res_nsend: used send_dg 58 terrno: 0
05-19 16:37:55.282   306  3588 I resolv  : res_stats_set_sample: rcode = 0, sec = 12
05-19 16:37:55.282   306  3588 I resolv  : res_cache_add_stats_sample_locked: adding sample to stats, next = 27, count = 27
05-19 16:37:55.282   306  3588 D resolv  : res_nsend: got answer:
05-19 16:37:55.282   306  3588 I resolv  : answer_getTTL: TTL = 192
05-19 16:37:55.282   306  3588 I resolv  : _cache_add_p: entry 28 added (count=28)
05-19 16:37:55.282   306  3588 I resolv  : cache_dump_mru_locked: MRU LIST (28):  28 27 26 25 24 23 22 21 20 19 2 18 17 16 15 14 13 12 11 10 9 8 7 6 5 4 3 1
05-19 16:37:55.282   306  3588 D resolv  : doQuery: rcode=0, ancount=1
05-19 16:37:55.294   306  3587 I resolv  : retrying_poll: 56 retrying_poll returning 1
05-19 16:37:55.294   306  3587 I resolv  : res_nsend: used send_dg 70 terrno: 0
05-19 16:37:55.294   306  3587 I resolv  : res_stats_set_sample: rcode = 0, sec = 23
05-19 16:37:55.294   306  3587 I resolv  : res_cache_add_stats_sample_locked: adding sample to stats, next = 28, count = 28
05-19 16:37:55.294   306  3587 D resolv  : res_nsend: got answer:
05-19 16:37:55.294   306  3587 I resolv  : answer_getTTL: TTL = 300
05-19 16:37:55.294   306  3587 I resolv  : _cache_add_p: entry 29 added (count=29)
05-19 16:37:55.294   306  3587 I resolv  : cache_dump_mru_locked: MRU LIST (29):  29 28 27 26 25 24 23 22 21 20 19 2 18 17 16 15 14 13 12 11 10 9 8 7 6 5 4 3 1
05-19 16:37:55.294   306  3587 D resolv  : doQuery: rcode=0, ancount=1
05-19 16:37:55.301   411   431 I adbd    : jdwp connection from 3589
05-19 16:37:55.324  3589  3589 D CompatibilityChangeReporter: Compat change id reported: 171979766; UID 10133; state: ENABLED
05-19 16:37:55.390  1584  2560 I GmsDebugLogger: [73] 1801
05-19 16:37:55.410  3589  3589 V GraphicsEnvironment: ANGLE Developer option for 'com.google.android.apps.wallpaper' set to: 'default'
05-19 16:37:55.412  1584  2560 I GmsDebugLogger: [30] [VisionOcr.optional:212423100400],[BrellaDynamite.optional:212423100400],[Enpromo.integ:214106000100000],[Pay.optional:212423100000]
05-19 16:37:55.413  3589  3589 V GraphicsEnvironment: ANGLE GameManagerService for com.google.android.apps.wallpaper: false
05-19 16:37:55.413  3589  3589 V GraphicsEnvironment: Neither updatable production driver nor prerelease driver is supported.
05-19 16:37:55.414  3589  3589 D NetworkSecurityConfig: No Network Security Config specified, using platform default
05-19 16:37:55.415  3589  3589 D NetworkSecurityConfig: No Network Security Config specified, using platform default
05-19 16:37:55.453  3589  3589 D CompatibilityChangeReporter: Compat change id reported: 160794467; UID 10133; state: ENABLED
05-19 16:37:55.482  1584  2560 I ChimeraConfigService: Scheduling checkin for one-off execution between [3300,43200] seconds from now (1652949475481) [CONTEXT service_id=264 ]
05-19 16:37:55.547  3381  3519 D EGL_emulation: app_time_stats: avg=55.72ms min=11.47ms max=598.17ms count=28
05-19 16:37:55.655  1124  2287 I NetworkScheduler.Stats: Task com.google.android.gms/com.google.android.gms.chimera.container.ConfigService finished executing. cause:5 result: 2 elapsed_millis: 1878 uptime_millis: 1878 exec_start_elapsed_seconds: 63 [CONTEXT service_id=218 ]
05-19 16:37:55.669  1584  1584 D BoundBrokerSvc: onUnbind: Intent { act=com.google.android.gms.auth.cryptauth.cryptauthservice.START cmp=com.google.android.gms/.chimera.GmsBoundBrokerService }
05-19 16:37:55.803  3589  3615 E ThemeSanitizerReceiver: Error cleaning up themes setting
05-19 16:37:55.803  3589  3615 E ThemeSanitizerReceiver: java.lang.NullPointerException: Attempt to invoke virtual method 'int java.lang.String.length()' on a null object reference
05-19 16:37:55.803  3589  3615 E ThemeSanitizerReceiver: 	at org.json.JSONTokener.nextCleanInternal(JSONTokener.java:121)
05-19 16:37:55.803  3589  3615 E ThemeSanitizerReceiver: 	at org.json.JSONTokener.nextValue(JSONTokener.java:98)
05-19 16:37:55.803  3589  3615 E ThemeSanitizerReceiver: 	at org.json.JSONObject.<init>(JSONObject.java:168)
05-19 16:37:55.803  3589  3615 E ThemeSanitizerReceiver: 	at org.json.JSONObject.<init>(JSONObject.java:185)
05-19 16:37:55.803  3589  3615 E ThemeSanitizerReceiver: 	at com.google.android.apps.wallpaper.module.ThemeSanitizerReceiver$sanitizeThemes$2.invokeSuspend(SourceFile:3)
05-19 16:37:55.803  3589  3615 E ThemeSanitizerReceiver: 	at kotlin.coroutines.jvm.internal.BaseContinuationImpl.resumeWith(SourceFile:3)
05-19 16:37:55.803  3589  3615 E ThemeSanitizerReceiver: 	at kotlinx.coroutines.DispatchedTask.run(SourceFile:15)
05-19 16:37:55.803  3589  3615 E ThemeSanitizerReceiver: 	at kotlinx.coroutines.scheduling.CoroutineScheduler.runSafely(SourceFile:1)
05-19 16:37:55.803  3589  3615 E ThemeSanitizerReceiver: 	at kotlinx.coroutines.scheduling.CoroutineScheduler$Worker.run(SourceFile:86)
05-19 16:37:55.813   307   307 D Zygote  : Forked child process 3617
05-19 16:37:55.823   514   547 I libprocessgroup: Successfully killed process cgroup uid 10072 pid 2810 in 5ms
05-19 16:37:55.837   411   431 I adbd    : jdwp connection from 3617
05-19 16:37:55.892   322   472 D goldfish-address-space: claimShared: Ask to claim region [0x1fdc08000 0x1fe1e4000]
05-19 16:37:55.906   307   307 I Zygote  : Process 2810 exited due to signal 9 (Killed)
05-19 16:37:55.911   514  3633 D libEGL  : loaded /vendor/lib64/egl/libEGL_emulation.so
05-19 16:37:55.912   514  3633 D libEGL  : loaded /vendor/lib64/egl/libGLESv1_CM_emulation.so
05-19 16:37:55.914   514  3633 D libEGL  : loaded /vendor/lib64/egl/libGLESv2_emulation.so
05-19 16:37:55.972   514  3633 D HostConnection: createUnique: call
05-19 16:37:55.972   514  3633 D HostConnection: HostConnection::get() New Host Connection established 0xb40000796be2dd90, tid 3633
05-19 16:37:55.999   514  3633 D HostConnection: HostComposition ext ANDROID_EMU_CHECKSUM_HELPER_v1 ANDROID_EMU_native_sync_v2 ANDROID_EMU_native_sync_v3 ANDROID_EMU_native_sync_v4 ANDROID_EMU_dma_v1 ANDROID_EMU_direct_mem ANDROID_EMU_host_composition_v1 ANDROID_EMU_host_composition_v2 ANDROID_EMU_vulkan ANDROID_EMU_deferred_vulkan_commands ANDROID_EMU_vulkan_null_optional_strings ANDROID_EMU_vulkan_create_resources_with_requirements ANDROID_EMU_YUV_Cache ANDROID_EMU_vulkan_ignored_handles ANDROID_EMU_has_shared_slots_host_memory_allocator ANDROID_EMU_vulkan_free_memory_sync ANDROID_EMU_vulkan_shader_float16_int8 ANDROID_EMU_vulkan_async_queue_submit ANDROID_EMU_vulkan_queue_submit_with_commands ANDROID_EMU_sync_buffer_data ANDROID_EMU_read_color_buffer_dma ANDROID_EMU_hwc_multi_configs GL_OES_EGL_image_external_essl3 GL_OES_vertex_array_object GL_KHR_texture_compression_astc_ldr ANDROID_EMU_host_side_tracing ANDROID_EMU_gles_max_version_3_0
05-19 16:37:56.001   173   173 I hwservicemanager: getTransport: Cannot find entry android.hardware.configstore@1.0::ISurfaceFlingerConfigs/default in either framework or device VINTF manifest.
05-19 16:37:56.012   514  3633 W OpenGLRenderer: Failed to choose config with EGL_SWAP_BEHAVIOR_PRESERVED, retrying without...
05-19 16:37:56.012   514  3633 W OpenGLRenderer: Failed to initialize 101010-2 format, error = EGL_SUCCESS
05-19 16:37:56.013   514  3633 D EGL_emulation: eglCreateContext: 0xb40000796be2f110: maj 3 min 0 rcv 3
05-19 16:37:56.013   514  3633 D EGL_emulation: eglMakeCurrent: 0xb40000796be2f110: ver 3 0 (tinfo 0x78cf009080) (first time)
05-19 16:37:56.027  3381  3381 D LifecycleMonitor: Lifecycle status change: it.feio.android.omninotes.PasswordActivity@3fca74 in: PAUSED
05-19 16:37:56.051   514  2962 W InputReader: Device virtio_input_multi_touch_7 is associated with display ADISPLAY_ID_NONE.
05-19 16:37:56.051   514  2962 W InputReader: Device virtio_input_multi_touch_2 is associated with display ADISPLAY_ID_NONE.
05-19 16:37:56.051   514  2962 W InputReader: Device virtio_input_multi_touch_9 is associated with display ADISPLAY_ID_NONE.
05-19 16:37:56.051   514  2962 W InputReader: Device virtio_input_multi_touch_3 is associated with display ADISPLAY_ID_NONE.
05-19 16:37:56.051   514  2962 W InputReader: Device virtio_input_multi_touch_8 is associated with display ADISPLAY_ID_NONE.
05-19 16:37:56.051   514  2962 W InputReader: Device virtio_input_multi_touch_10 is associated with display ADISPLAY_ID_NONE.
05-19 16:37:56.051   514  2962 W InputReader: Device virtio_input_multi_touch_4 is associated with display ADISPLAY_ID_NONE.
05-19 16:37:56.051   514  2962 W InputReader: Device virtio_input_multi_touch_6 is associated with display ADISPLAY_ID_NONE.
05-19 16:37:56.051   514  2962 W InputReader: Device virtio_input_multi_touch_5 is associated with display ADISPLAY_ID_NONE.
05-19 16:37:56.051   514  2962 W InputReader: Device virtio_input_multi_touch_11 is associated with display ADISPLAY_ID_NONE.
05-19 16:37:56.051   514  2962 W InputReader: Device virtio_input_multi_touch_7 is associated with display ADISPLAY_ID_NONE.
05-19 16:37:56.051   514  2962 W InputReader: Device virtio_input_multi_touch_2 is associated with display ADISPLAY_ID_NONE.
05-19 16:37:56.051   514  2962 W InputReader: Device virtio_input_multi_touch_9 is associated with display ADISPLAY_ID_NONE.
05-19 16:37:56.051   514  2962 W InputReader: Device virtio_input_multi_touch_3 is associated with display ADISPLAY_ID_NONE.
05-19 16:37:56.051   514  2962 W InputReader: Device virtio_input_multi_touch_8 is associated with display ADISPLAY_ID_NONE.
05-19 16:37:56.051   514  2962 W InputReader: Device virtio_input_multi_touch_10 is associated with display ADISPLAY_ID_NONE.
05-19 16:37:56.051   514  2962 W InputReader: Device virtio_input_multi_touch_4 is associated with display ADISPLAY_ID_NONE.
05-19 16:37:56.051   514  2962 W InputReader: Device virtio_input_multi_touch_6 is associated with display ADISPLAY_ID_NONE.
05-19 16:37:56.051   514  2962 W InputReader: Device virtio_input_multi_touch_5 is associated with display ADISPLAY_ID_NONE.
05-19 16:37:56.051   514  2962 W InputReader: Device virtio_input_multi_touch_11 is associated with display ADISPLAY_ID_NONE.
05-19 16:37:56.112  3381  3381 D CompatibilityChangeReporter: Compat change id reported: 78294732; UID 10150; state: DISABLED
05-19 16:37:56.113  3381  3381 D CheckListView: {password=90150983cd24fb0d6963f7d28e17f72, password_answer=187ef4436122d1cc2f40dc2b92f0eba0, password_question=ab}
05-19 16:37:56.113  3381  3381 D LifecycleMonitor: Lifecycle status change: it.feio.android.omninotes.MainActivity@6f52fd8 in: RESUMED
05-19 16:37:56.322  3617  3617 D CompatibilityChangeReporter: Compat change id reported: 171979766; UID 10114; state: DISABLED
05-19 16:37:56.353  3617  3617 D nativeloader: classloader namespace configured for unbundled product apk. library_path=/product/app/YouTubeMusicPrebuilt/lib/arm64:/product/app/YouTubeMusicPrebuilt/YouTubeMusicPrebuilt.apk!/lib/arm64-v8a:/product/lib64:/system/product/lib64
05-19 16:37:56.395  3381  3519 D EGL_emulation: app_time_stats: avg=139.65ms min=9.89ms max=2116.08ms count=17
05-19 16:37:56.401  1258  1258 I GoogleInputMethodService: GoogleInputMethodService.onFinishInput():3269
05-19 16:37:56.404  3381  3381 D LifecycleMonitor: Lifecycle status change: it.feio.android.omninotes.PasswordActivity@3fca74 in: STOPPED
05-19 16:37:56.404  3381  3381 D AutofillManager: onActivityFinishing(): calling cancelLocked()
05-19 16:37:56.405  3381  3381 D LifecycleMonitor: Lifecycle status change: it.feio.android.omninotes.PasswordActivity@3fca74 in: DESTROYED
05-19 16:37:56.415  1258  1258 I GoogleInputMethodService: GoogleInputMethodService.onStartInput():1947
05-19 16:37:56.434   514  2337 W InputManager-JNI: Input channel object '897a1a it.feio.android.omninotes.alpha/it.feio.android.omninotes.PasswordActivity (client)' was disposed without first being removed with the input manager!
05-19 16:37:56.455  1258  1258 I DeviceUnlockedTag: DeviceUnlockedTag.notifyDeviceLockStatusChanged():79 Notify device unlocked.
05-19 16:37:56.464  1258  1258 I ShortcutsDataManager: AbstractContentDataManager.startImportContentTask():235 startImportContentTask()
05-19 16:37:56.465   884   884 V InlineSuggestionRenderService: handleDestroySuggestionViews called for 0:255809979
05-19 16:37:56.471  3617  3617 V GraphicsEnvironment: ANGLE Developer option for 'com.google.android.apps.youtube.music' set to: 'default'
05-19 16:37:56.474  1258  2604 I ShortcutsDataManager: AbstractContentDataManager$ImportContentTask.doInBackground():249 doInBackground()
05-19 16:37:56.475  3617  3617 V GraphicsEnvironment: ANGLE GameManagerService for com.google.android.apps.youtube.music: false
05-19 16:37:56.475  3617  3617 V GraphicsEnvironment: Neither updatable production driver nor prerelease driver is supported.
05-19 16:37:56.477  1258  2604 I PersonalDictionaryDataHandler: PersonalDictionaryDataHandler.beginProcess():111 LanguageTags = [en-US]
05-19 16:37:56.493   514   547 I libprocessgroup: Successfully killed process cgroup uid 10119 pid 2000 in 11ms
05-19 16:37:56.494  3617  3617 D NetworkSecurityConfig: Using Network Security Config from resource network_security_config debugBuild: false
05-19 16:37:56.505  3617  3617 D NetworkSecurityConfig: Using Network Security Config from resource network_security_config debugBuild: false
05-19 16:37:56.661  3381  3381 I ViewInteraction: Performing 'single click' action on view view.getContentDescription() to match resource id <2131820712>[drawer_open] with value "drawer open"
05-19 16:37:56.688  1047  1047 D TaplEvents: TIS / TouchInteractionService.onInputEvent: MotionEvent { action=ACTION_DOWN, actionButton=0, id[0]=0, x[0]=76.5, y[0]=142.5, toolType[0]=TOOL_TYPE_UNKNOWN, buttonState=BUTTON_PRIMARY, classification=NONE, metaState=0, flags=0x0, edgeFlags=0x0, pointerCount=1, historySize=0, eventTime=66884, downTime=66884, deviceId=-1, source=0x1002, displayId=0, eventId=-333061137 }
05-19 16:37:56.741  1047  1047 D TaplEvents: TIS / TouchInteractionService.onInputEvent: MotionEvent { action=ACTION_UP, actionButton=0, id[0]=0, x[0]=76.5, y[0]=142.5, toolType[0]=TOOL_TYPE_FINGER, buttonState=BUTTON_PRIMARY, classification=NONE, metaState=0, flags=0x0, edgeFlags=0x0, pointerCount=1, historySize=0, eventTime=66925, downTime=66884, deviceId=-1, source=0x1002, displayId=0, eventId=-182911961 }
05-19 16:37:56.755   309   309 E android.hardware.audio@7.0-impl.ranchu: device/generic/goldfish/audio/stream_out.cpp:updateSourceMetadata:377 failure: Result::NOT_SUPPORTED
05-19 16:37:56.758  3381  3548 D CheckListView: Updated note titled 'Note Title'
05-19 16:37:56.767   372   456 I BpBinder: onLastStrongRef automatically unlinking death recipients: <uncached descriptor>
05-19 16:37:56.798  3381  3381 D CheckListView: it.feio.android.omninotes.async.bus.NotesUpdatedEvent
05-19 16:37:56.799  3381  3546 V CheckListView: Query: SELECT creation,last_modification,title,content,archived,trashed,alarm,reminder_fired,recurrence_rule,latitude,longitude,address,locked,checklist,category_id,name,description,color FROM notes LEFT JOIN categories USING( category_id)  ORDER BY title||content COLLATE NOCASE  ASC
05-19 16:37:56.818  3381  3546 V CheckListView: Query: Retrieval finished!
05-19 16:37:56.818  3381  3546 D CheckListView: Dynamic menu finished counting items
05-19 16:37:56.819  3381  3381 D CheckListView: Notifies AppWidget data changed for widgets []
05-19 16:37:56.827  3381  3381 D CheckListView: Notifies AppWidget data changed for widgets []
05-19 16:37:56.828  3381  3381 D CheckListView: Notifies AppWidget data changed for widgets []
05-19 16:37:56.829  3381  3381 D CheckListView: it.feio.android.omninotes.async.bus.SwitchFragmentEvent
05-19 16:37:56.829  3381  3381 V CheckListView: Finished main menu initialization
05-19 16:37:56.830  3381  3381 V CheckListView: Finished categories menu initialization
05-19 16:37:56.847  1124  2287 I NetworkScheduler.Stats: Task com.google.android.gms/com.google.android.gms.telephonyspam.sync.SpamListSyncTaskService started execution. cause:5 exec_start_elapsed_seconds: 66 [CONTEXT service_id=218 ]
05-19 16:37:56.848  1584  1942 I TelephonySpamChimeraSer: Running Telephony Spam Chimera Service [CONTEXT service_id=150 ]
05-19 16:37:56.890   309   309 E android.hardware.audio@7.0-impl.ranchu: device/generic/goldfish/audio/stream_out.cpp:updateSourceMetadata:377 failure: Result::NOT_SUPPORTED
05-19 16:37:56.891  1258  2604 I ShortcutsDataManager: AbstractContentDataManager.importRecords():339 importRecords() : Success : Count = 0
05-19 16:37:56.917  3381  3381 D CheckListView: initNotesList intent: null
05-19 16:37:56.920  3381  3677 V CheckListView: Query: SELECT creation,last_modification,title,content,archived,trashed,alarm,reminder_fired,recurrence_rule,latitude,longitude,address,locked,checklist,category_id,name,description,color FROM notes LEFT JOIN categories USING( category_id)  WHERE archived IS NOT 1 AND trashed IS NOT 1  ORDER BY title||content COLLATE NOCASE  ASC
05-19 16:37:56.934  3381  3381 D CheckListView: initNotesList intent: null
05-19 16:37:56.939  3381  3381 D StrictMode: StrictMode policy violation; ~duration=96 ms: android.os.strictmode.DiskReadViolation
05-19 16:37:56.939  3381  3381 D StrictMode: 	at android.os.StrictMode$AndroidBlockGuardPolicy.onReadFromDisk(StrictMode.java:1659)
05-19 16:37:56.939  3381  3381 D StrictMode: 	at libcore.io.BlockGuardOs.access(BlockGuardOs.java:74)
05-19 16:37:56.939  3381  3381 D StrictMode: 	at libcore.io.ForwardingOs.access(ForwardingOs.java:131)
05-19 16:37:56.939  3381  3381 D StrictMode: 	at android.app.ActivityThread$AndroidOs.access(ActivityThread.java:7719)
05-19 16:37:56.939  3381  3381 D StrictMode: 	at java.io.UnixFileSystem.checkAccess(UnixFileSystem.java:281)
05-19 16:37:56.939  3381  3381 D StrictMode: 	at java.io.File.exists(File.java:813)
05-19 16:37:56.939  3381  3381 D StrictMode: 	at android.app.ContextImpl.ensurePrivateDirExists(ContextImpl.java:743)
05-19 16:37:56.939  3381  3381 D StrictMode: 	at android.app.ContextImpl.ensurePrivateDirExists(ContextImpl.java:734)
05-19 16:37:56.939  3381  3381 D StrictMode: 	at android.app.ContextImpl.getPreferencesDir(ContextImpl.java:690)
05-19 16:37:56.939  3381  3381 D StrictMode: 	at android.app.ContextImpl.getSharedPreferencesPath(ContextImpl.java:915)
05-19 16:37:56.939  3381  3381 D StrictMode: 	at android.app.ContextImpl.getSharedPreferences(ContextImpl.java:537)
05-19 16:37:56.939  3381  3381 D StrictMode: 	at android.content.ContextWrapper.getSharedPreferences(ContextWrapper.java:196)
05-19 16:37:56.939  3381  3381 D StrictMode: 	at io.nlopez.smartlocation.location.LocationStore.<init>(LocationStore.java:32)
05-19 16:37:56.939  3381  3381 D StrictMode: 	at io.nlopez.smartlocation.location.providers.LocationGooglePlayServicesProvider.init(LocationGooglePlayServicesProvider.java:64)
05-19 16:37:56.939  3381  3381 D StrictMode: 	at io.nlopez.smartlocation.location.providers.LocationGooglePlayServicesWithFallbackProvider.init(LocationGooglePlayServicesWithFallbackProvider.java:45)
05-19 16:37:56.939  3381  3381 D StrictMode: 	at io.nlopez.smartlocation.SmartLocation$LocationControl.<init>(SmartLocation.java:173)
05-19 16:37:56.939  3381  3381 D StrictMode: 	at io.nlopez.smartlocation.SmartLocation.location(SmartLocation.java:67)
05-19 16:37:56.939  3381  3381 D StrictMode: 	at io.nlopez.smartlocation.SmartLocation.location(SmartLocation.java:59)
05-19 16:37:56.939  3381  3381 D StrictMode: 	at it.feio.android.omninotes.utils.GeocodeHelper.stop(GeocodeHelper.java:115)
05-19 16:37:56.939  3381  3381 D StrictMode: 	at it.feio.android.omninotes.DetailFragment.onStop(DetailFragment.java:292)
05-19 16:37:56.939  3381  3381 D StrictMode: 	at androidx.fragment.app.Fragment.performStop(Fragment.java:2894)
05-19 16:37:56.939  3381  3381 D StrictMode: 	at androidx.fragment.app.FragmentStateManager.stop(FragmentStateManager.java:391)
05-19 16:37:56.939  3381  3381 D StrictMode: 	at androidx.fragment.app.FragmentManager.moveToState(FragmentManager.java:1211)
05-19 16:37:56.939  3381  3381 D StrictMode: 	at androidx.fragment.app.FragmentManager.moveToState(FragmentManager.java:1356)
05-19 16:37:56.939  3381  3381 D StrictMode: 	at androidx.fragment.app.FragmentManager.moveFragmentToExpectedState(FragmentManager.java:1434)
05-19 16:37:56.939  3381  3381 D StrictMode: 	at androidx.fragment.app.BackStackRecord.executePopOps(BackStackRecord.java:506)
05-19 16:37:56.939  3381  3381 D StrictMode: 	at androidx.fragment.app.FragmentManager.executeOps(FragmentManager.java:2166)
05-19 16:37:56.939  3381  3381 D StrictMode: 	at androidx.fragment.app.FragmentManager.executeOpsTogether(FragmentManager.java:1992)
05-19 16:37:56.939  3381  3381 D StrictMode: 	at androidx.fragment.app.FragmentManager.removeRedundantOperationsAndExecute(FragmentManager.java:1947)
05-19 16:37:56.939  3381  3381 D StrictMode: 	at androidx.fragment.app.FragmentManager.execPendingActions(FragmentManager.java:1849)
05-19 16:37:56.939  3381  3381 D StrictMode: 	at androidx.fragment.app.FragmentManager$4.run(FragmentManager.java:413)
05-19 16:37:56.939  3381  3381 D StrictMode: 	at android.os.Handler.handleCallback(Handler.java:938)
05-19 16:37:56.939  3381  3381 D StrictMode: 	at android.os.Handler.dispatchMessage(Handler.java:99)
05-19 16:37:56.939  3381  3381 D StrictMode: 	at androidx.test.espresso.base.Interrogator.loopAndInterrogate(Interrogator.java:14)
05-19 16:37:56.939  3381  3381 D StrictMode: 	at androidx.test.espresso.base.UiControllerImpl.loopUntil(UiControllerImpl.java:8)
05-19 16:37:56.939  3381  3381 D StrictMode: 	at androidx.test.espresso.base.UiControllerImpl.loopMainThreadUntilIdle(UiControllerImpl.java:16)
05-19 16:37:56.939  3381  3381 D StrictMode: 	at androidx.test.espresso.base.UiControllerImpl.injectMotionEvent(UiControllerImpl.java:8)
05-19 16:37:56.939  3381  3381 D StrictMode: 	at androidx.test.espresso.action.MotionEvents.sendUp(MotionEvents.java:7)
05-19 16:37:56.939  3381  3381 D StrictMode: 	at androidx.test.espresso.action.MotionEvents.sendUp(MotionEvents.java:1)
05-19 16:37:56.939  3381  3381 D StrictMode: 	at androidx.test.espresso.action.Tap.sendSingleTap(Tap.java:5)
05-19 16:37:56.939  3381  3381 D StrictMode: 	at androidx.test.espresso.action.Tap.-$$Nest$smsendSingleTap(Unknown Source:0)
05-19 16:37:56.939  3381  3381 D StrictMode: 	at androidx.test.espresso.action.Tap$1.sendTap(Tap.java:3)
05-19 16:37:56.939  3381  3381 D StrictMode: 	at androidx.test.espresso.action.GeneralClickAction.perform(GeneralClickAction.java:6)
05-19 16:37:56.939  3381  3381 D StrictMode: 	at androidx.test.espresso.ViewInteraction$SingleExecutionViewAction.perform(ViewInteraction.java:2)
05-19 16:37:56.939  3381  3381 D StrictMode: 	at androidx.test.espresso.ViewInteraction.doPerform(ViewInteraction.java:25)
05-19 16:37:56.939  3381  3381 D StrictMode: 	at androidx.test.espresso.ViewInteraction.-$$Nest$mdoPerform(Unknown Source:0)
05-19 16:37:56.939  3381  3381 D StrictMode: 	at androidx.test.espresso.ViewInteraction$1.call(ViewInteraction.java:5)
05-19 16:37:56.939  3381  3381 D StrictMode: 	at androidx.test.espresso.ViewInteraction$1.call(ViewInteraction.java:1)
05-19 16:37:56.939  3381  3381 D StrictMode: 	at java.util.concurrent.FutureTask.run(FutureTask.java:266)
05-19 16:37:56.939  3381  3381 D StrictMode: 	at android.os.Handler.handleCallback(Handler.java:938)
05-19 16:37:56.939  3381  3381 D StrictMode: 	at android.os.Handler.dispatchMessage(Handler.java:99)
05-19 16:37:56.939  3381  3381 D StrictMode: 	at android.os.Looper.loopOnce(Looper.java:201)
05-19 16:37:56.939  3381  3381 D StrictMode: 	at android.os.Looper.loop(Looper.java:288)
05-19 16:37:56.939  3381  3381 D StrictMode: 	at android.app.ActivityThread.main(ActivityThread.java:7842)
05-19 16:37:56.939  3381  3381 D StrictMode: 	at java.lang.reflect.Method.invoke(Native Method)
05-19 16:37:56.939  3381  3381 D StrictMode: 	at com.android.internal.os.RuntimeInit$MethodAndArgsCaller.run(RuntimeInit.java:548)
05-19 16:37:56.939  3381  3381 D StrictMode: 	at com.android.internal.os.ZygoteInit.main(ZygoteInit.java:1003)
05-19 16:37:56.955  3381  3548 V CheckListView: Query: SELECT creation,last_modification,title,content,archived,trashed,alarm,reminder_fired,recurrence_rule,latitude,longitude,address,locked,checklist,category_id,name,description,color FROM notes LEFT JOIN categories USING( category_id)  WHERE archived IS NOT 1 AND trashed IS NOT 1  ORDER BY title||content COLLATE NOCASE  ASC
05-19 16:37:56.956  3381  3548 V CheckListView: Query: Retrieval finished!
05-19 16:37:56.962  3381  3677 V CheckListView: Query: Retrieval finished!
05-19 16:37:57.036  1258  1277 W SP      : File ref is being finalized but wasn't closed, file: zh_TW_2021101808[1]
05-19 16:37:57.059  3381  3381 W RecyclerView: No adapter attached; skipping layout
05-19 16:37:57.088  3381  3381 D CheckListView: it.feio.android.omninotes.async.bus.NotesLoadedEvent
05-19 16:37:57.088  3381  3381 V CheckListView: Started navigation drawer initialization
05-19 16:37:57.094  3381  3381 V CheckListView: Finished navigation drawer initialization
05-19 16:37:57.094  3381  3381 V CheckListView: Finished main menu initialization
05-19 16:37:57.094  3381  3381 V CheckListView: Finished categories menu initialization
05-19 16:37:57.102  1584  1942 I TelephonySpamChimeraSer: Cleaning SIP Header local table of old entries [CONTEXT service_id=150 ]
05-19 16:37:57.111   514   525 I system_server: Background concurrent copying GC freed 326299(15MB) AllocSpace objects, 36(2732KB) LOS objects, 49% free, 18MB/36MB, paused 196us,40us total 1.020s
05-19 16:37:57.125  3381  3381 D CheckListView: No Vertical Scrolled
05-19 16:37:57.125  3381  3381 D CheckListView: No Vertical Scrolled
05-19 16:37:57.172  3617  3617 W s.youtube.musi: Accessing hidden field Ljava/util/Collections$SynchronizedCollection;->mutex:Ljava/lang/Object; (max-target-o, reflection, denied)
05-19 16:37:57.172  3617  3617 W s.youtube.musi: Accessing hidden method Ljava/util/Collections$SynchronizedSet;-><init>(Ljava/util/Set;Ljava/lang/Object;)V (max-target-o, reflection, denied)
05-19 16:37:57.172  3617  3617 W s.youtube.musi: Accessing hidden method Ljava/util/Collections$SynchronizedCollection;-><init>(Ljava/util/Collection;Ljava/lang/Object;)V (max-target-o, reflection, denied)
05-19 16:37:57.175  1584  1942 I SpamListSync: Call spam module disabled. Skipping cleaning cache sip header table. [CONTEXT service_id=150 ]
05-19 16:37:57.175  1584  1942 I TelephonySpamChimeraSer: Syncing Call Spam List [CONTEXT service_id=150 ]
05-19 16:37:57.176  1584  1942 I SpamListSync: SpamListSyncChimeraService.syncSpamList called with tag: telephonyspam.SpamListSyncTask, extras: Bundle[{SpamList Type=0, Action=1.0}] [CONTEXT service_id=150 ]
05-19 16:37:57.181  1258  2604 I ShortcutsDataManager: AbstractContentDataManager.importContentData():289 importContentData() : Ending import process
05-19 16:37:57.186  1584  1942 I SpamListSync: Call spam module disabled. Skipping spam list syncing. [CONTEXT service_id=150 ]
05-19 16:37:57.186  1584  1942 I TelephonySpamChimeraSer: Syncing Sms Spam List [CONTEXT service_id=150 ]
05-19 16:37:57.187  1584  1942 I SpamListSync: SpamListSyncChimeraService.syncSpamList called with tag: telephonyspam.SpamListSyncTask, extras: Bundle[{SpamList Type=1, Action=1.0}] [CONTEXT service_id=150 ]
05-19 16:37:57.187  1584  1942 I SpamListSync: SMS spam module disabled. Skipping spam list syncing. [CONTEXT service_id=150 ]
05-19 16:37:57.195  1124  3250 I NetworkScheduler.Stats: Task com.google.android.gms/com.google.android.gms.telephonyspam.sync.SpamListSyncTaskService finished executing. cause:5 result: 1 elapsed_millis: 573 uptime_millis: 573 exec_start_elapsed_seconds: 66 [CONTEXT service_id=218 ]
05-19 16:37:57.279   307   307 I Zygote  : Process 2000 exited due to signal 9 (Killed)
05-19 16:37:57.296  1584  1584 D BoundBrokerSvc: onUnbind: Intent { act=com.google.android.gms.cast.firstparty.START cmp=com.google.android.gms/.chimera.GmsBoundBrokerService }
05-19 16:37:57.328   514  2944 D ConnectivityService: requestNetwork for uid/pid:10114/3617 activeRequest: null callbackRequest: 98 [NetworkRequest [ REQUEST id=99, [ Capabilities: INTERNET&NOT_RESTRICTED&TRUSTED&NOT_VCN_MANAGED Uid: 10114 RequestorUid: 10114 RequestorPkg: com.google.android.apps.youtube.music] ]] callback flags: 0 order: 2147483647
05-19 16:37:57.329   514   627 D ConnectivityService: NetReassign [99 : null → 101]
05-19 16:37:57.337   514   620 D WifiNetworkFactory: got request NetworkRequest [ REQUEST id=99, [ Capabilities: INTERNET&NOT_RESTRICTED&TRUSTED&NOT_VCN_MANAGED Uid: 10114 RequestorUid: 10114 RequestorPkg: com.google.android.apps.youtube.music] ]
05-19 16:37:57.337   514   620 D UntrustedWifiNetworkFactory: got request NetworkRequest [ REQUEST id=99, [ Capabilities: INTERNET&NOT_RESTRICTED&TRUSTED&NOT_VCN_MANAGED Uid: 10114 RequestorUid: 10114 RequestorPkg: com.google.android.apps.youtube.music] ]
05-19 16:37:57.337   514   620 D OemPaidWifiNetworkFactory: got request NetworkRequest [ REQUEST id=99, [ Capabilities: INTERNET&NOT_RESTRICTED&TRUSTED&NOT_VCN_MANAGED Uid: 10114 RequestorUid: 10114 RequestorPkg: com.google.android.apps.youtube.music] ]
05-19 16:37:57.375  1124  2287 I NetworkScheduler.Stats: Task com.google.android.gms/com.google.android.gms.ipa.base.IpaGcmTaskService started execution. cause:5 exec_start_elapsed_seconds: 67 [CONTEXT service_id=218 ]
05-19 16:37:57.393  1124  3250 I NetworkScheduler.Stats: Task com.google.android.gms/com.google.android.gms.ipa.base.IpaGcmTaskService finished executing. cause:5 result: 1 elapsed_millis: 39 uptime_millis: 39 exec_start_elapsed_seconds: 67 [CONTEXT service_id=218 ]
05-19 16:37:57.396  1258  2604 I PersonalLanguageModelUpdater: PersonalLanguageModelUpdater$UpdateOperation.performInternal():160 run() : Added 0 words and 0 shortcuts
05-19 16:37:57.396  1258  2604 I DynamicLanguageModelOperation: DynamicLanguageModelOperation.perform():38 perform() : 4 : csf : Completed
05-19 16:37:57.435  1258  1258 I ShortcutsDataManager: AbstractContentDataManager$ImportContentTask.onPostExecute():260 onPostExecute() : Result = [2,0]
05-19 16:37:57.436  1258  1258 I ShortcutsDataManager: ShortcutsDataManager.onImportFinished():80 onImportFinished() : Result = 2 : Count = 0
05-19 16:37:57.445  3617  3697 W DynamiteModule: Local module descriptor class for com.google.android.gms.providerinstaller.dynamite not found.
05-19 16:37:57.451  1124  1869 W ProviderHelper: Unknown dynamite feature providerinstaller.dynamite
05-19 16:37:57.501  3617  3694 E AwarenessClientProvider: Account associated with identity was null
05-19 16:37:57.504  3617  3697 W ProviderInstaller: Failed to load providerinstaller module: No acceptable module found. Local version is 0 and remote version is 0.
05-19 16:37:57.506  3617  3694 E AwarenessRouterSyncMgr: Exception while syncing fences
05-19 16:37:57.506  3617  3694 E AwarenessRouterSyncMgr: java.util.concurrent.ExecutionException: java.lang.IllegalStateException: Account associated with identity was null
05-19 16:37:57.506  3617  3694 E AwarenessRouterSyncMgr: 	at acyh.s(PG:6)
05-19 16:37:57.506  3617  3694 E AwarenessRouterSyncMgr: 	at acyh.get(PG:4)
05-19 16:37:57.506  3617  3694 E AwarenessRouterSyncMgr: 	at adbz.a(PG:1)
05-19 16:37:57.506  3617  3694 E AwarenessRouterSyncMgr: 	at adaq.p(PG:2)
05-19 16:37:57.506  3617  3694 E AwarenessRouterSyncMgr: 	at gzf.run(PG:1)
05-19 16:37:57.506  3617  3694 E AwarenessRouterSyncMgr: 	at nwe.run(PG:1)
05-19 16:37:57.506  3617  3694 E AwarenessRouterSyncMgr: 	at java.util.concurrent.ThreadPoolExecutor.runWorker(ThreadPoolExecutor.java:1167)
05-19 16:37:57.506  3617  3694 E AwarenessRouterSyncMgr: 	at java.util.concurrent.ThreadPoolExecutor$Worker.run(ThreadPoolExecutor.java:641)
05-19 16:37:57.506  3617  3694 E AwarenessRouterSyncMgr: 	at nvp.run(PG:2)
05-19 16:37:57.506  3617  3694 E AwarenessRouterSyncMgr: 	at nvf.run(PG:2)
05-19 16:37:57.506  3617  3694 E AwarenessRouterSyncMgr: 	at java.lang.Thread.run(Thread.java:920)
05-19 16:37:57.506  3617  3694 E AwarenessRouterSyncMgr: Caused by: java.lang.IllegalStateException: Account associated with identity was null
05-19 16:37:57.506  3617  3694 E AwarenessRouterSyncMgr: 	at gyl.a(PG:3)
05-19 16:37:57.506  3617  3694 E AwarenessRouterSyncMgr: 	at acyj.f(PG:2)
05-19 16:37:57.506  3617  3694 E AwarenessRouterSyncMgr: 	at acyl.run(PG:9)
05-19 16:37:57.506  3617  3694 E AwarenessRouterSyncMgr: 	... 6 more
05-19 16:37:57.537  1124  2287 I NetworkScheduler.Stats: Task com.google.android.gms/com.google.android.gms.instantapps.routing.DomainFilterUpdateService started execution. cause:5 exec_start_elapsed_seconds: 67 [CONTEXT service_id=218 ]
05-19 16:37:57.543  1584  2637 I Icing   : IndexChimeraService.getServiceInterface callingPackage=com.google.android.gms componentName=null serviceId=30
05-19 16:37:57.546  3617  3727 E GEL_DELAYED_EVENT_DEBUG: Failed delayed event dispatch, no dispatchers.
05-19 16:37:57.584  1124  1160 W Icing   : isOptedInForAppHistory: empty Account Name encountered
05-19 16:37:57.600  1584  1942 W Icing   : No valid account for uploading user actions
05-19 16:37:57.613  3381  3519 D EGL_emulation: app_time_stats: avg=30.15ms min=3.10ms max=262.03ms count=34
05-19 16:37:57.680  3617  3741 D CompatibilityChangeReporter: Compat change id reported: 160794467; UID 10114; state: DISABLED
05-19 16:37:57.766  1124  3483 I atyb    : Removed 0 invalid users [CONTEXT service_id=51 ]
05-19 16:37:57.799  3617  3617 W YT.MDX.tyl: CastAppId for type 0 not found. Defaulting to mainCastAppId.
05-19 16:37:57.802   514  3132 D ConnectivityService: requestNetwork for uid/pid:10114/3617 activeRequest: null callbackRequest: 100 [NetworkRequest [ REQUEST id=101, [ Capabilities: INTERNET&NOT_RESTRICTED&TRUSTED&NOT_VCN_MANAGED Uid: 10114 RequestorUid: 10114 RequestorPkg: com.google.android.apps.youtube.music] ]] callback flags: 0 order: 2147483647
05-19 16:37:57.803   514   627 D ConnectivityService: NetReassign [101 : null → 101]
05-19 16:37:57.804   514   620 D WifiNetworkFactory: got request NetworkRequest [ REQUEST id=101, [ Capabilities: INTERNET&NOT_RESTRICTED&TRUSTED&NOT_VCN_MANAGED Uid: 10114 RequestorUid: 10114 RequestorPkg: com.google.android.apps.youtube.music] ]
05-19 16:37:57.804   514   620 D UntrustedWifiNetworkFactory: got request NetworkRequest [ REQUEST id=101, [ Capabilities: INTERNET&NOT_RESTRICTED&TRUSTED&NOT_VCN_MANAGED Uid: 10114 RequestorUid: 10114 RequestorPkg: com.google.android.apps.youtube.music] ]
05-19 16:37:57.804   514   620 D OemPaidWifiNetworkFactory: got request NetworkRequest [ REQUEST id=101, [ Capabilities: INTERNET&NOT_RESTRICTED&TRUSTED&NOT_VCN_MANAGED Uid: 10114 RequestorUid: 10114 RequestorPkg: com.google.android.apps.youtube.music] ]
05-19 16:37:57.830  3617  3617 W YT.MDX.tyl: CastAppId for type 0 not found. Defaulting to mainCastAppId.
05-19 16:37:57.834   514   627 D ConnectivityService: NetReassign [no changes]
05-19 16:37:57.855  3617  3696 W GoogleTagManager: Failed to extract the container from the resource file. Resource is a UTF-8 encoded string but doesn't contain a JSON container
05-19 16:37:57.872  3617  3698 I s.youtube.musi: Waiting for a blocking GC ClassLinker
05-19 16:37:57.873   514  2343 D ConnectivityService: requestNetwork for uid/pid:10114/3617 activeRequest: null callbackRequest: 103 [NetworkRequest [ REQUEST id=104, [ Capabilities: INTERNET&NOT_RESTRICTED&TRUSTED&NOT_VCN_MANAGED Uid: 10114 RequestorUid: 10114 RequestorPkg: com.google.android.apps.youtube.music] ]] callback flags: 0 order: 2147483647
05-19 16:37:57.873   514   627 D ConnectivityService: NetReassign [104 : null → 101]
05-19 16:37:57.874   514   620 D WifiNetworkFactory: got request NetworkRequest [ REQUEST id=104, [ Capabilities: INTERNET&NOT_RESTRICTED&TRUSTED&NOT_VCN_MANAGED Uid: 10114 RequestorUid: 10114 RequestorPkg: com.google.android.apps.youtube.music] ]
05-19 16:37:57.874   514   620 D UntrustedWifiNetworkFactory: got request NetworkRequest [ REQUEST id=104, [ Capabilities: INTERNET&NOT_RESTRICTED&TRUSTED&NOT_VCN_MANAGED Uid: 10114 RequestorUid: 10114 RequestorPkg: com.google.android.apps.youtube.music] ]
05-19 16:37:57.874   514   620 D OemPaidWifiNetworkFactory: got request NetworkRequest [ REQUEST id=104, [ Capabilities: INTERNET&NOT_RESTRICTED&TRUSTED&NOT_VCN_MANAGED Uid: 10114 RequestorUid: 10114 RequestorPkg: com.google.android.apps.youtube.music] ]
05-19 16:37:57.874  1124  2287 W Icing   : isOptedInForAppHistory: empty Account Name encountered
05-19 16:37:57.890  1124  3251 I NetworkScheduler.Stats: Task com.google.android.gms/com.google.android.gms.instantapps.routing.DomainFilterUpdateService finished executing. cause:5 result: 1 elapsed_millis: 393 uptime_millis: 393 exec_start_elapsed_seconds: 67 [CONTEXT service_id=218 ]
05-19 16:37:57.923  1584  1942 I Icing   : Usage reports ok 1, Failed Usage reports 0, indexed 0, rejected 0
05-19 16:37:57.935  3617  3700 I FA      : App measurement disabled by setAnalyticsCollectionEnabled(false)
05-19 16:37:57.972  3617  3706 W YouTubeMusic: Unknown task tag mdx_background_scanner; aborting...
05-19 16:37:57.981   307   307 D Zygote  : Forked child process 3755
05-19 16:37:57.998  3617  3700 I FA      : App measurement initialized, version: 42041
05-19 16:37:57.998  3617  3700 I FA      : To enable debug logging run: adb shell setprop log.tag.FA VERBOSE
05-19 16:37:57.998  3617  3700 I FA      : To enable faster debug mode event logging run:
05-19 16:37:57.998  3617  3700 I FA      :   adb shell setprop debug.firebase.analytics.app com.google.android.apps.youtube.music
05-19 16:37:58.003  1124  1124 D BoundBrokerSvc: onUnbind: Intent { act=com.google.android.gms.nearby.sharing.START_SERVICE cmp=com.google.android.gms/.chimera.PersistentApiService }
05-19 16:37:58.028   514   547 I libprocessgroup: Successfully killed process cgroup uid 10098 pid 2777 in 10ms
05-19 16:37:58.029   411   431 I adbd    : jdwp connection from 3755
05-19 16:37:58.045   307   307 I Zygote  : Process 2777 exited due to signal 9 (Killed)
05-19 16:37:58.128  3755  3755 D CompatibilityChangeReporter: Compat change id reported: 171979766; UID 10121; state: ENABLED
05-19 16:37:58.171  3617  3697 D nativeloader: classloader namespace configured for unbundled product apk. library_path=/product/priv-app/PrebuiltGmsCore/lib/arm64:/product/priv-app/PrebuiltGmsCore/PrebuiltGmsCore.apk!/lib/arm64-v8a:/product/lib64:/system/product/lib64
05-19 16:37:58.184  3617  3697 I s.youtube.musi: Waiting for a blocking GC ClassLinker
05-19 16:37:58.225  3755  3755 D nativeloader: classloader namespace configured for unbundled product apk. library_path=/product/app/CalendarGooglePrebuilt/lib/arm64:/product/lib64:/system/product/lib64
05-19 16:37:58.263  3381  3381 I ViewInteraction: Performing 'single click' action on view an instance of android.widget.TextView and view.getText() with or without transformation to match: is "Note Title"
05-19 16:37:58.276  1047  1047 D TaplEvents: TIS / TouchInteractionService.onInputEvent: MotionEvent { action=ACTION_DOWN, actionButton=0, id[0]=0, x[0]=535.5, y[0]=291.0, toolType[0]=TOOL_TYPE_UNKNOWN, buttonState=BUTTON_PRIMARY, classification=NONE, metaState=0, flags=0x0, edgeFlags=0x0, pointerCount=1, historySize=0, eventTime=68486, downTime=68486, deviceId=-1, source=0x1002, displayId=0, eventId=-1029431512 }
05-19 16:37:58.280  3381  3381 V CheckListView: Notes list: onViewTouchOccurred 0
05-19 16:37:58.286  3755  3755 V GraphicsEnvironment: ANGLE Developer option for 'com.google.android.calendar' set to: 'default'
05-19 16:37:58.289  3755  3755 V GraphicsEnvironment: ANGLE GameManagerService for com.google.android.calendar: false
05-19 16:37:58.289  3755  3755 V GraphicsEnvironment: Neither updatable production driver nor prerelease driver is supported.
05-19 16:37:58.290  3617  3698 I s.youtube.musi: WaitForGcToComplete blocked ClassLinker on Background for 418.706ms
05-19 16:37:58.297  3617  3697 I s.youtube.musi: WaitForGcToComplete blocked ClassLinker on ClassLinker for 112.810ms
05-19 16:37:58.302  3755  3755 D NetworkSecurityConfig: No Network Security Config specified, using platform default
05-19 16:37:58.302  3755  3755 D NetworkSecurityConfig: No Network Security Config specified, using platform default
05-19 16:37:58.310  3381  3381 V CheckListView: Notes list: onViewTouchOccurred 1
05-19 16:37:58.318  1047  1047 D TaplEvents: TIS / TouchInteractionService.onInputEvent: MotionEvent { action=ACTION_UP, actionButton=0, id[0]=0, x[0]=535.5, y[0]=291.0, toolType[0]=TOOL_TYPE_FINGER, buttonState=BUTTON_PRIMARY, classification=NONE, metaState=0, flags=0x0, edgeFlags=0x0, pointerCount=1, historySize=0, eventTime=68528, downTime=68486, deviceId=-1, source=0x1002, displayId=0, eventId=-300549243 }
05-19 16:37:58.342  3617  3722 W s.youtube.musi: Long monitor contention with owner BG Thread #3 (3697) at java.lang.ClassLoader android.app.LoadedApk.getClassLoader()(LoadedApk.java:1064) waiters=0 in java.lang.ClassLoader android.app.LoadedApk.getClassLoader() for 775ms
05-19 16:37:58.352   309   309 E android.hardware.audio@7.0-impl.ranchu: device/generic/goldfish/audio/stream_out.cpp:updateSourceMetadata:377 failure: Result::NOT_SUPPORTED
05-19 16:37:58.401   322   472 D goldfish-address-space: claimShared: Ask to claim region [0x1fb37c000 0x1fb638000]
05-19 16:37:58.408   322   472 D goldfish-address-space: claimShared: Ask to claim region [0x1fb638000 0x1fb8f4000]
05-19 16:37:58.418   322   472 D goldfish-address-space: claimShared: Ask to claim region [0x1fb8f4000 0x1fbbb0000]
05-19 16:37:58.437  3617  3697 V NativeCrypto: Registering com/google/android/gms/org/conscrypt/NativeCrypto's 294 native methods...
05-19 16:37:58.439  1348  2570 I PermissionControllerServiceImpl: Updating user sensitive for user 0
05-19 16:37:58.482   309   309 E android.hardware.audio@7.0-impl.ranchu: device/generic/goldfish/audio/stream_out.cpp:updateSourceMetadata:377 failure: Result::NOT_SUPPORTED
05-19 16:37:58.519  3381  3381 I AssistStructure: Flattened final assist data: 5056 bytes, containing 2 windows, 40 views
05-19 16:37:58.523  3381  3381 W InputMethodManager: Ignoring showSoftInput() as view=com.neopixl.pixlui.components.edittext.EditText{705a1a9 VFED..CL. .F...... 0,0-926,124 #7f090206 app:id/password_request aid=1073741829} is not served.
05-19 16:37:58.523  3381  3381 W InputMethodManager: Ignoring showSoftInput() as view=com.neopixl.pixlui.components.edittext.EditText{705a1a9 VFED..CL. .F...... 0,0-926,124 #7f090206 app:id/password_request aid=1073741829} is not served.
05-19 16:37:58.568  1258  1258 I GoogleInputMethodService: GoogleInputMethodService.onFinishInput():3269
05-19 16:37:58.618  3381  3519 D EGL_emulation: app_time_stats: avg=23.38ms min=3.98ms max=256.87ms count=43
05-19 16:37:58.637  3617  3722 I DynamiteModule: Considering local module com.google.android.gms.ads.dynamite:0 and remote module com.google.android.gms.ads.dynamite:211512000
05-19 16:37:58.637  3617  3722 I DynamiteModule: Selected remote version of com.google.android.gms.ads.dynamite, version >= 211512000
05-19 16:37:58.639  3617  3697 I ProviderInstaller: Installed default security provider GmsCore_OpenSSL
05-19 16:37:58.646  3755  3786 W ndroid.calenda: Accessing hidden field Ljava/util/Collections$SynchronizedCollection;->mutex:Ljava/lang/Object; (max-target-o, reflection, denied)
05-19 16:37:58.646  3755  3786 W ndroid.calenda: Accessing hidden method Ljava/util/Collections$SynchronizedSet;-><init>(Ljava/util/Set;Ljava/lang/Object;)V (max-target-o, reflection, denied)
05-19 16:37:58.647  3755  3786 W ndroid.calenda: Accessing hidden method Ljava/util/Collections$SynchronizedCollection;-><init>(Ljava/util/Collection;Ljava/lang/Object;)V (max-target-o, reflection, denied)
05-19 16:37:58.651  1258  1258 I GoogleInputMethodService: GoogleInputMethodService.onStartInput():1947
05-19 16:37:58.655  1258  1258 I DeviceUnlockedTag: DeviceUnlockedTag.notifyDeviceLockStatusChanged():79 Notify device unlocked.
05-19 16:37:58.657  1258  1258 D CompatibilityChangeReporter: Compat change id reported: 147798919; UID 10107; state: ENABLED
05-19 16:37:58.668  1124  1124 I GmsCoreXrpcWrapper: Returning a channel provider with trafficStatsTag=18692 trafficStatsUid=-1
05-19 16:37:58.688   306  3791 D resolv  : GetAddrInfoHandler::run: {101 786533 101 983141 10101 0}
05-19 16:37:58.688   306  3791 D resolv  : resolv_getaddrinfo: explore_fqdn(): ai_family=0 ai_socktype=1 ai_protocol=6
05-19 16:37:58.701   306  3793 D resolv  : doQuery: (1, 1)
05-19 16:37:58.701   306  3793 D resolv  : res_nmkquery: (QUERY, IN, A)
05-19 16:37:58.701   306  3793 D resolv  : res_nsend
05-19 16:37:58.701   306  3793 I resolv  : resolv_cache_lookup: lookup
05-19 16:37:58.701   306  3793 I resolv  : resolv_cache_lookup: NOT IN CACHE
05-19 16:37:58.701   306  3793 I resolv  : resolv_populate_res_for_net: netid=101
05-19 16:37:58.702   306  3792 D resolv  : doQuery: (1, 28)
05-19 16:37:58.702   306  3792 D resolv  : res_nmkquery: (QUERY, IN, AAAA)
05-19 16:37:58.702   306  3792 D resolv  : res_nsend
05-19 16:37:58.702   306  3792 I resolv  : resolv_cache_lookup: lookup
05-19 16:37:58.702   306  3792 I resolv  : resolv_cache_lookup: NOT IN CACHE
05-19 16:37:58.702   306  3792 I resolv  : resolv_populate_res_for_net: netid=101
05-19 16:37:58.702   306  3792 I resolv  : res_stats_usable_server: NS stats: S 27 + E 0 + T 2 + I 0 = 29, rtt = 10, min_samples = 8
05-19 16:37:58.702   306  3792 I resolv  : res_stats_usable_server: success rate 93
05-19 16:37:58.702   306  3792 D resolv  : res_nsend: Querying server (# 1) address = 10.0.2.3:53
05-19 16:37:58.702   306  3792 D resolv  : send_dg: new DG socket
05-19 16:37:58.703   306  3793 I resolv  : res_stats_usable_server: NS stats: S 27 + E 0 + T 2 + I 0 = 29, rtt = 10, min_samples = 8
05-19 16:37:58.703   306  3793 I resolv  : res_stats_usable_server: success rate 93
05-19 16:37:58.703   306  3793 D resolv  : res_nsend: Querying server (# 1) address = 10.0.2.3:53
05-19 16:37:58.703   306  3793 D resolv  : send_dg: new DG socket
05-19 16:37:58.703   306  3793 I resolv  : get_timeout: using timeout of 5000 msec
05-19 16:37:58.703   306  3793 I resolv  : retrying_poll: 56 retrying_poll
05-19 16:37:58.704   306  3792 I resolv  : get_timeout: using timeout of 5000 msec
05-19 16:37:58.704   306  3792 I resolv  : retrying_poll: 55 retrying_poll
05-19 16:37:58.713   306  3793 I resolv  : retrying_poll: 56 retrying_poll returning 1
05-19 16:37:58.713   306  3793 I resolv  : res_nsend: used send_dg 116 terrno: 0
05-19 16:37:58.713   306  3793 I resolv  : res_stats_set_sample: rcode = 0, sec = 10
05-19 16:37:58.713   306  3793 I resolv  : res_cache_add_stats_sample_locked: adding sample to stats, next = 29, count = 29
05-19 16:37:58.713   306  3793 D resolv  : res_nsend: got answer:
05-19 16:37:58.713   306  3793 I resolv  : answer_getTTL: TTL = 222
05-19 16:37:58.713   306  3793 I resolv  : _cache_add_p: entry 30 added (count=30)
05-19 16:37:58.713   306  3793 I resolv  : cache_dump_mru_locked: MRU LIST (30):  30 29 28 27 26 25 24 23 22 21 20 19 2 18 17 16 15 14 13 12 11 10 9 8 7 6 5 4 3 1
05-19 16:37:58.713   306  3793 D resolv  : doQuery: rcode=0, ancount=5
05-19 16:37:58.713   306  3792 I resolv  : retrying_poll: 55 retrying_poll returning 1
05-19 16:37:58.713   306  3792 I resolv  : res_nsend: used send_dg 148 terrno: 0
05-19 16:37:58.713   306  3792 I resolv  : res_stats_set_sample: rcode = 0, sec = 9
05-19 16:37:58.713   306  3792 I resolv  : res_cache_add_stats_sample_locked: adding sample to stats, next = 30, count = 30
05-19 16:37:58.713   306  3792 D resolv  : res_nsend: got answer:
05-19 16:37:58.713   306  3792 I resolv  : answer_getTTL: TTL = 238
05-19 16:37:58.713   306  3792 I resolv  : _cache_add_p: entry 31 added (count=31)
05-19 16:37:58.713   306  3792 I resolv  : cache_dump_mru_locked: MRU LIST (31):  31 30 29 28 27 26 25 24 23 22 21 20 19 2 18 17 16 15 14 13 12 11 10 9 8 7 6 5 4 3 1
05-19 16:37:58.713   306  3792 D resolv  : doQuery: rcode=0, ancount=4
05-19 16:37:58.890   514  2343 D ConnectivityService: requestNetwork for uid/pid:10121/3755 activeRequest: null callbackRequest: 105 [NetworkRequest [ REQUEST id=106, [ Capabilities: INTERNET&NOT_RESTRICTED&TRUSTED&NOT_VCN_MANAGED Uid: 10121 RequestorUid: 10121 RequestorPkg: com.google.android.calendar] ]] callback flags: 0 order: 2147483647
05-19 16:37:58.892   514   627 D ConnectivityService: NetReassign [106 : null → 101]
05-19 16:37:58.893   514   620 D WifiNetworkFactory: got request NetworkRequest [ REQUEST id=106, [ Capabilities: INTERNET&NOT_RESTRICTED&TRUSTED&NOT_VCN_MANAGED Uid: 10121 RequestorUid: 10121 RequestorPkg: com.google.android.calendar] ]
05-19 16:37:58.893   514   620 D UntrustedWifiNetworkFactory: got request NetworkRequest [ REQUEST id=106, [ Capabilities: INTERNET&NOT_RESTRICTED&TRUSTED&NOT_VCN_MANAGED Uid: 10121 RequestorUid: 10121 RequestorPkg: com.google.android.calendar] ]
