05-19 16:37:58.893   514   620 D OemPaidWifiNetworkFactory: got request NetworkRequest [ REQUEST id=106, [ Capabilities: INTERNET&NOT_RESTRICTED&TRUSTED&NOT_VCN_MANAGED Uid: 10121 RequestorUid: 10121 RequestorPkg: com.google.android.calendar] ]
05-19 16:37:58.958   322   472 D goldfish-address-space: claimShared: Ask to claim region [0x1fbbb0000 0x1fbc1c000]
05-19 16:37:58.978   322   472 D goldfish-address-space: claimShared: Ask to claim region [0x1fbc1c000 0x1fbc88000]
05-19 16:37:58.981   322   472 D goldfish-address-space: claimShared: Ask to claim region [0x1f9b78000 0x1f9be4000]
05-19 16:37:59.012  3381  3381 I ViewInteraction: Performing 'replace text(abc)' action on view view.getId() is <2131296774/it.feio.android.omninotes.alpha:id/password_request>
05-19 16:37:59.018  1258  1258 I GoogleInputMethodService: GoogleInputMethodService.onStartInput():1947
05-19 16:37:59.019  1258  1258 I DeviceUnlockedTag: DeviceUnlockedTag.notifyDeviceLockStatusChanged():79 Notify device unlocked.
05-19 16:37:59.019  1258  1258 W SessionManager: SessionManager.beginSession():53 Try to begin an already begun session [INPUT_SESSION], end it first
05-19 16:37:59.035  1124  1124 W ngj     : Pending fill request while another request in the same session was triggered. [CONTEXT service_id=177 ]
05-19 16:37:59.038  3381  3381 I ViewInteraction: Performing 'close keyboard' action on view view.getId() is <2131296774/it.feio.android.omninotes.alpha:id/password_request>
05-19 16:37:59.038  3381  3381 D IdlingRegistry: Registering idling resources: [androidx.test.espresso.action.CloseKeyboardAction$CloseKeyboardIdlingResult@372c88c]
05-19 16:37:59.043  3381  3381 W CloseKeyboardAction: Attempting to close soft keyboard, while it is not shown.
05-19 16:37:59.043  3381  3381 D IdlingRegistry: Unregistering idling resources: [androidx.test.espresso.action.CloseKeyboardAction$CloseKeyboardIdlingResult@372c88c]
05-19 16:37:59.044  3381  3381 I ViewInteraction: Performing 'single click' action on view an instance of android.widget.TextView and view.getText() with or without transformation to match: is "Ok"
05-19 16:37:59.049  1047  1047 D TaplEvents: TIS / TouchInteractionService.onInputEvent: MotionEvent { action=ACTION_DOWN, actionButton=0, id[0]=0, x[0]=870.5, y[0]=1268.5, toolType[0]=TOOL_TYPE_UNKNOWN, buttonState=BUTTON_PRIMARY, classification=NONE, metaState=0, flags=0x0, edgeFlags=0x0, pointerCount=1, historySize=0, eventTime=69266, downTime=69266, deviceId=-1, source=0x1002, displayId=0, eventId=-369450923 }
05-19 16:37:59.068  3755  3802 W yzd     : Not enough free memory to enable logging: 101220352 < 134217728
05-19 16:37:59.088  1047  1047 D TaplEvents: TIS / TouchInteractionService.onInputEvent: MotionEvent { action=ACTION_UP, actionButton=0, id[0]=0, x[0]=870.5, y[0]=1268.5, toolType[0]=TOOL_TYPE_FINGER, buttonState=BUTTON_PRIMARY, classification=NONE, metaState=0, flags=0x0, edgeFlags=0x0, pointerCount=1, historySize=0, eventTime=69308, downTime=69266, deviceId=-1, source=0x1002, displayId=0, eventId=-907502579 }
05-19 16:37:59.102   514  2343 W InputManager-JNI: Input channel object '9125f9b it.feio.android.omninotes.alpha/it.feio.android.omninotes.MainActivity (client)' was disposed without first being removed with the input manager!
05-19 16:37:59.115  3755  3807 I c.zjk   : Obtained writable database SQLiteDatabase/5654526 instance with path /data/user/0/com.google.android.calendar/databases/cal_v2a
05-19 16:37:59.119  3381  3381 D CheckListView: Editing note with ID: 1652949471731
05-19 16:37:59.127   309   309 E android.hardware.audio@7.0-impl.ranchu: device/generic/goldfish/audio/stream_out.cpp:updateSourceMetadata:377 failure: Result::NOT_SUPPORTED
05-19 16:37:59.143  3381  3381 D CheckListView: it.feio.android.omninotes.async.bus.SwitchFragmentEvent
05-19 16:37:59.164  3755  3806 I c.zhr   : The schema version is 18, the database version is 18, and there are 0 migrations
05-19 16:37:59.173  3381  3381 D CheckListView: it.feio.android.omninotes.async.bus.SwitchFragmentEvent
05-19 16:37:59.178  3617  3722 D DynamitePackage: Instantiated singleton DynamitePackage.
05-19 16:37:59.178  3617  3722 D DynamitePackage: Instantiating com.google.android.gms.ads.adshield.ChimeraAdShieldCreatorImpl
05-19 16:37:59.198  1584  1584 D BoundBrokerSvc: onBind: Intent { act=com.google.android.mdd.service.START cmp=com.google.android.gms/.chimera.GmsBoundBrokerService }
05-19 16:37:59.198  1584  1584 D BoundBrokerSvc: Loading bound service for intent: Intent { act=com.google.android.mdd.service.START cmp=com.google.android.gms/.chimera.GmsBoundBrokerService }
05-19 16:37:59.241  3755  3801 W yzd     : Not enough free memory to enable logging: 101212160 < 134217728
05-19 16:37:59.254   309   309 E android.hardware.audio@7.0-impl.ranchu: device/generic/goldfish/audio/stream_out.cpp:updateSourceMetadata:377 failure: Result::NOT_SUPPORTED
05-19 16:37:59.265  3755  3755 D CompatibilityChangeReporter: Compat change id reported: 160794467; UID 10121; state: ENABLED
05-19 16:37:59.289  3617  3722 W s.youtube.musi: Verification of void el.t(fk, bjn, android.view.View, android.app.Activity, boolean) took 107.502ms (13134.55 bytecodes/s) (29776B approximate peak alloc)
05-19 16:37:59.321  1258  1258 I GoogleInputMethodService: GoogleInputMethodService.onFinishInput():3269
05-19 16:37:59.322  1258  1258 I GoogleInputMethodService: GoogleInputMethodService.onStartInput():1947
05-19 16:37:59.327  1258  1258 I DeviceUnlockedTag: DeviceUnlockedTag.notifyDeviceLockStatusChanged():79 Notify device unlocked.
05-19 16:37:59.552  1584  2059 W SQLiteLog: (28) double-quoted string literal: "1652776679552"
05-19 16:37:59.552  1584  2059 W SQLiteLog: (28) double-quoted string literal: "1"
05-19 16:37:59.618  3381  3519 D EGL_emulation: app_time_stats: avg=32.30ms min=6.48ms max=342.48ms count=29
05-19 16:37:59.686  3755  3755 W GrowthKit: Failed to get GrowthKitJobScheduler in GrowthKitBootCompletedBroadcastReceiver So GrowthKit failed to schedule jobs after package replaced / boot completed.
05-19 16:37:59.686  3755  3755 W GrowthKit: java.lang.NullPointerException: Unable to get GrowthKit Component from host app: com.google.android.calendar
05-19 16:37:59.686  3755  3755 W GrowthKit: 	at cal.rsu.a(PG:10)
05-19 16:37:59.686  3755  3755 W GrowthKit: 	at com.google.android.libraries.internal.growth.growthkit.inject.GrowthKitBootCompletedBroadcastReceiver.onReceive(PG:1)
05-19 16:37:59.686  3755  3755 W GrowthKit: 	at android.app.ActivityThread.handleReceiver(ActivityThread.java:4348)
05-19 16:37:59.686  3755  3755 W GrowthKit: 	at android.app.ActivityThread.access$1600(ActivityThread.java:256)
05-19 16:37:59.686  3755  3755 W GrowthKit: 	at android.app.ActivityThread$H.handleMessage(ActivityThread.java:2101)
05-19 16:37:59.686  3755  3755 W GrowthKit: 	at android.os.Handler.dispatchMessage(Handler.java:106)
05-19 16:37:59.686  3755  3755 W GrowthKit: 	at android.os.Looper.loopOnce(Looper.java:201)
05-19 16:37:59.686  3755  3755 W GrowthKit: 	at android.os.Looper.loop(Looper.java:288)
05-19 16:37:59.686  3755  3755 W GrowthKit: 	at android.app.ActivityThread.main(ActivityThread.java:7842)
05-19 16:37:59.686  3755  3755 W GrowthKit: 	at java.lang.reflect.Method.invoke(Native Method)
05-19 16:37:59.686  3755  3755 W GrowthKit: 	at com.android.internal.os.RuntimeInit$MethodAndArgsCaller.run(RuntimeInit.java:548)
05-19 16:37:59.686  3755  3755 W GrowthKit: 	at com.android.internal.os.ZygoteInit.main(ZygoteInit.java:1003)
05-19 16:37:59.872  3381  3381 I ViewInteraction: Performing 'single click' action on view view.getContentDescription() is "More options"
05-19 16:37:59.888  1047  1047 D TaplEvents: TIS / TouchInteractionService.onInputEvent: MotionEvent { action=ACTION_DOWN, actionButton=0, id[0]=0, x[0]=1024.0, y[0]=142.5, toolType[0]=TOOL_TYPE_UNKNOWN, buttonState=BUTTON_PRIMARY, classification=NONE, metaState=0, flags=0x0, edgeFlags=0x0, pointerCount=1, historySize=0, eventTime=70096, downTime=70096, deviceId=-1, source=0x1002, displayId=0, eventId=-741048496 }
05-19 16:37:59.935   322   472 D goldfish-address-space: claimShared: Ask to claim region [0x1fb37c000 0x1fb858000]
05-19 16:37:59.963   309   309 E android.hardware.audio@7.0-impl.ranchu: device/generic/goldfish/audio/stream_out.cpp:updateSourceMetadata:377 failure: Result::NOT_SUPPORTED
05-19 16:38:00.017  1047  1047 D TaplEvents: TIS / TouchInteractionService.onInputEvent: MotionEvent { action=ACTION_UP, actionButton=0, id[0]=0, x[0]=1024.0, y[0]=142.5, toolType[0]=TOOL_TYPE_FINGER, buttonState=BUTTON_PRIMARY, classification=NONE, metaState=0, flags=0x0, edgeFlags=0x0, pointerCount=1, historySize=0, eventTime=70137, downTime=70096, deviceId=-1, source=0x1002, displayId=0, eventId=-216550768 }
05-19 16:38:00.018   322   472 D goldfish-address-space: claimShared: Ask to claim region [0x1fb858000 0x1fb88c000]
05-19 16:38:00.022   372   614 I BpBinder: onLastStrongRef automatically unlinking death recipients: <uncached descriptor>
05-19 16:38:00.037   322   472 D goldfish-address-space: claimShared: Ask to claim region [0x1fb88c000 0x1fb8c0000]
05-19 16:38:00.105   309   309 E android.hardware.audio@7.0-impl.ranchu: device/generic/goldfish/audio/stream_out.cpp:updateSourceMetadata:377 failure: Result::NOT_SUPPORTED
05-19 16:38:00.144   322   472 D goldfish-address-space: claimShared: Ask to claim region [0x1fb8c0000 0x1fb8f4000]
05-19 16:38:00.251   322   472 D goldfish-address-space: claimShared: Ask to claim region [0x1f9be4000 0x1f9ebc000]
05-19 16:38:00.316  3075  3075 D CellBroadcastReceiver: onReceive Intent { act=android.intent.action.BOOT_COMPLETED flg=0x89000010 cmp=com.google.android.cellbroadcastreceiver/com.android.cellbroadcastreceiver.CellBroadcastReceiver (has extras) }
05-19 16:38:00.339   322   472 D goldfish-address-space: claimShared: Ask to claim region [0x1fb88c000 0x1fbb64000]
05-19 16:38:00.339   322   472 D goldfish-address-space: claimShared: Ask to claim region [0x1f9ebc000 0x1fa194000]
05-19 16:38:00.419   372   489 I BpBinder: onLastStrongRef automatically unlinking death recipients: <uncached descriptor>
05-19 16:38:00.450   322   472 D goldfish-address-space: claimShared: Ask to claim region [0x1fbfe0000 0x1fbfec000]
05-19 16:38:00.485   307   307 D Zygote  : Forked child process 3859
05-19 16:38:00.525  3755  3755 W ndroid.calenda: Long monitor contention with owner GoogleApiHandler (3786) at boolean cal.qof.b(cal.qob, android.content.ServiceConnection, java.lang.String)(PG:11) waiters=0 in void cal.qod.onServiceConnected(android.content.ComponentName, android.os.IBinder) for 168ms
05-19 16:38:00.531  3859  3859 I libc    : SetHeapTaggingLevel: tag level set to 0
05-19 16:38:00.561   411   431 I adbd    : jdwp connection from 3859
05-19 16:38:00.647   689   934 D EGL_emulation: app_time_stats: avg=6020.01ms min=95.28ms max=11944.73ms count=2
05-19 16:38:00.670  3075  3857 D CellBroadcastContentProvider: database changed: notifying observers...
05-19 16:38:00.695  3859  3859 D CompatibilityChangeReporter: Compat change id reported: 171979766; UID 10094; state: DISABLED
05-19 16:38:00.723  3859  3859 D ApplicationLoaders: Returning zygote-cached class loader: /system/framework/android.test.base.jar
05-19 16:38:00.738  3859  3859 D nativeloader: classloader namespace configured for unbundled product apk. library_path=/product/priv-app/ConfigUpdater/lib/arm64:/product/lib64:/system/product/lib64
05-19 16:38:00.748  3381  3381 I ViewInteraction: Performing 'single click' action on view an instance of android.widget.TextView and view.getText() with or without transformation to match: is "Unlock"
05-19 16:38:00.768  1047  1047 D TaplEvents: TIS / TouchInteractionService.onInputEvent: MotionEvent { action=ACTION_DOWN, actionButton=0, id[0]=0, x[0]=799.0, y[0]=297.0, toolType[0]=TOOL_TYPE_UNKNOWN, buttonState=BUTTON_PRIMARY, classification=NONE, metaState=0, flags=0x0, edgeFlags=0x0, pointerCount=1, historySize=0, eventTime=70970, downTime=70970, deviceId=-1, source=0x1002, displayId=0, eventId=-1037485402 }
05-19 16:38:00.795  3381  3519 D EGL_emulation: app_time_stats: avg=130.78ms min=17.00ms max=442.57ms count=9
05-19 16:38:00.798  3859  3859 V GraphicsEnvironment: ANGLE Developer option for 'com.google.android.configupdater' set to: 'default'
05-19 16:38:00.805  3859  3859 V GraphicsEnvironment: ANGLE GameManagerService for com.google.android.configupdater: false
05-19 16:38:00.808  3859  3859 V GraphicsEnvironment: Neither updatable production driver nor prerelease driver is supported.
05-19 16:38:00.822  3859  3859 D NetworkSecurityConfig: No Network Security Config specified, using platform default
05-19 16:38:00.822  3859  3859 D NetworkSecurityConfig: No Network Security Config specified, using platform default
05-19 16:38:00.832  1124  1130 I .gms.persisten: Background young concurrent copying GC freed 155533(9777KB) AllocSpace objects, 35(1444KB) LOS objects, 32% free, 21MB/31MB, paused 39us,30us total 1.268s
05-19 16:38:00.847  3617  3696 E GoogleTagManager: Invalid macro: _gtm.loadEventEnabled
05-19 16:38:00.955  3859  3859 E ConfigUpdater: ignoring update request
05-19 16:38:00.991  3859  3859 E ConfigUpdater: ignoring update request
05-19 16:38:01.019  3859  3859 E ConfigUpdater: ignoring update request
05-19 16:38:01.047  1047  1047 D TaplEvents: TIS / TouchInteractionService.onInputEvent: MotionEvent { action=ACTION_UP, actionButton=0, id[0]=0, x[0]=799.0, y[0]=297.0, toolType[0]=TOOL_TYPE_FINGER, buttonState=BUTTON_PRIMARY, classification=NONE, metaState=0, flags=0x0, edgeFlags=0x0, pointerCount=1, historySize=0, eventTime=71267, downTime=70970, deviceId=-1, source=0x1002, displayId=0, eventId=-811659128 }
05-19 16:38:01.062   514   547 I libprocessgroup: Successfully killed process cgroup uid 10058 pid 2692 in 25ms
05-19 16:38:01.064  3381  3381 D CheckListView: Locking or unlocking note 1652949471731
05-19 16:38:01.079  3859  3859 E ConfigUpdater: ignoring update request
05-19 16:38:01.090   309   309 E android.hardware.audio@7.0-impl.ranchu: device/generic/goldfish/audio/stream_out.cpp:updateSourceMetadata:377 failure: Result::NOT_SUPPORTED
05-19 16:38:01.105  3859  3859 E ConfigUpdater: ignoring update request
05-19 16:38:01.107  3859  3859 E ConfigUpdater: ignoring update request
05-19 16:38:01.125  3859  3859 E ConfigUpdater: ignoring update request
05-19 16:38:01.156  3859  3859 E ConfigUpdater: ignoring update request
05-19 16:38:01.177  3859  3859 E ConfigUpdater: ignoring update request
05-19 16:38:01.187   514  1190 W InputManager-JNI: Input channel object '17920e PopupWindow:d354d72 (client)' was disposed without first being removed with the input manager!
05-19 16:38:01.202  3859  3859 E ConfigUpdater: ignoring update request
05-19 16:38:01.214  1258  1258 I GoogleInputMethodService: GoogleInputMethodService.onFinishInput():3269
05-19 16:38:01.221   309   309 E android.hardware.audio@7.0-impl.ranchu: device/generic/goldfish/audio/stream_out.cpp:updateSourceMetadata:377 failure: Result::NOT_SUPPORTED
05-19 16:38:01.234  1258  1258 I GoogleInputMethodService: GoogleInputMethodService.onStartInput():1947
05-19 16:38:01.240  1258  1258 I DeviceUnlockedTag: DeviceUnlockedTag.notifyDeviceLockStatusChanged():79 Notify device unlocked.
05-19 16:38:01.248  1124  1129 I .gms.persisten: Compiler allocated 4744KB to compile void atyb.D(java.util.Set, java.util.List, int, java.lang.String, boolean, ckfe, atya, java.util.LinkedHashMap, boolean)
05-19 16:38:01.249  3859  3859 E ConfigUpdater: ignoring update request
05-19 16:38:01.280  3859  3859 E ConfigUpdater: ignoring update request
05-19 16:38:01.286  3859  3859 D CompatibilityChangeReporter: Compat change id reported: 160794467; UID 10094; state: DISABLED
05-19 16:38:01.308   514   547 I libprocessgroup: Successfully killed process cgroup uid 1000 pid 2911 in 5ms
05-19 16:38:01.322   307   307 D Zygote  : Forked child process 3912
05-19 16:38:01.370   411   431 I adbd    : jdwp connection from 3912
05-19 16:38:01.382  3912  3912 D CompatibilityChangeReporter: Compat change id reported: 171979766; UID 10104; state: ENABLED
05-19 16:38:01.389   307   307 I Zygote  : Process 2911 exited due to signal 9 (Killed)
05-19 16:38:01.390   307   307 I Zygote  : Process 2692 exited due to signal 9 (Killed)
05-19 16:38:01.484  3912  3912 D nativeloader: classloader namespace configured for unbundled product apk. library_path=/product/app/PrebuiltDeskClockGoogle/lib/arm64:/product/lib64:/system/product/lib64
05-19 16:38:01.491  1124  1129 I .gms.persisten: Compiler allocated 5525KB to compile void atyb.D(java.util.Set, java.util.List, int, java.lang.String, boolean, ckfe, atya, java.util.LinkedHashMap, boolean)
05-19 16:38:01.547  3912  3912 V GraphicsEnvironment: ANGLE Developer option for 'com.google.android.deskclock' set to: 'default'
05-19 16:38:01.550  3912  3912 V GraphicsEnvironment: ANGLE GameManagerService for com.google.android.deskclock: false
05-19 16:38:01.550  3912  3912 V GraphicsEnvironment: Neither updatable production driver nor prerelease driver is supported.
05-19 16:38:01.553  3912  3912 D NetworkSecurityConfig: No Network Security Config specified, using platform default
05-19 16:38:01.553  3912  3912 D NetworkSecurityConfig: No Network Security Config specified, using platform default
05-19 16:38:01.578  3912  3912 D AlarmClock: ClockSliceProvider: Creating slice provider. Granting read permissions to packages.
05-19 16:38:01.643  1124  3483 I atxs    : Scheduling adaptive one off task with window [14400, 604800] in seconds [CONTEXT service_id=51 ]
05-19 16:38:01.672  3617  3878 E GoogleTagManager: Invalid macro: _gtm.loadEventEnabled
05-19 16:38:01.691  1124  3251 I NetworkScheduler.Stats: Task com.google.android.gms/com.google.android.gms.phenotype.service.sync.PhenotypeConfigurator finished executing. cause:5 result: 1 elapsed_millis: 12119 uptime_millis: 12119 exec_start_elapsed_seconds: 59 [CONTEXT service_id=218 ]
05-19 16:38:01.693  1124  2285 I FontLog : Received query Google Sans, URI content://com.google.android.gms.fonts [CONTEXT service_id=132 ]
05-19 16:38:01.693  1124  2285 I FontLog : Query [Google Sans] resolved to {Google Sans, wdth 100.0, wght 400, ital 0.0, bestEffort false} [CONTEXT service_id=132 ]
05-19 16:38:01.695  1124  2285 I FontLog : Font PFD returned from cache for {Google Sans, wdth 100.0, wght 400, ital 0.0, bestEffort false} [CONTEXT service_id=132 ]
05-19 16:38:01.695  1124  2285 I FontLog : Fetch {Google Sans, wdth 100.0, wght 400, ital 0.0, bestEffort false} end status Status{statusCode=SUCCESS, resolution=null} [CONTEXT service_id=132 ]
05-19 16:38:01.698  3912  3912 D PrimesApiImpl: Primes instant initialization
05-19 16:38:01.724  3912  3912 I AlarmClock: AlarmInitReceiver android.intent.action.BOOT_COMPLETED
05-19 16:38:01.726  3912  3912 I AlarmClock: AnalogAppWidgetProvider: AnalogAppWidgetProvider processing Intent { act=android.intent.action.BOOT_COMPLETED flg=0x89000010 cmp=com.google.android.deskclock/com.android.alarmclock.AnalogAppWidgetProvider (has extras) }
05-19 16:38:01.727  1124  2285 I FontLog : Pulling font file for id = 5, cache size = 5 [CONTEXT service_id=132 ]
05-19 16:38:01.729  3912  3935 I GAv4    : Google Analytics 214.0.10 is starting up. To enable debug logging on a device run:
05-19 16:38:01.729  3912  3935 I GAv4    :   adb shell setprop log.tag.GAv4 DEBUG
05-19 16:38:01.729  3912  3935 I GAv4    :   adb logcat -s GAv4
05-19 16:38:01.737  3912  3912 I AlarmClock: AnalogAppWidgetController: updating AnalogClock widgets... #widgets=0
05-19 16:38:01.738  3912  3912 D CompatibilityChangeReporter: Compat change id reported: 160794467; UID 10104; state: ENABLED
05-19 16:38:01.741  3912  3912 I AlarmClock: AnalogAppWidgetController: density=2.750000
05-19 16:38:01.747   514   547 I libprocessgroup: Successfully killed process cgroup uid 2000 pid 2947 in 0ms
05-19 16:38:01.764  3912  3939 W GAv4    : AnalyticsReceiver is not registered or is disabled. Register the receiver for reliable dispatching on non-Google Play devices. See http://goo.gl/8Rd3yj for instructions.
05-19 16:38:01.776  1124  2285 I FontLog : Received query Google Sans Text, URI content://com.google.android.gms.fonts [CONTEXT service_id=132 ]
05-19 16:38:01.776  1124  2285 I FontLog : Query [Google Sans Text] resolved to {Google Sans Text, wdth 100.0, wght 400, ital 0.0, bestEffort false} [CONTEXT service_id=132 ]
05-19 16:38:01.777  3912  3939 W GAv4    : CampaignTrackingReceiver is not registered, not exported or is disabled. Installation campaign tracking is not possible. See http://goo.gl/8Rd3yj for instructions.
05-19 16:38:01.780  1124  2285 I FontLog : Fetch {Google Sans Text, wdth 100.0, wght 400, ital 0.0, bestEffort false} end status Status{statusCode=SUCCESS, resolution=null} [CONTEXT service_id=132 ]
05-19 16:38:01.786  3912  3939 W GAv4    : AnalyticsService not registered in the app manifest. Hits might not be delivered reliably. See http://goo.gl/8Rd3yj for instructions.
05-19 16:38:01.787  1124  2285 I FontLog : Pulling font file for id = 6, cache size = 6 [CONTEXT service_id=132 ]
05-19 16:38:01.800  1124  2285 I FontLog : Received query Google Sans:500, URI content://com.google.android.gms.fonts [CONTEXT service_id=132 ]
05-19 16:38:01.800  1124  2285 I FontLog : Query [Google Sans:500] resolved to {Google Sans, wdth 100.0, wght 500, ital 0.0, bestEffort false} [CONTEXT service_id=132 ]
05-19 16:38:01.800  1124  2285 I FontLog : Font PFD returned from cache for {Google Sans, wdth 100.0, wght 500, ital 0.0, bestEffort false} [CONTEXT service_id=132 ]
05-19 16:38:01.801  1124  2285 I FontLog : Fetch {Google Sans, wdth 100.0, wght 500, ital 0.0, bestEffort false} end status Status{statusCode=SUCCESS, resolution=null} [CONTEXT service_id=132 ]
05-19 16:38:01.808  1124  2285 I FontLog : Pulling font file for id = 7, cache size = 7 [CONTEXT service_id=132 ]
05-19 16:38:01.824   307   307 I Zygote  : Process 2947 exited due to signal 9 (Killed)
05-19 16:38:01.826  1124  2285 I FontLog : Received query Google Sans Display, URI content://com.google.android.gms.fonts [CONTEXT service_id=132 ]
05-19 16:38:01.826  1124  2285 I FontLog : Query [Google Sans Display] resolved to {Google Sans Display, wdth 100.0, wght 400, ital 0.0, bestEffort false} [CONTEXT service_id=132 ]
05-19 16:38:01.827  1124  2285 I FontLog : Font PFD returned from cache for {Google Sans Display, wdth 100.0, wght 400, ital 0.0, bestEffort false} [CONTEXT service_id=132 ]
05-19 16:38:01.827  1124  2285 I FontLog : Fetch {Google Sans Display, wdth 100.0, wght 400, ital 0.0, bestEffort false} end status Status{statusCode=SUCCESS, resolution=null} [CONTEXT service_id=132 ]
05-19 16:38:01.830  1124  2285 I FontLog : Pulling font file for id = 8, cache size = 8 [CONTEXT service_id=132 ]
05-19 16:38:01.848  3617  3617 E YouTubeMusic: Trying to detachMediaView when it wasn't the most recent MediaView Setter
05-19 16:38:01.868  3617  3721 E GoogleTagManager: Unsupported Value Escaping: 3
05-19 16:38:01.878  1210  2084 W DynamiteModule: Local module descriptor class for com.google.android.gms.providerinstaller.dynamite not found.
05-19 16:38:01.881  1124  2285 W ProviderHelper: Unknown dynamite feature providerinstaller.dynamite
05-19 16:38:01.881  1210  1244 I GrowthKit: GrowthKit enabled by flag, registered to Phenotype and schedule jobs.
05-19 16:38:01.883  1210  2084 I DynamiteModule: Considering local module com.google.android.gms.providerinstaller.dynamite:0 and remote module com.google.android.gms.providerinstaller.dynamite:0
05-19 16:38:01.883  1210  2084 W ProviderInstaller: Failed to load providerinstaller module: No acceptable module found. Local version is 0 and remote version is 0.
05-19 16:38:01.892  3617  3721 E GoogleTagManager: Unsupported Value Escaping: 3
05-19 16:38:01.899  3617  3721 E GoogleTagManager: Unsupported Value Escaping: 3
05-19 16:38:01.926   514  1812 D ConnectivityService: requestNetwork for uid/pid:10097/1210 activeRequest: null callbackRequest: 107 [NetworkRequest [ REQUEST id=108, [ Capabilities: INTERNET&NOT_RESTRICTED&TRUSTED&NOT_VCN_MANAGED Uid: 10097 RequestorUid: 10097 RequestorPkg: com.google.android.dialer] ]] callback flags: 0 order: 2147483647
05-19 16:38:01.926   514   627 D ConnectivityService: NetReassign [108 : null → 101]
05-19 16:38:01.927   514   620 D WifiNetworkFactory: got request NetworkRequest [ REQUEST id=108, [ Capabilities: INTERNET&NOT_RESTRICTED&TRUSTED&NOT_VCN_MANAGED Uid: 10097 RequestorUid: 10097 RequestorPkg: com.google.android.dialer] ]
05-19 16:38:01.927   514   620 D UntrustedWifiNetworkFactory: got request NetworkRequest [ REQUEST id=108, [ Capabilities: INTERNET&NOT_RESTRICTED&TRUSTED&NOT_VCN_MANAGED Uid: 10097 RequestorUid: 10097 RequestorPkg: com.google.android.dialer] ]
05-19 16:38:01.927   514   620 D OemPaidWifiNetworkFactory: got request NetworkRequest [ REQUEST id=108, [ Capabilities: INTERNET&NOT_RESTRICTED&TRUSTED&NOT_VCN_MANAGED Uid: 10097 RequestorUid: 10097 RequestorPkg: com.google.android.dialer] ]
05-19 16:38:01.938  1210  2084 D nativeloader: classloader namespace configured for unbundled product apk. library_path=/product/priv-app/PrebuiltGmsCore/lib/arm64:/product/priv-app/PrebuiltGmsCore/PrebuiltGmsCore.apk!/lib/arm64-v8a:/product/lib64:/system/product/lib64
05-19 16:38:01.938   306  3945 D resolv  : GetAddrInfoHandler::run: {101 101 101 983141 10114 0}
05-19 16:38:01.938   306  3945 D resolv  : resolv_getaddrinfo: explore_fqdn(): ai_family=0 ai_socktype=1 ai_protocol=6
05-19 16:38:01.944   306  3947 D resolv  : doQuery: (1, 1)
05-19 16:38:01.944   306  3947 D resolv  : res_nmkquery: (QUERY, IN, A)
05-19 16:38:01.944   306  3947 D resolv  : res_nsend
05-19 16:38:01.944   306  3947 I resolv  : resolv_cache_lookup: lookup
05-19 16:38:01.945   306  3947 I resolv  : resolv_cache_lookup: FOUND IN CACHE entry=0xb400007dc028f310
05-19 16:38:01.945   306  3947 D resolv  : doQuery: rcode=0, ancount=2
05-19 16:38:01.948   306  3946 D resolv  : doQuery: (1, 28)
05-19 16:38:01.948   306  3946 D resolv  : res_nmkquery: (QUERY, IN, AAAA)
05-19 16:38:01.948   306  3946 D resolv  : res_nsend
05-19 16:38:01.948   306  3946 I resolv  : resolv_cache_lookup: lookup
05-19 16:38:01.948   306  3946 I resolv  : resolv_cache_lookup: FOUND IN CACHE entry=0xb400007dd0289530
05-19 16:38:01.948   306  3946 D resolv  : doQuery: rcode=0, ancount=1
05-19 16:38:01.954  1210  2084 V NativeCrypto: Registering com/google/android/gms/org/conscrypt/NativeCrypto's 294 native methods...
05-19 16:38:01.962  1210  2084 I ProviderInstaller: Installed default security provider GmsCore_OpenSSL
05-19 16:38:01.978  1210  1249 I DialerRestartCompletedReceiver: com.android.dialer.businessvoice.verifiedcall.impl.registration.RestartCompletedReceiver.lambda$enqueueWorker$2:105 Enqueued worker: CONSTELLATION_SYNC
05-19 16:38:01.999  1210  1250 I DynamiteModule: Considering local module com.google.android.gms.cronet_dynamite:0 and remote module com.google.android.gms.cronet_dynamite:1411
05-19 16:38:01.999  1210  1250 I DynamiteModule: Selected remote version of com.google.android.gms.cronet_dynamite, version >= 1411
05-19 16:38:01.999  1210  1250 V DynamiteModule: Dynamite loader version >= 2, using loadModule2NoCrashUtils
05-19 16:38:02.008  1210  1249 I DialerRestartCompletedReceiver: com.android.dialer.businessvoice.verifiedcall.impl.registration.RestartCompletedReceiver.lambda$enqueueWorker$2:105 Enqueued worker: REGISTRATION
05-19 16:38:02.013  1210  1210 I DialerOmtpService: com.android.voicemail.impl.OmtpService.onBoot:185 onBoot [CONTEXT enable_persistent_logger=true ]
05-19 16:38:02.020   307   307 D Zygote  : Forked child process 3950
05-19 16:38:02.040   411   431 I adbd    : jdwp connection from 3950
05-19 16:38:02.041  1210  1210 I DialerConstellationSyncWorker: com.android.dialer.businessvoice.control.worker.ConstellationSyncWorker.startWork:65 starting work
05-19 16:38:02.047  1210  1400 I DialerCountryCodeProvider: com.android.dialer.businessvoice.verifiedcall.impl.i18n.CountryCodeProvider.getSimCountryCodeInternal:82 returning Redacted-2-chars
05-19 16:38:02.047  1210  1400 I DialerCachedVerifiedNumberProvider: com.android.dialer.businessvoice.verifiedcall.impl.constellation.CachedVerifiedNumberProvider.refreshConstellationInfo:189 Retrieving constellation info and refreshing the cache.
05-19 16:38:02.094  3950  3950 D CompatibilityChangeReporter: Compat change id reported: 171979766; UID 10119; state: ENABLED
05-19 16:38:02.118   306  3966 D resolv  : GetAddrInfoHandler::run: {101 101 101 983141 10114 0}
05-19 16:38:02.118   306  3966 D resolv  : resolv_getaddrinfo: explore_fqdn(): ai_family=0 ai_socktype=1 ai_protocol=6
05-19 16:38:02.123   306  3967 D resolv  : doQuery: (1, 28)
05-19 16:38:02.123   306  3967 D resolv  : res_nmkquery: (QUERY, IN, AAAA)
05-19 16:38:02.123   306  3967 D resolv  : res_nsend
05-19 16:38:02.123   306  3967 I resolv  : resolv_cache_lookup: lookup
05-19 16:38:02.123   306  3967 I resolv  : resolv_cache_lookup: FOUND IN CACHE entry=0xb400007dc028d9b0
05-19 16:38:02.123   306  3967 D resolv  : doQuery: rcode=0, ancount=1
05-19 16:38:02.123   306  3968 D resolv  : doQuery: (1, 1)
05-19 16:38:02.123   306  3968 D resolv  : res_nmkquery: (QUERY, IN, A)
05-19 16:38:02.123   306  3968 D resolv  : res_nsend
05-19 16:38:02.123   306  3968 I resolv  : resolv_cache_lookup: lookup
05-19 16:38:02.123   306  3968 I resolv  : resolv_cache_lookup: FOUND IN CACHE entry=0xb400007db0283350
05-19 16:38:02.123   306  3968 D resolv  : doQuery: rcode=0, ancount=1
05-19 16:38:02.163  1584  1584 D BoundBrokerSvc: onBind: Intent { act=com.google.android.gms.common.BIND_SHARED_PREFS pkg=com.google.android.gms }
05-19 16:38:02.163  1584  1584 D BoundBrokerSvc: Loading bound service for intent: Intent { act=com.google.android.gms.common.BIND_SHARED_PREFS pkg=com.google.android.gms }
05-19 16:38:02.171  3950  3950 D nativeloader: classloader namespace configured for unbundled product apk. library_path=/product/app/PrebuiltGmail/lib/arm64:/product/app/PrebuiltGmail/PrebuiltGmail.apk!/lib/arm64-v8a:/product/lib64:/system/product/lib64
05-19 16:38:02.177  1584  1584 D BoundBrokerSvc: onUnbind: Intent { act=com.google.android.gms.common.BIND_SHARED_PREFS pkg=com.google.android.gms }
05-19 16:38:02.179  1584  2534 I constellation: [event_manager] Starting session. sessionId: 6e9dcf31-c18f-43a3-abc5-5b9abc6d0823 from trigger: 7
05-19 16:38:02.189  1584  1584 D BoundBrokerSvc: onBind: Intent { act=com.google.android.gms.common.BIND_SHARED_PREFS pkg=com.google.android.gms }
05-19 16:38:02.189  1584  1584 D BoundBrokerSvc: Loading bound service for intent: Intent { act=com.google.android.gms.common.BIND_SHARED_PREFS pkg=com.google.android.gms }
05-19 16:38:02.210  1584  1584 D BoundBrokerSvc: onUnbind: Intent { act=com.google.android.gms.common.BIND_SHARED_PREFS pkg=com.google.android.gms }
05-19 16:38:02.213  1584  1584 D BoundBrokerSvc: onBind: Intent { act=com.google.android.gms.common.BIND_SHARED_PREFS pkg=com.google.android.gms }
05-19 16:38:02.213  1584  1584 D BoundBrokerSvc: Loading bound service for intent: Intent { act=com.google.android.gms.common.BIND_SHARED_PREFS pkg=com.google.android.gms }
05-19 16:38:02.216  3950  3950 V GraphicsEnvironment: ANGLE Developer option for 'com.google.android.gm' set to: 'default'
05-19 16:38:02.218  3950  3950 V GraphicsEnvironment: ANGLE GameManagerService for com.google.android.gm: false
05-19 16:38:02.218  3950  3950 V GraphicsEnvironment: Neither updatable production driver nor prerelease driver is supported.
05-19 16:38:02.221  1584  1584 D BoundBrokerSvc: onUnbind: Intent { act=com.google.android.gms.common.BIND_SHARED_PREFS pkg=com.google.android.gms }
05-19 16:38:02.231  3950  3950 D NetworkSecurityConfig: Using Network Security Config from resource network_security_config debugBuild: false
05-19 16:38:02.233  3950  3950 D NetworkSecurityConfig: Using Network Security Config from resource network_security_config debugBuild: false
05-19 16:38:02.245  1584  2534 I constellation: [verification_manager] No cached state for External Consent Activity
05-19 16:38:02.245  1584  2534 I constellation: [verification_manager] No cached state for On-demand consent
05-19 16:38:02.249  1584  1584 D BoundBrokerSvc: onBind: Intent { act=com.google.android.gms.common.BIND_SHARED_PREFS pkg=com.google.android.gms }
05-19 16:38:02.249  1584  1584 D BoundBrokerSvc: Loading bound service for intent: Intent { act=com.google.android.gms.common.BIND_SHARED_PREFS pkg=com.google.android.gms }
05-19 16:38:02.256  1584  1584 D BoundBrokerSvc: onUnbind: Intent { act=com.google.android.gms.common.BIND_SHARED_PREFS pkg=com.google.android.gms }
05-19 16:38:02.265  1584  1584 D BoundBrokerSvc: onBind: Intent { act=com.google.android.gms.common.BIND_SHARED_PREFS pkg=com.google.android.gms }
05-19 16:38:02.265  1584  1584 D BoundBrokerSvc: Loading bound service for intent: Intent { act=com.google.android.gms.common.BIND_SHARED_PREFS pkg=com.google.android.gms }
05-19 16:38:02.270   514   669 D ConnectivityService: requestNetwork for uid/pid:10097/1210 activeRequest: null callbackRequest: 109 [NetworkRequest [ REQUEST id=110, [ Capabilities: INTERNET&NOT_RESTRICTED&TRUSTED&NOT_VCN_MANAGED Uid: 10097 RequestorUid: 10097 RequestorPkg: com.google.android.dialer] ]] callback flags: 0 order: 2147483647
05-19 16:38:02.271   514   627 D ConnectivityService: NetReassign [110 : null → 101]
05-19 16:38:02.272   514   620 D WifiNetworkFactory: got request NetworkRequest [ REQUEST id=110, [ Capabilities: INTERNET&NOT_RESTRICTED&TRUSTED&NOT_VCN_MANAGED Uid: 10097 RequestorUid: 10097 RequestorPkg: com.google.android.dialer] ]
05-19 16:38:02.272   514   620 D UntrustedWifiNetworkFactory: got request NetworkRequest [ REQUEST id=110, [ Capabilities: INTERNET&NOT_RESTRICTED&TRUSTED&NOT_VCN_MANAGED Uid: 10097 RequestorUid: 10097 RequestorPkg: com.google.android.dialer] ]
05-19 16:38:02.272   514   620 D OemPaidWifiNetworkFactory: got request NetworkRequest [ REQUEST id=110, [ Capabilities: INTERNET&NOT_RESTRICTED&TRUSTED&NOT_VCN_MANAGED Uid: 10097 RequestorUid: 10097 RequestorPkg: com.google.android.dialer] ]
05-19 16:38:02.281  1584  1584 D BoundBrokerSvc: onUnbind: Intent { act=com.google.android.gms.common.BIND_SHARED_PREFS pkg=com.google.android.gms }
05-19 16:38:02.297  1584  1584 D BoundBrokerSvc: onBind: Intent { act=com.google.android.gms.common.BIND_SHARED_PREFS pkg=com.google.android.gms }
05-19 16:38:02.297  1584  1584 D BoundBrokerSvc: Loading bound service for intent: Intent { act=com.google.android.gms.common.BIND_SHARED_PREFS pkg=com.google.android.gms }
05-19 16:38:02.299  1584  1584 D BoundBrokerSvc: onUnbind: Intent { act=com.google.android.gms.common.BIND_SHARED_PREFS pkg=com.google.android.gms }
05-19 16:38:02.300   514   627 D ConnectivityService: NetReassign [no changes]
05-19 16:38:02.347  3381  3519 D EGL_emulation: app_time_stats: avg=62.06ms min=10.26ms max=1035.49ms count=25
05-19 16:38:02.423  1210  1250 I cr_CronetLibraryLoader: Cronet version: 91.0.4472.101, arch: aarch64
05-19 16:38:02.549   306  3979 D resolv  : GetAddrInfoHandler::run: {101 786533 101 983141 10097 0}
05-19 16:38:02.549   306  3979 D resolv  : resolv_getaddrinfo: explore_fqdn(): ai_family=0 ai_socktype=1 ai_protocol=6
05-19 16:38:02.554   306  3981 D resolv  : doQuery: (1, 1)
05-19 16:38:02.554   306  3981 D resolv  : res_nmkquery: (QUERY, IN, A)
05-19 16:38:02.554   306  3981 D resolv  : res_nsend
05-19 16:38:02.554   306  3981 I resolv  : resolv_cache_lookup: lookup
05-19 16:38:02.554   306  3981 I resolv  : resolv_cache_lookup: FOUND IN CACHE entry=0xb400007dc028d010
05-19 16:38:02.554   306  3981 D resolv  : doQuery: rcode=0, ancount=1
05-19 16:38:02.557   306  3980 D resolv  : doQuery: (1, 28)
05-19 16:38:02.557   306  3980 D resolv  : res_nmkquery: (QUERY, IN, AAAA)
05-19 16:38:02.558   306  3980 D resolv  : res_nsend
05-19 16:38:02.558   306  3980 I resolv  : resolv_cache_lookup: lookup
05-19 16:38:02.558   306  3980 I resolv  : resolv_cache_lookup: FOUND IN CACHE entry=0xb400007dc028f930
05-19 16:38:02.558   306  3980 D resolv  : doQuery: rcode=0, ancount=1
05-19 16:38:02.558   514  2343 W InputManager-JNI: Input channel object 'fadb0d9 Toast (client)' was disposed without first being removed with the input manager!
05-19 16:38:02.603  1584  1584 D BoundBrokerSvc: onBind: Intent { act=com.google.android.gms.common.BIND_SHARED_PREFS pkg=com.google.android.gms }
05-19 16:38:02.603  1584  1584 D BoundBrokerSvc: Loading bound service for intent: Intent { act=com.google.android.gms.common.BIND_SHARED_PREFS pkg=com.google.android.gms }
05-19 16:38:02.615   306  3983 D resolv  : GetAddrInfoHandler::run: {101 101 101 983141 10114 0}
05-19 16:38:02.615   306  3983 D resolv  : resolv_getaddrinfo: explore_fqdn(): ai_family=0 ai_socktype=1 ai_protocol=6
05-19 16:38:02.618  1584  1584 D BoundBrokerSvc: onUnbind: Intent { act=com.google.android.gms.common.BIND_SHARED_PREFS pkg=com.google.android.gms }
05-19 16:38:02.622   306  3985 D resolv  : doQuery: (1, 1)
05-19 16:38:02.622   306  3985 D resolv  : res_nmkquery: (QUERY, IN, A)
05-19 16:38:02.622   306  3985 D resolv  : res_nsend
05-19 16:38:02.622   306  3985 I resolv  : resolv_cache_lookup: lookup
05-19 16:38:02.622   306  3985 I resolv  : resolv_cache_lookup: FOUND IN CACHE entry=0xb400007dc028d710
05-19 16:38:02.622   306  3985 D resolv  : doQuery: rcode=0, ancount=1
05-19 16:38:02.624   306  3984 D resolv  : doQuery: (1, 28)
05-19 16:38:02.624   306  3984 D resolv  : res_nmkquery: (QUERY, IN, AAAA)
05-19 16:38:02.624   306  3984 D resolv  : res_nsend
05-19 16:38:02.624   306  3984 I resolv  : resolv_cache_lookup: lookup
05-19 16:38:02.624   306  3984 I resolv  : resolv_cache_lookup: FOUND IN CACHE entry=0xb400007dd0288d50
05-19 16:38:02.624   306  3984 D resolv  : doQuery: rcode=0, ancount=0
05-19 16:38:02.653  1124  2285 W GLSUser : [DeviceKeyStore] Cannot load key: Device key file not found.
05-19 16:38:02.761  3381  3381 I ViewInteraction: Performing 'single click' action on view view.getContentDescription() to match resource id <2131820712>[drawer_open] with value "drawer open"
05-19 16:38:02.768  1047  1047 D TaplEvents: TIS / TouchInteractionService.onInputEvent: MotionEvent { action=ACTION_DOWN, actionButton=0, id[0]=0, x[0]=76.5, y[0]=142.5, toolType[0]=TOOL_TYPE_UNKNOWN, buttonState=BUTTON_PRIMARY, classification=NONE, metaState=0, flags=0x0, edgeFlags=0x0, pointerCount=1, historySize=0, eventTime=72983, downTime=72983, deviceId=-1, source=0x1002, displayId=0, eventId=-625614559 }
05-19 16:38:02.777   322   472 D goldfish-address-space: claimShared: Ask to claim region [0x1fb37c000 0x1fb85c000]
05-19 16:38:02.783  3950  3991 W ogle.android.g: Accessing hidden field Ljava/util/Collections$SynchronizedCollection;->mutex:Ljava/lang/Object; (max-target-o, reflection, denied)
05-19 16:38:02.783  3950  3991 W ogle.android.g: Accessing hidden method Ljava/util/Collections$SynchronizedSet;-><init>(Ljava/util/Set;Ljava/lang/Object;)V (max-target-o, reflection, denied)
05-19 16:38:02.783  3950  3991 W ogle.android.g: Accessing hidden method Ljava/util/Collections$SynchronizedCollection;-><init>(Ljava/util/Collection;Ljava/lang/Object;)V (max-target-o, reflection, denied)
05-19 16:38:02.791   322   472 D goldfish-address-space: claimShared: Ask to claim region [0x1fb85c000 0x1fb890000]
05-19 16:38:02.794   372   941 I BpBinder: onLastStrongRef automatically unlinking death recipients: <uncached descriptor>
05-19 16:38:02.799   322   472 D goldfish-address-space: claimShared: Ask to claim region [0x1fb890000 0x1fb8c4000]
05-19 16:38:02.806  1047  1047 D TaplEvents: TIS / TouchInteractionService.onInputEvent: MotionEvent { action=ACTION_UP, actionButton=0, id[0]=0, x[0]=76.5, y[0]=142.5, toolType[0]=TOOL_TYPE_FINGER, buttonState=BUTTON_PRIMARY, classification=NONE, metaState=0, flags=0x0, edgeFlags=0x0, pointerCount=1, historySize=0, eventTime=73023, downTime=72983, deviceId=-1, source=0x1002, displayId=0, eventId=-234736917 }
05-19 16:38:02.808   322   472 D goldfish-address-space: claimShared: Ask to claim region [0x1fb8c4000 0x1fb8f8000]
05-19 16:38:02.818   372   941 I BpBinder: onLastStrongRef automatically unlinking death recipients: <uncached descriptor>
05-19 16:38:02.848  3381  3548 D CheckListView: Updated note titled 'Note Title'
05-19 16:38:02.861   309   309 E android.hardware.audio@7.0-impl.ranchu: device/generic/goldfish/audio/stream_out.cpp:updateSourceMetadata:377 failure: Result::NOT_SUPPORTED
05-19 16:38:02.881   322   472 D goldfish-address-space: claimShared: Ask to claim region [0x1fbfe0000 0x1fbfec000]
05-19 16:38:02.889  3381  3381 D CheckListView: it.feio.android.omninotes.async.bus.NotesUpdatedEvent
05-19 16:38:02.890  3381  3545 V CheckListView: Query: SELECT creation,last_modification,title,content,archived,trashed,alarm,reminder_fired,recurrence_rule,latitude,longitude,address,locked,checklist,category_id,name,description,color FROM notes LEFT JOIN categories USING( category_id)  ORDER BY title||content COLLATE NOCASE  ASC
05-19 16:38:02.898  3381  3381 D CheckListView: Notifies AppWidget data changed for widgets []
05-19 16:38:02.899  3381  3545 V CheckListView: Query: Retrieval finished!
05-19 16:38:02.899  3381  3545 D CheckListView: Dynamic menu finished counting items
05-19 16:38:02.901  3381  3381 D CheckListView: Notifies AppWidget data changed for widgets []
05-19 16:38:02.901  3381  3381 D CheckListView: Notifies AppWidget data changed for widgets []
05-19 16:38:02.902  3381  3381 D CheckListView: it.feio.android.omninotes.async.bus.SwitchFragmentEvent
05-19 16:38:02.921  3381  3381 V CheckListView: Finished main menu initialization
05-19 16:38:02.922  3381  3381 V CheckListView: Finished categories menu initialization
05-19 16:38:02.958  1124  2285 I Auth    : [ReflectiveChannelBinder] Successfully bound channel!
05-19 16:38:02.990   306  4006 D resolv  : GetAddrInfoHandler::run: {101 786533 101 983141 10101 0}
05-19 16:38:02.990   306  4006 D resolv  : resolv_getaddrinfo: explore_fqdn(): ai_family=0 ai_socktype=1 ai_protocol=6
05-19 16:38:02.992   309   309 E android.hardware.audio@7.0-impl.ranchu: device/generic/goldfish/audio/stream_out.cpp:updateSourceMetadata:377 failure: Result::NOT_SUPPORTED
05-19 16:38:03.000   306  4008 D resolv  : doQuery: (1, 1)
05-19 16:38:03.000   306  4008 D resolv  : res_nmkquery: (QUERY, IN, A)
05-19 16:38:03.000   306  4008 D resolv  : res_nsend
05-19 16:38:03.000   306  4008 I resolv  : resolv_cache_lookup: lookup
05-19 16:38:03.000   306  4008 I resolv  : resolv_cache_lookup: NOT IN CACHE
05-19 16:38:03.000   306  4008 I resolv  : resolv_populate_res_for_net: netid=101
05-19 16:38:03.000   306  4007 D resolv  : doQuery: (1, 28)
05-19 16:38:03.000   306  4007 D resolv  : res_nmkquery: (QUERY, IN, AAAA)
05-19 16:38:03.000   306  4007 D resolv  : res_nsend
05-19 16:38:03.000   306  4007 I resolv  : resolv_cache_lookup: lookup
05-19 16:38:03.000   306  4007 I resolv  : resolv_cache_lookup: NOT IN CACHE
05-19 16:38:03.000   306  4007 I resolv  : resolv_populate_res_for_net: netid=101
05-19 16:38:03.000   306  4007 I resolv  : res_stats_usable_server: NS stats: S 29 + E 0 + T 2 + I 0 = 31, rtt = 10, min_samples = 8
05-19 16:38:03.000   306  4007 I resolv  : res_stats_usable_server: success rate 93
05-19 16:38:03.000   306  4007 D resolv  : res_nsend: Querying server (# 1) address = 10.0.2.3:53
05-19 16:38:03.000   306  4007 D resolv  : send_dg: new DG socket
05-19 16:38:03.000   306  4007 I resolv  : get_timeout: using timeout of 5000 msec
05-19 16:38:03.000   306  4007 I resolv  : retrying_poll: 55 retrying_poll
05-19 16:38:03.003   306  4008 I resolv  : res_stats_usable_server: NS stats: S 29 + E 0 + T 2 + I 0 = 31, rtt = 10, min_samples = 8
05-19 16:38:03.003   306  4008 I resolv  : res_stats_usable_server: success rate 93
05-19 16:38:03.003   306  4008 D resolv  : res_nsend: Querying server (# 1) address = 10.0.2.3:53
05-19 16:38:03.003   306  4008 D resolv  : send_dg: new DG socket
05-19 16:38:03.003   306  4008 I resolv  : get_timeout: using timeout of 5000 msec
05-19 16:38:03.003   306  4008 I resolv  : retrying_poll: 56 retrying_poll
05-19 16:38:03.010   306  4007 I resolv  : retrying_poll: 55 retrying_poll returning 1
05-19 16:38:03.010   306  4007 I resolv  : res_nsend: used send_dg 68 terrno: 0
05-19 16:38:03.010   306  4007 I resolv  : res_stats_set_sample: rcode = 0, sec = 10
05-19 16:38:03.010   306  4007 I resolv  : res_cache_add_stats_sample_locked: adding sample to stats, next = 31, count = 31
05-19 16:38:03.010   306  4007 D resolv  : res_nsend: got answer:
05-19 16:38:03.010   306  4007 I resolv  : answer_getTTL: TTL = 136
05-19 16:38:03.010   306  4007 I resolv  : _cache_add_p: entry 32 added (count=32)
05-19 16:38:03.010   306  4007 I resolv  : cache_dump_mru_locked: MRU LIST (32):  32 12 11 29 28 9 10 8 7 31 30 27 26 25 24 23 22 21 20 19 2 18 17 16 15 14 13 6 5 4 3 1
05-19 16:38:03.010   306  4007 D resolv  : doQuery: rcode=0, ancount=1
05-19 16:38:03.013   306  4008 I resolv  : retrying_poll: 56 retrying_poll returning 1
05-19 16:38:03.013   306  4008 I resolv  : res_nsend: used send_dg 56 terrno: 0
05-19 16:38:03.013   306  4008 I resolv  : res_stats_set_sample: rcode = 0, sec = 10
05-19 16:38:03.013   306  4008 I resolv  : res_cache_add_stats_sample_locked: adding sample to stats, next = 32, count = 32
05-19 16:38:03.013   306  4008 D resolv  : res_nsend: got answer:
05-19 16:38:03.013   306  4008 I resolv  : answer_getTTL: TTL = 281
05-19 16:38:03.013   306  4008 I resolv  : _cache_add_p: entry 33 added (count=33)
05-19 16:38:03.013   306  4008 I resolv  : cache_dump_mru_locked: MRU LIST (33):  33 32 12 11 29 28 9 10 8 7 31 30 27 26 25 24 23 22 21 20 19 2 18 17 16 15 14 13 6 5 4 3 1
05-19 16:38:03.013   306  4008 D resolv  : doQuery: rcode=0, ancount=1
05-19 16:38:03.022  1124  2285 W Conscrypt: Could not set socket write timeout: java.net.SocketException: Socket closed
05-19 16:38:03.024  1124  2285 W Conscrypt: 	at com.google.android.gms.org.conscrypt.Platform.setSocketWriteTimeout(:com.google.android.gms@212423053@21.24.23 (190400-396046673):2)
05-19 16:38:03.024  1124  2285 W Conscrypt: 	at com.google.android.gms.org.conscrypt.ConscryptFileDescriptorSocket.setSoWriteTimeout(:com.google.android.gms@212423053@21.24.23 (190400-396046673):0)
05-19 16:38:03.037  3381  3381 D CheckListView: initNotesList intent: null
05-19 16:38:03.050  1124  2285 W Conscrypt: Could not set socket write timeout: java.net.SocketException: Socket closed
05-19 16:38:03.050  1124  2285 W Conscrypt: 	at com.google.android.gms.org.conscrypt.Platform.setSocketWriteTimeout(:com.google.android.gms@212423053@21.24.23 (190400-396046673):2)
05-19 16:38:03.050  1124  2285 W Conscrypt: 	at com.google.android.gms.org.conscrypt.ConscryptFileDescriptorSocket.setSoWriteTimeout(:com.google.android.gms@212423053@21.24.23 (190400-396046673):0)
05-19 16:38:03.056  3381  3548 V CheckListView: Query: SELECT creation,last_modification,title,content,archived,trashed,alarm,reminder_fired,recurrence_rule,latitude,longitude,address,locked,checklist,category_id,name,description,color FROM notes LEFT JOIN categories USING( category_id)  WHERE archived IS NOT 1 AND trashed IS NOT 1  ORDER BY title||content COLLATE NOCASE  ASC
05-19 16:38:03.080  1124  2285 W GLSUser : [AppCertManager] IOException while requesting key:
05-19 16:38:03.080  1124  2285 W GLSUser : java.io.IOException: Invalid device key response.
05-19 16:38:03.080  1124  2285 W GLSUser : 	at jmp.b(:com.google.android.gms@212423053@21.24.23 (190400-396046673):28)
05-19 16:38:03.080  1124  2285 W GLSUser : 	at jmn.a(:com.google.android.gms@212423053@21.24.23 (190400-396046673):5)
05-19 16:38:03.080  1124  2285 W GLSUser : 	at jmn.ei(:com.google.android.gms@212423053@21.24.23 (190400-396046673):1)
05-19 16:38:03.080  1124  2285 W GLSUser : 	at dwb.onTransact(:com.google.android.gms@212423053@21.24.23 (190400-396046673):5)
05-19 16:38:03.080  1124  2285 W GLSUser : 	at android.os.Binder.transact(Binder.java:1064)
05-19 16:38:03.080  1124  2285 W GLSUser : 	at eaw.onTransact(:com.google.android.gms@212423053@21.24.23 (190400-396046673):2)
05-19 16:38:03.080  1124  2285 W GLSUser : 	at android.os.Binder.transact(Binder.java:1064)
05-19 16:38:03.080  1124  2285 W GLSUser : 	at acyy.onTransact(:com.google.android.gms@212423053@21.24.23 (190400-396046673):17)
05-19 16:38:03.080  1124  2285 W GLSUser : 	at android.os.Binder.execTransactInternal(Binder.java:1179)
05-19 16:38:03.080  1124  2285 W GLSUser : 	at android.os.Binder.execTransact(Binder.java:1143)
05-19 16:38:03.080  1124  2285 W GLSUser : [DeviceKeyStore] Cannot load key: Device key file not found.
05-19 16:38:03.086   306  4016 D resolv  : GetAddrInfoHandler::run: {101 786533 101 983141 10101 0}
05-19 16:38:03.086   306  4016 D resolv  : resolv_getaddrinfo: explore_fqdn(): ai_family=0 ai_socktype=1 ai_protocol=6
05-19 16:38:03.091   306  4018 D resolv  : doQuery: (1, 1)
05-19 16:38:03.091   306  4018 D resolv  : res_nmkquery: (QUERY, IN, A)
05-19 16:38:03.091   306  4018 D resolv  : res_nsend
05-19 16:38:03.091   306  4018 I resolv  : resolv_cache_lookup: lookup
05-19 16:38:03.091   306  4018 I resolv  : resolv_cache_lookup: FOUND IN CACHE entry=0xb400007dd02876d0
05-19 16:38:03.091   306  4018 D resolv  : doQuery: rcode=0, ancount=1
05-19 16:38:03.091   306  4017 D resolv  : doQuery: (1, 28)
05-19 16:38:03.091   306  4017 D resolv  : res_nmkquery: (QUERY, IN, AAAA)
05-19 16:38:03.091   306  4017 D resolv  : res_nsend
05-19 16:38:03.091   306  4017 I resolv  : resolv_cache_lookup: lookup
05-19 16:38:03.091   306  4017 I resolv  : resolv_cache_lookup: FOUND IN CACHE entry=0xb400007dd02888d0
05-19 16:38:03.091   306  4017 D resolv  : doQuery: rcode=0, ancount=1
05-19 16:38:03.103  3381  3548 V CheckListView: Query: Retrieval finished!
