05-18 23:44:29.264  7384  7384 W CheckListView: 	at it.feio.android.omninotes.BaseActivity.onCreate(BaseActivity.java:79)
05-18 23:44:29.264  7384  7384 W CheckListView: 	at it.feio.android.omninotes.MainActivity.onCreate(MainActivity.java:95)
05-18 23:44:29.264  7384  7384 W CheckListView: 	at android.app.Activity.performCreate(Activity.java:8054)
05-18 23:44:29.264  7384  7384 W CheckListView: 	at android.app.Activity.performCreate(Activity.java:8034)
05-18 23:44:29.264  7384  7384 W CheckListView: 	at android.app.Instrumentation.callActivityOnCreate(Instrumentation.java:1341)
05-18 23:44:29.264  7384  7384 W CheckListView: 	at androidx.test.runner.MonitoringInstrumentation.callActivityOnCreate(MonitoringInstrumentation.java:779)
05-18 23:44:29.264  7384  7384 W CheckListView: 	at android.app.ActivityThread.performLaunchActivity(ActivityThread.java:3666)
05-18 23:44:29.264  7384  7384 W CheckListView: 	at android.app.ActivityThread.handleLaunchActivity(ActivityThread.java:3842)
05-18 23:44:29.264  7384  7384 W CheckListView: 	at android.app.servertransaction.LaunchActivityItem.execute(LaunchActivityItem.java:103)
05-18 23:44:29.264  7384  7384 W CheckListView: 	at android.app.servertransaction.TransactionExecutor.executeCallbacks(TransactionExecutor.java:135)
05-18 23:44:29.264  7384  7384 W CheckListView: 	at android.app.servertransaction.TransactionExecutor.execute(TransactionExecutor.java:95)
05-18 23:44:29.264  7384  7384 W CheckListView: 	at android.app.ActivityThread$H.handleMessage(ActivityThread.java:2252)
05-18 23:44:29.264  7384  7384 W CheckListView: 	at android.os.Handler.dispatchMessage(Handler.java:106)
05-18 23:44:29.264  7384  7384 W CheckListView: 	at android.os.Looper.loopOnce(Looper.java:201)
05-18 23:44:29.264  7384  7384 W CheckListView: 	at android.os.Looper.loop(Looper.java:288)
05-18 23:44:29.264  7384  7384 W CheckListView: 	at android.app.ActivityThread.main(ActivityThread.java:7842)
05-18 23:44:29.264  7384  7384 W CheckListView: 	at java.lang.reflect.Method.invoke(Native Method)
05-18 23:44:29.264  7384  7384 W CheckListView: 	at com.android.internal.os.RuntimeInit$MethodAndArgsCaller.run(RuntimeInit.java:548)
05-18 23:44:29.264  7384  7384 W CheckListView: 	at com.android.internal.os.ZygoteInit.main(ZygoteInit.java:1003)
05-18 23:44:29.274  7384  7384 I AppCompatViewInflater: app:theme is now deprecated. Please move to using android:theme instead.
05-18 23:44:29.285  7384  7384 D LifecycleMonitor: Lifecycle status change: it.feio.android.omninotes.MainActivity@e748b5 in: CREATED
05-18 23:44:29.286  7384  7384 V CheckListView: Started navigation drawer initialization
05-18 23:44:29.288  7384  7384 V CheckListView: Finished navigation drawer initialization
05-18 23:44:29.288  7384  7384 D LifecycleMonitor: Lifecycle status change: it.feio.android.omninotes.MainActivity@e748b5 in: STARTED
05-18 23:44:29.289  7384  7384 D CheckListView: {settings_password_access=true, password=4124bca9335c27f86f24ba207a4912, password_answer=4124bca9335c27f86f24ba207a4912, password_question=aa}
05-18 23:44:29.298  7384  7384 D LifecycleMonitor: Lifecycle status change: it.feio.android.omninotes.MainActivity@e748b5 in: RESUMED
05-18 23:44:29.306   321   477 D goldfish-address-space: claimShared: Ask to claim region [0x1f1b78000 0x1f1e34000]
05-18 23:44:29.313   321   477 D goldfish-address-space: claimShared: Ask to claim region [0x1f1e34000 0x1f20f0000]
05-18 23:44:29.319   321   477 D goldfish-address-space: claimShared: Ask to claim region [0x1f6e8c000 0x1f77b4000]
05-18 23:44:29.328   321   477 D goldfish-address-space: claimShared: Ask to claim region [0x1f4928000 0x1f5250000]
05-18 23:44:29.339   515   535 I ActivityTaskManager: Displayed it.feio.android.omninotes.alpha/it.feio.android.omninotes.MainActivity: +92ms
05-18 23:44:29.346   321   477 D goldfish-address-space: claimShared: Ask to claim region [0x1f20f0000 0x1f23ac000]
05-18 23:44:29.358   321   477 D goldfish-address-space: claimShared: Ask to claim region [0x1f5250000 0x1f5b78000]
05-18 23:44:29.363  7384  7384 I AssistStructure: Flattened final assist data: 3376 bytes, containing 2 windows, 24 views
05-18 23:44:29.374  7384  7384 D LifecycleMonitor: Lifecycle status change: it.feio.android.omninotes.SettingsActivity@b8f0928 in: STOPPED
05-18 23:44:29.381  1280  1280 I GoogleInputMethodService: GoogleInputMethodService.onFinishInput():3269
05-18 23:44:29.383  1280  1280 I GoogleInputMethodService: GoogleInputMethodService.onStartInput():1947
05-18 23:44:29.386  1118  1118 W ngj     : Pending fill request while another request in the same session was triggered. [CONTEXT service_id=177 ]
05-18 23:44:29.388  1280  1280 I DeviceUnlockedTag: DeviceUnlockedTag.notifyDeviceLockStatusChanged():79 Notify device unlocked.
05-18 23:44:29.404  7384  7384 D InputMethodManager: showSoftInput() view=com.neopixl.pixlui.components.edittext.EditText{a3a5d29 VFED..CL. .F...... 0,0-926,124 #7f090206 app:id/password_request aid=1073741824} flags=1 reason=SHOW_SOFT_INPUT
05-18 23:44:29.405  1280  1280 I GoogleInputMethodService: GoogleInputMethodService.onStartInputView():2057
05-18 23:44:29.406  1280  1280 I DeviceUnlockedTag: DeviceUnlockedTag.notifyDeviceLockStatusChanged():79 Notify device unlocked.
05-18 23:44:29.406  1280  1552 W LatinCommonCountersMetricsProcessor: LatinCommonCountersMetricsProcessor$DelightProblemReporter.run():765 Missing LM for 'en'
05-18 23:44:29.406  1280  1280 I DeviceUnlockedTag: DeviceUnlockedTag.notifyDeviceLockStatusChanged():79 Notify device unlocked.
05-18 23:44:29.407  1280  1280 I KeyboardViewUtil: KeyboardViewUtil.getKeyboardHeightRatio():168 systemKeyboardHeightRatio:1.000000; userKeyboardHeightRatio:1.000000.
05-18 23:44:29.407  1280  1280 I DeviceUnlockedTag: DeviceUnlockedTag.notifyDeviceLockStatusChanged():79 Notify device unlocked.
05-18 23:44:29.407  1280  1280 I AndroidIME: AbstractIme.onActivate():86 PasswordIme.onActivate() : EditorInfo = inputType=Password imeActionName=NEXT dump=[inputType=0x81 imeOptions=0x8000005 privateImeOptions=null actionLabel=null actionId=0 initialSelStart=0 initialSelEnd=0 initialCapsMode=0x0 hintText=null label=null packageName=it.feio.android.omninotes.alpha autofillId=1073741824 fieldId=2131296774 fieldName=null extras=null hintLocales=null contentMimeTypes=null ], IncognitoMode = false, DeviceLocked = false
05-18 23:44:29.407  1280  1280 I DeviceUnlockedTag: DeviceUnlockedTag.notifyDeviceLockStatusChanged():79 Notify device unlocked.
05-18 23:44:29.408  1280  1280 I KeyboardViewUtil: KeyboardViewUtil.calculateMaxKeyboardBodyHeight():53 leave 344 height for app when screen height:2088, header height:121 and isFullscreenMode:false, so the max keyboard body height is:1623
05-18 23:44:29.408  1280  1280 I DeviceUnlockedTag: DeviceUnlockedTag.notifyDeviceLockStatusChanged():79 Notify device unlocked.
05-18 23:44:29.408  1280  1280 I DeviceModeUtil: DeviceModeUtil.getDeviceMode():96 Get device mode phone by ui mode:1 and smallestScreenWidthDp:392
05-18 23:44:29.410  1280  1280 I KeyboardViewUtil: KeyboardViewUtil.calculateMaxKeyboardBodyHeight():53 leave 344 height for app when screen height:2088, header height:121 and isFullscreenMode:false, so the max keyboard body height is:1623
05-18 23:44:29.410  1280  1280 I NormalModeController: NormalModeController.getKeyboardBodyViewHolderPaddingBottom():111 currentPrimeKeyboardType:SOFT systemPaddingBottom:-1
05-18 23:44:29.414  7384  7384 D InputMethodManager: showSoftInput() view=com.neopixl.pixlui.components.edittext.EditText{a3a5d29 VFED..CL. .F...... 0,0-926,124 #7f090206 app:id/password_request aid=1073741824} flags=0 reason=SHOW_SOFT_INPUT
05-18 23:44:29.416  1280  1280 I NormalModeController: NormalModeController.getKeyboardBodyViewHolderPaddingBottom():111 currentPrimeKeyboardType:SOFT systemPaddingBottom:-1
05-18 23:44:29.420  1280  1280 I CurrentMicStatusHolder: CurrentMicStatusHolder.onStartInputView():79 Current Mic status = {MicIconHidden-SettingOff,MicIconHidden-PasswordOrNumberOrDateInputType,}
05-18 23:44:29.420  1280  1280 I VoiceImeExtension: VoiceImeExtension.shouldStartVoiceInputAutomatically():364 No private IME option set to start voice input.
05-18 23:44:29.422  7384  7384 D InsetsController: show(ime(), fromIme=true)
05-18 23:44:29.432  1280  3224 D EGL_emulation: app_time_stats: avg=1613.96ms min=198.88ms max=3029.04ms count=2
05-18 23:44:29.436  7384  7384 D InsetsController: show(ime(), fromIme=true)
05-18 23:44:29.445  1505  1505 D BoundBrokerSvc: onBind: Intent { act=com.google.android.gms.common.BIND_SHARED_PREFS pkg=com.google.android.gms }
05-18 23:44:29.445  1505  1505 D BoundBrokerSvc: Loading bound service for intent: Intent { act=com.google.android.gms.common.BIND_SHARED_PREFS pkg=com.google.android.gms }
05-18 23:44:29.446  1505  1505 D BoundBrokerSvc: onUnbind: Intent { act=com.google.android.gms.common.BIND_SHARED_PREFS pkg=com.google.android.gms }
05-18 23:44:29.448  1505  1505 D BoundBrokerSvc: onBind: Intent { act=com.google.android.gms.common.BIND_SHARED_PREFS pkg=com.google.android.gms }
05-18 23:44:29.448  1505  1505 D BoundBrokerSvc: Loading bound service for intent: Intent { act=com.google.android.gms.common.BIND_SHARED_PREFS pkg=com.google.android.gms }
05-18 23:44:29.449  1505  1505 D BoundBrokerSvc: onUnbind: Intent { act=com.google.android.gms.common.BIND_SHARED_PREFS pkg=com.google.android.gms }
05-18 23:44:29.453  7384  7384 I ViewInteraction: Performing 'replace text(aa)' action on view view.getId() is <2131296774/it.feio.android.omninotes.alpha:id/password_request>
05-18 23:44:29.459  1280  1280 I GoogleInputMethodService: GoogleInputMethodService.onStartInput():1947
05-18 23:44:29.459  1280  1280 I DeviceUnlockedTag: DeviceUnlockedTag.notifyDeviceLockStatusChanged():79 Notify device unlocked.
05-18 23:44:29.459  1280  1280 W SessionManager: SessionManager.beginSession():53 Try to begin an already begun session [INPUT_SESSION], end it first
05-18 23:44:29.459  1280  1280 W SessionManager: SessionManager.endSession():96 Child session [INPUT_VIEW_SESSION] is not ended while ending session [{INPUT_VIEW_SESSION=1652888669405, INPUT_SESSION=1652888669388, IME_SESSION=1652888669407}], ending it now.
05-18 23:44:29.460  1280  1280 W SessionManager: SessionManager.endSession():96 Child session [IME_SESSION] is not ended while ending session [{INPUT_VIEW_SESSION=1652888669405, INPUT_SESSION=1652888669388, IME_SESSION=1652888669407}], ending it now.
05-18 23:44:29.460  1280  1280 I GoogleInputMethodService: GoogleInputMethodService.onStartInputView():2057
05-18 23:44:29.460  1280  1280 I DeviceUnlockedTag: DeviceUnlockedTag.notifyDeviceLockStatusChanged():79 Notify device unlocked.
05-18 23:44:29.463  1280  1280 I DeviceUnlockedTag: DeviceUnlockedTag.notifyDeviceLockStatusChanged():79 Notify device unlocked.
05-18 23:44:29.463  1280  1280 I KeyboardViewUtil: KeyboardViewUtil.getKeyboardHeightRatio():168 systemKeyboardHeightRatio:1.000000; userKeyboardHeightRatio:1.000000.
05-18 23:44:29.464  1280  1280 I AndroidIME: AbstractIme.onDeactivate():207 PasswordIme.onDeactivate()
05-18 23:44:29.464  1280  1280 W SessionManager: SessionManager.endSession():88 Try to end a not begun session [IME_SESSION].
05-18 23:44:29.464  1280  1280 I DeviceUnlockedTag: DeviceUnlockedTag.notifyDeviceLockStatusChanged():79 Notify device unlocked.
05-18 23:44:29.464  1280  1280 I AndroidIME: AbstractIme.onActivate():86 PasswordIme.onActivate() : EditorInfo = inputType=Password imeActionName=NEXT dump=[inputType=0x81 imeOptions=0x8000005 privateImeOptions=null actionLabel=null actionId=0 initialSelStart=0 initialSelEnd=0 initialCapsMode=0x0 hintText=null label=null packageName=it.feio.android.omninotes.alpha autofillId=1073741824 fieldId=2131296774 fieldName=null extras=null hintLocales=null contentMimeTypes=null ], IncognitoMode = false, DeviceLocked = false
05-18 23:44:29.465  1280  1280 I DeviceUnlockedTag: DeviceUnlockedTag.notifyDeviceLockStatusChanged():79 Notify device unlocked.
05-18 23:44:29.465  1280  1280 I KeyboardViewUtil: KeyboardViewUtil.calculateMaxKeyboardBodyHeight():53 leave 344 height for app when screen height:2088, header height:121 and isFullscreenMode:false, so the max keyboard body height is:1623
05-18 23:44:29.465  1280  1280 I DeviceUnlockedTag: DeviceUnlockedTag.notifyDeviceLockStatusChanged():79 Notify device unlocked.
05-18 23:44:29.466  1280  1280 I DeviceModeUtil: DeviceModeUtil.getDeviceMode():96 Get device mode phone by ui mode:1 and smallestScreenWidthDp:392
05-18 23:44:29.466  1280  1280 I KeyboardViewUtil: KeyboardViewUtil.calculateMaxKeyboardBodyHeight():53 leave 344 height for app when screen height:2088, header height:121 and isFullscreenMode:false, so the max keyboard body height is:1623
05-18 23:44:29.470   692   904 D EGL_emulation: app_time_stats: avg=794.43ms min=33.20ms max=2950.82ms count=4
05-18 23:44:29.471  1280  1280 I NormalModeController: NormalModeController.getKeyboardBodyViewHolderPaddingBottom():111 currentPrimeKeyboardType:SOFT systemPaddingBottom:-1
05-18 23:44:29.471  1280  1280 I NormalModeController: NormalModeController.getKeyboardBodyViewHolderPaddingBottom():111 currentPrimeKeyboardType:SOFT systemPaddingBottom:-1
05-18 23:44:29.474  1280  1280 I CurrentMicStatusHolder: CurrentMicStatusHolder.onStartInputView():79 Current Mic status = {MicIconHidden-SettingOff,MicIconHidden-PasswordOrNumberOrDateInputType,}
05-18 23:44:29.476  7384  7384 I ViewInteraction: Performing 'close keyboard' action on view view.getId() is <2131296774/it.feio.android.omninotes.alpha:id/password_request>
05-18 23:44:29.477  1280  1280 I VoiceImeExtension: VoiceImeExtension.shouldStartVoiceInputAutomatically():364 No private IME option set to start voice input.
05-18 23:44:29.479  7384  7384 D IdlingRegistry: Registering idling resources: [androidx.test.espresso.action.CloseKeyboardAction$CloseKeyboardIdlingResult@2256cd2]
05-18 23:44:29.482  1280  1280 I GoogleInputMethodService: GoogleInputMethodService.onFinishInputView():2291
05-18 23:44:29.485  1280  1280 W TooltipLifecycleManager: TooltipLifecycleManager.dismissTooltips():157 Tooltip with id spell_check_add_to_dictionary not found in tooltipManager.
05-18 23:44:29.486  1280  1280 I AndroidIME: AbstractIme.onDeactivate():207 PasswordIme.onDeactivate()
05-18 23:44:29.497  7384  7384 D InsetsController: show(ime(), fromIme=true)
05-18 23:44:29.515  1505  1505 D BoundBrokerSvc: onBind: Intent { act=com.google.android.gms.common.BIND_SHARED_PREFS pkg=com.google.android.gms }
05-18 23:44:29.515  1505  1505 D BoundBrokerSvc: Loading bound service for intent: Intent { act=com.google.android.gms.common.BIND_SHARED_PREFS pkg=com.google.android.gms }
05-18 23:44:29.530  1505  1505 D BoundBrokerSvc: onUnbind: Intent { act=com.google.android.gms.common.BIND_SHARED_PREFS pkg=com.google.android.gms }
05-18 23:44:29.537  1505  1505 D BoundBrokerSvc: onBind: Intent { act=com.google.android.gms.common.BIND_SHARED_PREFS pkg=com.google.android.gms }
05-18 23:44:29.537  1505  1505 D BoundBrokerSvc: Loading bound service for intent: Intent { act=com.google.android.gms.common.BIND_SHARED_PREFS pkg=com.google.android.gms }
05-18 23:44:29.541  1505  1505 D BoundBrokerSvc: onUnbind: Intent { act=com.google.android.gms.common.BIND_SHARED_PREFS pkg=com.google.android.gms }
05-18 23:44:29.798  7384  7384 D IdlingRegistry: Unregistering idling resources: [androidx.test.espresso.action.CloseKeyboardAction$CloseKeyboardIdlingResult@2256cd2]
05-18 23:44:29.800  7384  7384 I ViewInteraction: Performing 'single click' action on view an instance of android.widget.TextView and view.getText() with or without transformation to match: is "Ok"
05-18 23:44:29.803  1040  1040 D TaplEvents: TIS / TouchInteractionService.onInputEvent: MotionEvent { action=ACTION_DOWN, actionButton=0, id[0]=0, x[0]=870.5, y[0]=1268.5, toolType[0]=TOOL_TYPE_UNKNOWN, buttonState=BUTTON_PRIMARY, classification=NONE, metaState=0, flags=0x0, edgeFlags=0x0, pointerCount=1, historySize=0, eventTime=935240, downTime=935240, deviceId=-1, source=0x1002, displayId=0, eventId=-81514625 }
05-18 23:44:29.843  1040  1040 D TaplEvents: TIS / TouchInteractionService.onInputEvent: MotionEvent { action=ACTION_UP, actionButton=0, id[0]=0, x[0]=870.5, y[0]=1268.5, toolType[0]=TOOL_TYPE_FINGER, buttonState=BUTTON_PRIMARY, classification=NONE, metaState=0, flags=0x0, edgeFlags=0x0, pointerCount=1, historySize=0, eventTime=935282, downTime=935240, deviceId=-1, source=0x1002, displayId=0, eventId=-986239827 }
05-18 23:44:29.860   515   674 W InputManager-JNI: Input channel object 'af89aeb it.feio.android.omninotes.alpha/it.feio.android.omninotes.MainActivity (client)' was disposed without first being removed with the input manager!
05-18 23:44:29.869   310   352 E android.hardware.audio@7.0-impl.ranchu: device/generic/goldfish/audio/stream_out.cpp:updateSourceMetadata:377 failure: Result::NOT_SUPPORTED
05-18 23:44:29.897  7384  7384 D CheckListView: initNotesList intent: null
05-18 23:44:29.899  7384  7416 V CheckListView: Query: SELECT creation,last_modification,title,content,archived,trashed,alarm,reminder_fired,recurrence_rule,latitude,longitude,address,locked,checklist,category_id,name,description,color FROM notes LEFT JOIN categories USING( category_id)  WHERE archived IS NOT 1 AND trashed IS NOT 1  ORDER BY title||content COLLATE NOCASE  ASC
05-18 23:44:29.900  7384  7416 V CheckListView: Query: Retrieval finished!
05-18 23:44:29.917  7384  7384 W RecyclerView: No adapter attached; skipping layout
05-18 23:44:29.922  1280  1280 I GoogleInputMethodService: GoogleInputMethodService.onFinishInput():3269
05-18 23:44:29.922  1280  1280 I GoogleInputMethodService: GoogleInputMethodService.onStartInput():1947
05-18 23:44:29.923  1280  1280 I DeviceUnlockedTag: DeviceUnlockedTag.notifyDeviceLockStatusChanged():79 Notify device unlocked.
05-18 23:44:29.936  7384  7384 D CheckListView: it.feio.android.omninotes.async.bus.NotesLoadedEvent
05-18 23:44:29.938  7384  7384 V CheckListView: Started navigation drawer initialization
05-18 23:44:29.939  7384  7384 V CheckListView: Finished navigation drawer initialization
05-18 23:44:29.939  7384  7384 V CheckListView: Finished main menu initialization
05-18 23:44:29.940  7384  7384 V CheckListView: Finished categories menu initialization
05-18 23:44:30.001   310   352 E android.hardware.audio@7.0-impl.ranchu: device/generic/goldfish/audio/stream_out.cpp:updateSourceMetadata:377 failure: Result::NOT_SUPPORTED
05-18 23:44:32.195   321   477 D goldfish-address-space: claimShared: Ask to claim region [0x1f05dc000 0x1f0bb8000]
05-18 23:44:32.230  7384  7384 D LifecycleMonitor: Lifecycle status change: it.feio.android.omninotes.MainActivity@e748b5 in: PAUSED
05-18 23:44:32.236   515  4214 W InputReader: Device virtio_input_multi_touch_10 is associated with display ADISPLAY_ID_NONE.
05-18 23:44:32.237   515  4214 W InputReader: Device virtio_input_multi_touch_6 is associated with display ADISPLAY_ID_NONE.
05-18 23:44:32.237   515  4214 W InputReader: Device virtio_input_multi_touch_7 is associated with display ADISPLAY_ID_NONE.
05-18 23:44:32.237   515  4214 W InputReader: Device virtio_input_multi_touch_3 is associated with display ADISPLAY_ID_NONE.
05-18 23:44:32.237   515  4214 W InputReader: Device virtio_input_multi_touch_11 is associated with display ADISPLAY_ID_NONE.
05-18 23:44:32.237   515  4214 W InputReader: Device virtio_input_multi_touch_4 is associated with display ADISPLAY_ID_NONE.
05-18 23:44:32.238   515  4214 W InputReader: Device virtio_input_multi_touch_9 is associated with display ADISPLAY_ID_NONE.
05-18 23:44:32.238   515  4214 W InputReader: Device virtio_input_multi_touch_5 is associated with display ADISPLAY_ID_NONE.
05-18 23:44:32.238   515  4214 W InputReader: Device virtio_input_multi_touch_8 is associated with display ADISPLAY_ID_NONE.
05-18 23:44:32.238   515  4214 W InputReader: Device virtio_input_multi_touch_2 is associated with display ADISPLAY_ID_NONE.
05-18 23:44:32.239   515  4214 W InputReader: Device virtio_input_multi_touch_10 is associated with display ADISPLAY_ID_NONE.
05-18 23:44:32.239   515  4214 W InputReader: Device virtio_input_multi_touch_6 is associated with display ADISPLAY_ID_NONE.
05-18 23:44:32.239   515  4214 W InputReader: Device virtio_input_multi_touch_7 is associated with display ADISPLAY_ID_NONE.
05-18 23:44:32.239   515  4214 W InputReader: Device virtio_input_multi_touch_3 is associated with display ADISPLAY_ID_NONE.
05-18 23:44:32.239   515  4214 W InputReader: Device virtio_input_multi_touch_11 is associated with display ADISPLAY_ID_NONE.
05-18 23:44:32.239   515  4214 W InputReader: Device virtio_input_multi_touch_4 is associated with display ADISPLAY_ID_NONE.
05-18 23:44:32.239   515  4214 W InputReader: Device virtio_input_multi_touch_9 is associated with display ADISPLAY_ID_NONE.
05-18 23:44:32.239   515  4214 W InputReader: Device virtio_input_multi_touch_5 is associated with display ADISPLAY_ID_NONE.
05-18 23:44:32.239   515  4214 W InputReader: Device virtio_input_multi_touch_8 is associated with display ADISPLAY_ID_NONE.
05-18 23:44:32.239   515  4214 W InputReader: Device virtio_input_multi_touch_2 is associated with display ADISPLAY_ID_NONE.
05-18 23:44:32.243  7384  7384 D LifecycleMonitor: Lifecycle status change: it.feio.android.omninotes.SettingsActivity@b8f0928 in: RESTARTED
05-18 23:44:32.244  7384  7384 D LifecycleMonitor: Lifecycle status change: it.feio.android.omninotes.SettingsActivity@b8f0928 in: STARTED
05-18 23:44:32.245  7384  7384 D LifecycleMonitor: Lifecycle status change: it.feio.android.omninotes.SettingsActivity@b8f0928 in: RESUMED
05-18 23:44:32.262   321   477 D goldfish-address-space: claimShared: Ask to claim region [0x1f0bb8000 0x1f14e0000]
05-18 23:44:32.283   321   477 D goldfish-address-space: claimShared: Ask to claim region [0x1f14e0000 0x1f1e08000]
05-18 23:44:32.298   321   477 D goldfish-address-space: claimShared: Ask to claim region [0x1f4000000 0x1f4928000]
05-18 23:44:32.315  1280  1280 I GoogleInputMethodService: GoogleInputMethodService.onFinishInput():3269
05-18 23:44:32.315  1280  1280 I GoogleInputMethodService: GoogleInputMethodService.onStartInput():1947
05-18 23:44:32.316  1280  1280 I DeviceUnlockedTag: DeviceUnlockedTag.notifyDeviceLockStatusChanged():79 Notify device unlocked.
05-18 23:44:32.321  7384  7413 D EGL_emulation: app_time_stats: avg=368.57ms min=3.26ms max=2336.46ms count=8
05-18 23:44:32.341  7384  7384 D LifecycleMonitor: Lifecycle status change: it.feio.android.omninotes.MainActivity@e748b5 in: STOPPED
05-18 23:44:32.343  7384  7384 D AutofillManager: onActivityFinishing(): calling cancelLocked()
05-18 23:44:32.345   919   919 V InlineSuggestionRenderService: handleDestroySuggestionViews called for 0:346788166
05-18 23:44:32.347  7384  7384 D LifecycleMonitor: Lifecycle status change: it.feio.android.omninotes.MainActivity@e748b5 in: DESTROYED
05-18 23:44:32.348   515  2939 W InputManager-JNI: Input channel object 'b699a92 it.feio.android.omninotes.alpha/it.feio.android.omninotes.MainActivity (client)' was disposed without first being removed with the input manager!
05-18 23:44:32.356  7384  7405 I TestRunner: finished: accessAppWithPasswordTest(it.feio.android.omninotes.ui.accessOmniNotePasswordTest)
